Archive member included to satisfy reference by file (symbol)

third_party/libDaisy/build/libdaisy.a(daisy_seed.o)
                              build/main.o (symbol from plugin) (daisy::DaisySeed::StartAudio(void (*)(float const* const*, float**, unsigned int)))
third_party/libDaisy/build/libdaisy.a(codec_ak4556.o)
                              third_party/libDaisy/build/libdaisy.a(daisy_seed.o) (daisy::Ak4556::Init(daisy::Pin))
third_party/libDaisy/build/libdaisy.a(codec_wm8731.o)
                              third_party/libDaisy/build/libdaisy.a(daisy_seed.o) (daisy::Wm8731::Init(daisy::Wm8731::Config const&, daisy::I2CHandle))
third_party/libDaisy/build/libdaisy.a(sdram.o)
                              third_party/libDaisy/build/libdaisy.a(daisy_seed.o) (SdramHandle::Init())
third_party/libDaisy/build/libdaisy.a(audio.o)
                              third_party/libDaisy/build/libdaisy.a(daisy_seed.o) (daisy::AudioHandle::Init(daisy::AudioHandle::Config const&, daisy::SaiHandle))
third_party/libDaisy/build/libdaisy.a(encoder.o)
                              build/controls.o (symbol from plugin) (daisy::Encoder::Init(daisy::Pin, daisy::Pin, daisy::Pin, float))
third_party/libDaisy/build/libdaisy.a(midi.o)
                              build/main.o (symbol from plugin) (daisy::MidiUartTransport::Config::Config())
third_party/libDaisy/build/libdaisy.a(midi_parser.o)
                              build/midi_handler.o (symbol from plugin) (daisy::MidiParser::Parse(unsigned char, daisy::MidiEvent*))
third_party/libDaisy/build/libdaisy.a(switch.o)
                              third_party/libDaisy/build/libdaisy.a(encoder.o) (daisy::Switch::Init(daisy::Pin, float))
third_party/libDaisy/build/libdaisy.a(usb_midi.o)
                              build/midi_handler.o (symbol from plugin) (daisy::MidiUsbTransport::Init(daisy::MidiUsbTransport::Config))
third_party/libDaisy/build/libdaisy.a(gpio.o)
                              third_party/libDaisy/build/libdaisy.a(daisy_seed.o) (daisy::GPIO::Init(daisy::GPIO::Config const&))
third_party/libDaisy/build/libdaisy.a(i2c.o)
                              third_party/libDaisy/build/libdaisy.a(daisy_seed.o) (daisy::I2CHandle::Init(daisy::I2CHandle::Config const&))
third_party/libDaisy/build/libdaisy.a(qspi.o)
                              third_party/libDaisy/build/libdaisy.a(daisy_seed.o) (daisy::QSPIHandle::Init(daisy::QSPIHandle::Config const&))
third_party/libDaisy/build/libdaisy.a(sai.o)
                              third_party/libDaisy/build/libdaisy.a(daisy_seed.o) (daisy::SaiHandle::Init(daisy::SaiHandle::Config const&))
third_party/libDaisy/build/libdaisy.a(spi.o)
                              build/st7789_driver.o (symbol from plugin) (daisy::SpiHandle::Init(daisy::SpiHandle::Config const&))
third_party/libDaisy/build/libdaisy.a(tim.o)
                              build/controls.o (symbol from plugin) (daisy::TimerHandle::Init(daisy::TimerHandle::Config const&))
third_party/libDaisy/build/libdaisy.a(uart.o)
                              build/midi_handler.o (symbol from plugin) (daisy::UartHandler::Init(daisy::UartHandler::Config const&))
third_party/libDaisy/build/libdaisy.a(dma.o)
                              build/midi_handler.o (symbol from plugin) (dsy_dma_clear_cache_for_buffer)
third_party/libDaisy/build/libdaisy.a(system.o)
                              third_party/libDaisy/build/libdaisy.a(daisy_seed.o) (daisy::System::DeInit())
third_party/libDaisy/build/libdaisy.a(usbd_conf.o)
                              third_party/libDaisy/build/libdaisy.a(system.o) (hpcd_USB_OTG_HS)
third_party/libDaisy/build/libdaisy.a(usbh_conf.o)
                              third_party/libDaisy/build/libdaisy.a(system.o) (hhcd_USB_OTG_HS)
third_party/libDaisy/build/libdaisy.a(oled_fonts.o)
                              build/display_manager.o (symbol from plugin) (Font_7x10)
third_party/libDaisy/build/libdaisy.a(stm32h7xx_hal.o)
                              third_party/libDaisy/build/libdaisy.a(system.o) (HAL_Init)
third_party/libDaisy/build/libdaisy.a(stm32h7xx_hal_cortex.o)
                              third_party/libDaisy/build/libdaisy.a(stm32h7xx_hal.o) (HAL_NVIC_SetPriorityGrouping)
third_party/libDaisy/build/libdaisy.a(stm32h7xx_hal_dma.o)
                              third_party/libDaisy/build/libdaisy.a(i2c.o) (HAL_DMA_Init)
third_party/libDaisy/build/libdaisy.a(stm32h7xx_hal_gpio.o)
                              third_party/libDaisy/build/libdaisy.a(sdram.o) (HAL_GPIO_Init)
third_party/libDaisy/build/libdaisy.a(stm32h7xx_hal_hcd.o)
                              third_party/libDaisy/build/libdaisy.a(usbh_conf.o) (HAL_HCD_HC_Init)
third_party/libDaisy/build/libdaisy.a(stm32h7xx_hal_i2c.o)
                              third_party/libDaisy/build/libdaisy.a(i2c.o) (HAL_I2C_Init)
third_party/libDaisy/build/libdaisy.a(stm32h7xx_hal_i2c_ex.o)
                              third_party/libDaisy/build/libdaisy.a(i2c.o) (HAL_I2CEx_ConfigAnalogFilter)
[...]
Memory Configuration

Name             Origin             Length             Attributes
FLASH            0x08000000         0x00020000         xr
DTCMRAM          0x20000000         0x00020000         xrw
SRAM             0x24000000         0x00080000         xrw
RAM_D2_DMA       0x30000000         0x00008000         xrw
RAM_D2           0x30008000         0x00040000         xrw
RAM_D3           0x38000000         0x00010000         xrw
BACKUP_SRAM      0x38800000         0x00001000         xrw
ITCMRAM          0x00000000         0x00010000         xrw
SDRAM            0xc0000000         0x04000000         xrw
QSPIFLASH        0x90040000         0x007c0000         xr
*default*        0x00000000         0xffffffff

Linker script and memory map

LOAD /Applications/ArmGNUToolchain/15.2.rel1/arm-none-eabi/bin/../lib/gcc/arm-none-eabi/15.2.1/thumb/v7e-m+dp/hard/crti.o
LOAD /Applications/ArmGNUToolchain/15.2.rel1/arm-none-eabi/bin/../lib/gcc/arm-none-eabi/15.2.1/thumb/v7e-m+dp/hard/crtbegin.o
LOAD /Applications/ArmGNUToolchain/15.2.rel1/arm-none-eabi/bin/../lib/gcc/arm-none-eabi/15.2.1/../../../../arm-none-eabi/lib/thumb/v7e-m+dp/hard/crt0.o
LOAD build/startup_stm32h750xx.o
LOAD /var/folders/bl/95skd8cn3gn502mjcf4ms5700000gn/T//cc1zCUVI.ltrans0.ltrans.o
LOAD /var/folders/bl/95skd8cn3gn502mjcf4ms5700000gn/T//ccodfcjt.debug.temp.o
LOAD /var/folders/bl/95skd8cn3gn502mjcf4ms5700000gn/T//ccC3AwKO.debug.temp.o
LOAD /var/folders/bl/95skd8cn3gn502mjcf4ms5700000gn/T//ccztvnAG.debug.temp.o
LOAD /var/folders/bl/95skd8cn3gn502mjcf4ms5700000gn/T//ccU1Ddwt.debug.temp.o
LOAD /var/folders/bl/95skd8cn3gn502mjcf4ms5700000gn/T//ccYwENmv.debug.temp.o
LOAD /var/folders/bl/95skd8cn3gn502mjcf4ms5700000gn/T//ccgoOWKc.debug.temp.o
LOAD /var/folders/bl/95skd8cn3gn502mjcf4ms5700000gn/T//ccX40Gsq.debug.temp.o
LOAD /var/folders/bl/95skd8cn3gn502mjcf4ms5700000gn/T//ccN64wgL.debug.temp.o
LOAD /var/folders/bl/95skd8cn3gn502mjcf4ms5700000gn/T//ccDfuPHB.debug.temp.o
LOAD /var/folders/bl/95skd8cn3gn502mjcf4ms5700000gn/T//cc7iNoVj.debug.temp.o
LOAD /var/folders/bl/95skd8cn3gn502mjcf4ms5700000gn/T//ccwX0soq.debug.temp.o
LOAD /var/folders/bl/95skd8cn3gn502mjcf4ms5700000gn/T//cc16cx1M.debug.temp.o
LOAD /var/folders/bl/95skd8cn3gn502mjcf4ms5700000gn/T//ccg3AGIa.debug.temp.o
LOAD /var/folders/bl/95skd8cn3gn502mjcf4ms5700000gn/T//ccN51lFj.debug.temp.o
LOAD /var/folders/bl/95skd8cn3gn502mjcf4ms5700000gn/T//ccIAhfzJ.debug.temp.o
LOAD /var/folders/bl/95skd8cn3gn502mjcf4ms5700000gn/T//ccIsJrVN.debug.temp.o
LOAD /var/folders/bl/95skd8cn3gn502mjcf4ms5700000gn/T//ccY05hdS.debug.temp.o
LOAD /var/folders/bl/95skd8cn3gn502mjcf4ms5700000gn/T//cce3rNc6.debug.temp.o
LOAD /var/folders/bl/95skd8cn3gn502mjcf4ms5700000gn/T//ccPGs2Nj.debug.temp.o
LOAD /var/folders/bl/95skd8cn3gn502mjcf4ms5700000gn/T//ccdWZBDu.debug.temp.o
LOAD /var/folders/bl/95skd8cn3gn502mjcf4ms5700000gn/T//ccMU9qya.debug.temp.o
LOAD /var/folders/bl/95skd8cn3gn502mjcf4ms5700000gn/T//ccYzZt03.debug.temp.o
LOAD /var/folders/bl/95skd8cn3gn502mjcf4ms5700000gn/T//ccPqd8QA.debug.temp.o
LOAD /var/folders/bl/95skd8cn3gn502mjcf4ms5700000gn/T//ccUhm36P.debug.temp.o
LOAD /var/folders/bl/95skd8cn3gn502mjcf4ms5700000gn/T//ccKmnPDt.debug.temp.o
LOAD /var/folders/bl/95skd8cn3gn502mjcf4ms5700000gn/T//cckFEBlG.debug.temp.o
LOAD /var/folders/bl/95skd8cn3gn502mjcf4ms5700000gn/T//cczXek3m.debug.temp.o
LOAD /var/folders/bl/95skd8cn3gn502mjcf4ms5700000gn/T//ccyf9oER.debug.temp.o
LOAD /var/folders/bl/95skd8cn3gn502mjcf4ms5700000gn/T//ccGqffE2.debug.temp.o
LOAD /var/folders/bl/95skd8cn3gn502mjcf4ms5700000gn/T//ccNNMpuB.debug.temp.o
LOAD /var/folders/bl/95skd8cn3gn502mjcf4ms5700000gn/T//ccuTNa90.debug.temp.o
LOAD /var/folders/bl/95skd8cn3gn502mjcf4ms5700000gn/T//cczCGvTp.debug.temp.o
LOAD /var/folders/bl/95skd8cn3gn502mjcf4ms5700000gn/T//ccZfPqw5.debug.temp.o
LOAD /var/folders/bl/95skd8cn3gn502mjcf4ms5700000gn/T//ccVYWpQw.debug.temp.o
LOAD /var/folders/bl/95skd8cn3gn502mjcf4ms5700000gn/T//ccFj3TSm.debug.temp.o
LOAD /var/folders/bl/95skd8cn3gn502mjcf4ms5700000gn/T//ccBMGCAO.debug.temp.o
LOAD /var/folders/bl/95skd8cn3gn502mjcf4ms5700000gn/T//ccLYgYWZ.debug.temp.o
LOAD /var/folders/bl/95skd8cn3gn502mjcf4ms5700000gn/T//ccZb6oTD.debug.temp.o
LOAD /var/folders/bl/95skd8cn3gn502mjcf4ms5700000gn/T//ccQOa7Bn.debug.temp.o
LOAD /var/folders/bl/95skd8cn3gn502mjcf4ms5700000gn/T//ccZTNewU.debug.temp.o
LOAD build/main.o
LOAD build/controls.o
LOAD build/audio_engine.o
LOAD build/delay_param_set.o
LOAD build/delay_param_map.o
LOAD build/mod_param_set.o
LOAD build/mod_param_map.o
LOAD build/reverb_param_set.o
LOAD build/reverb_param_map.o
LOAD build/delay_line_sdram.o
LOAD build/envelope_follower.o
LOAD build/lfo.o
LOAD build/tone_filter.o
LOAD build/fdn.o
LOAD build/pitch_shifter.o
LOAD build/digital_delay.o
LOAD build/tape_delay.o
LOAD build/dual_delay.o
LOAD build/filter_delay.o
LOAD build/delay_mode_registry.o
LOAD build/chorus_mode.o
LOAD build/flanger_mode.o
LOAD build/rotary_mode.o
LOAD build/vibe_mode.o
LOAD build/phaser_mode.o
LOAD build/vintage_trem_mode.o
LOAD build/mod_mode_registry.o
LOAD build/room_reverb.o
LOAD build/hall_reverb.o
LOAD build/plate_reverb.o
LOAD build/spring_reverb.o
LOAD build/reverb_mode_registry.o
LOAD build/midi_handler.o
LOAD build/st7789_driver.o
LOAD build/display_renderer.o
LOAD build/display_manager.o
LOAD build/preset_manager.o
LOAD build/tap_tempo.o
LOAD build/tempo_sync.o
LOAD third_party/libDaisy/build/libdaisy.a
LOAD /Applications/ArmGNUToolchain/15.2.rel1/arm-none-eabi/bin/../lib/gcc/arm-none-eabi/15.2.1/../../../../arm-none-eabi/lib/thumb/v7e-m+dp/hard/libnosys.a
LOAD third_party/DaisySP/build/libdaisysp.a
LOAD /Applications/ArmGNUToolchain/15.2.rel1/arm-none-eabi/bin/../lib/gcc/arm-none-eabi/15.2.1/../../../../arm-none-eabi/lib/thumb/v7e-m+dp/hard/libstdc++_nano.a
LOAD /Applications/ArmGNUToolchain/15.2.rel1/arm-none-eabi/bin/../lib/gcc/arm-none-eabi/15.2.1/../../../../arm-none-eabi/lib/thumb/v7e-m+dp/hard/libm.a
LOAD /Applications/ArmGNUToolchain/15.2.rel1/arm-none-eabi/bin/../lib/gcc/arm-none-eabi/15.2.1/../../../../arm-none-eabi/lib/thumb/v7e-m+dp/hard/libc_nano.a
START GROUP
LOAD /Applications/ArmGNUToolchain/15.2.rel1/arm-none-eabi/bin/../lib/gcc/arm-none-eabi/15.2.1/thumb/v7e-m+dp/hard/libgcc.a
LOAD /Applications/ArmGNUToolchain/15.2.rel1/arm-none-eabi/bin/../lib/gcc/arm-none-eabi/15.2.1/../../../../arm-none-eabi/lib/thumb/v7e-m+dp/hard/libc_nano.a
END GROUP
START GROUP
LOAD /Applications/ArmGNUToolchain/15.2.rel1/arm-none-eabi/bin/../lib/gcc/arm-none-eabi/15.2.1/thumb/v7e-m+dp/hard/libgcc.a
LOAD /Applications/ArmGNUToolchain/15.2.rel1/arm-none-eabi/bin/../lib/gcc/arm-none-eabi/15.2.1/../../../../arm-none-eabi/lib/thumb/v7e-m+dp/hard/libc_nano.a
LOAD /Applications/ArmGNUToolchain/15.2.rel1/arm-none-eabi/bin/../lib/gcc/arm-none-eabi/15.2.1/../../../../arm-none-eabi/lib/thumb/v7e-m+dp/hard/libnosys.a
END GROUP
START GROUP
LOAD /Applications/ArmGNUToolchain/15.2.rel1/arm-none-eabi/bin/../lib/gcc/arm-none-eabi/15.2.1/thumb/v7e-m+dp/hard/libgcc.a
LOAD /Applications/ArmGNUToolchain/15.2.rel1/arm-none-eabi/bin/../lib/gcc/arm-none-eabi/15.2.1/../../../../arm-none-eabi/lib/thumb/v7e-m+dp/hard/libc_nano.a
LOAD /Applications/ArmGNUToolchain/15.2.rel1/arm-none-eabi/bin/../lib/gcc/arm-none-eabi/15.2.1/../../../../arm-none-eabi/lib/thumb/v7e-m+dp/hard/libnosys.a
END GROUP
LOAD /Applications/ArmGNUToolchain/15.2.rel1/arm-none-eabi/bin/../lib/gcc/arm-none-eabi/15.2.1/thumb/v7e-m+dp/hard/crtend.o
LOAD /Applications/ArmGNUToolchain/15.2.rel1/arm-none-eabi/bin/../lib/gcc/arm-none-eabi/15.2.1/thumb/v7e-m+dp/hard/crtn.o
                0x20020000                        _estack = 0x20020000

.isr_vector     0x90040000      0x298
                0x90040000                        . = ALIGN (0x4)
 *(.isr_vector)
 .isr_vector    0x90040000      0x298 /var/folders/bl/95skd8cn3gn502mjcf4ms5700000gn/T//cc1zCUVI.ltrans0.ltrans.o
                0x90040000                g_pfnVectors
                0x90040298                        . = ALIGN (0x4)

.text           0x900402a0    0x1d568
                0x900402a0                        . = ALIGN (0x4)
                0x900402a0                        _stext = .
 *(.text)
 .text          0x900402a0     0x3bc0 /var/folders/bl/95skd8cn3gn502mjcf4ms5700000gn/T//cc1zCUVI.ltrans0.ltrans.o
                0x90043e1c                Reset_Handler
 .text          0x90043e60       0x10 /Applications/ArmGNUToolchain/15.2.rel1/arm-none-eabi/bin/../lib/gcc/arm-none-eabi/15.2.1/../../../../arm-none-eabi/lib/thumb/v7e-m+dp/hard/libc_nano.a(libc_a-strlen.o)
                0x90043e60                strlen
 .text          0x90043e70       0xa0 /Applications/ArmGNUToolchain/15.2.rel1/arm-none-eabi/bin/../lib/gcc/arm-none-eabi/15.2.1/../../../../arm-none-eabi/lib/thumb/v7e-m+dp/hard/libc_nano.a(libc_a-memchr.o)
                0x90043e70                memchr
 .text          0x90043f10       0x30 /Applications/ArmGNUToolchain/15.2.rel1/arm-none-eabi/bin/../lib/gcc/arm-none-eabi/15.2.1/thumb/v7e-m+dp/hard/libgcc.a(_aeabi_uldivmod.o)
                0x90043f10                __aeabi_uldivmod
 .text          0x90043f40        0x4 /Applications/ArmGNUToolchain/15.2.rel1/arm-none-eabi/bin/../lib/gcc/arm-none-eabi/15.2.1/thumb/v7e-m+dp/hard/libgcc.a(_dvmd_tls.o)
                0x90043f40                __aeabi_ldiv0
                0x90043f40                __aeabi_idiv0
 *(.text*)
 .text.deregister_tm_clones
                0x90043f44       0x1c /Applications/ArmGNUToolchain/15.2.rel1/arm-none-eabi/bin/../lib/gcc/arm-none-eabi/15.2.1/thumb/v7e-m+dp/hard/crtbegin.o
 .text.register_tm_clones
                0x90043f60       0x24 /Applications/ArmGNUToolchain/15.2.rel1/arm-none-eabi/bin/../lib/gcc/arm-none-eabi/15.2.1/thumb/v7e-m+dp/hard/crtbegin.o
 .text.__do_global_dtors_aux
                0x90043f84       0x28 /Applications/ArmGNUToolchain/15.2.rel1/arm-none-eabi/bin/../lib/gcc/arm-none-eabi/15.2.1/thumb/v7e-m+dp/hard/crtbegin.o
 .text.frame_dummy
                0x90043fac       0x24 /Applications/ArmGNUToolchain/15.2.rel1/arm-none-eabi/bin/../lib/gcc/arm-none-eabi/15.2.1/thumb/v7e-m+dp/hard/crtbegin.o
 .text.startup  0x90043fd0     0x1628 /var/folders/bl/95skd8cn3gn502mjcf4ms5700000gn/T//cc1zCUVI.ltrans0.ltrans.o
                0x90043fd0                main
 .text._ZN5daisy9DaisySeed10StartAudioEPFvPKPKfPPfjE
                0x900455f8        0x8 third_party/libDaisy/build/libdaisy.a(daisy_seed.o)
                0x900455f8                daisy::DaisySeed::StartAudio(void (*)(float const* const*, float**, unsigned int))
 .text._ZN5daisy9DaisySeed18SetAudioSampleRateENS_9SaiHandle6Config10SampleRateE
                0x90045600       0x38 third_party/libDaisy/build/libdaisy.a(daisy_seed.o)
                0x90045600                daisy::DaisySeed::SetAudioSampleRate(daisy::SaiHandle::Config::SampleRate)
 .text._ZN5daisy9DaisySeed17SetAudioBlockSizeEj
                0x90045638       0x38 third_party/libDaisy/build/libdaisy.a(daisy_seed.o)
                0x90045638                daisy::DaisySeed::SetAudioBlockSize(unsigned int)
 .text._ZN5daisy9DaisySeed17CheckBoardVersionEv
                0x90045670       0x68 third_party/libDaisy/build/libdaisy.a(daisy_seed.o)
                0x90045670                daisy::DaisySeed::CheckBoardVersion()
 .text._ZN5daisy9DaisySeed14ConfigureAudioEv
                0x900456d8      0x104 third_party/libDaisy/build/libdaisy.a(daisy_seed.o)
                0x900456d8                daisy::DaisySeed::ConfigureAudio()
 .text._ZN5daisy9DaisySeed4InitEb
                0x900457dc       0xec third_party/libDaisy/build/libdaisy.a(daisy_seed.o)
                0x900457dc                daisy::DaisySeed::Init(bool)
 .text._ZN5daisy6Ak45564InitENS_3PinE
                0x900458c8       0x40 third_party/libDaisy/build/libdaisy.a(codec_ak4556.o)
                0x900458c8                daisy::Ak4556::Init(daisy::Pin)
 .text._ZN5daisy6Wm873120WriteControlRegisterEht
                0x90045908       0x3c third_party/libDaisy/build/libdaisy.a(codec_wm8731.o)
                0x90045908                daisy::Wm8731::WriteControlRegister(unsigned char, unsigned short)
 .text._ZN5daisy6Wm87314InitERKNS0_6ConfigENS_9I2CHandleE
                0x90045944      0x1b0 third_party/libDaisy/build/libdaisy.a(codec_wm8731.o)
                0x90045944                daisy::Wm8731::Init(daisy::Wm8731::Config const&, daisy::I2CHandle)
 .text._ZN11SdramHandle10DeviceInitEv
                0x90045af4       0x88 third_party/libDaisy/build/libdaisy.a(sdram.o)
                0x90045af4                SdramHandle::DeviceInit()
 *fill*         0x90045b7c        0x4 
 .text._ZN11SdramHandle4InitEv
                0x90045b80       0x88 third_party/libDaisy/build/libdaisy.a(sdram.o)
                0x90045b80                SdramHandle::Init()
 .text.HAL_SDRAM_MspInit
                0x90045c08      0x19c third_party/libDaisy/build/libdaisy.a(sdram.o)
                0x90045c08                HAL_SDRAM_MspInit
 .text._ZN5daisy11AudioHandle4Impl16InternalCallbackEPlS2_j
                0x90045da4      0xdac third_party/libDaisy/build/libdaisy.a(audio.o)
                0x90045da4                daisy::AudioHandle::Impl::InternalCallback(long*, long*, unsigned int)
 .text._ZN5daisy11AudioHandle4InitERKNS0_6ConfigENS_9SaiHandleE
                0x90046b50       0x74 third_party/libDaisy/build/libdaisy.a(audio.o)
                0x90046b50                daisy::AudioHandle::Init(daisy::AudioHandle::Config const&, daisy::SaiHandle)
 .text._ZNK5daisy11AudioHandle9GetConfigEv
                0x90046bc4        0x8 third_party/libDaisy/build/libdaisy.a(audio.o)
                0x90046bc4                daisy::AudioHandle::GetConfig() const
 .text._ZN5daisy11AudioHandle12SetBlockSizeEj
                0x90046bcc       0x1c third_party/libDaisy/build/libdaisy.a(audio.o)
                0x90046bcc                daisy::AudioHandle::SetBlockSize(unsigned int)
 .text._ZN5daisy11AudioHandle13GetSampleRateEv
                0x90046be8        0x8 third_party/libDaisy/build/libdaisy.a(audio.o)
                0x90046be8                daisy::AudioHandle::GetSampleRate()
 .text._ZN5daisy11AudioHandle13SetSampleRateENS_9SaiHandle6Config10SampleRateE
                0x90046bf0       0xa8 third_party/libDaisy/build/libdaisy.a(audio.o)
                0x90046bf0                daisy::AudioHandle::SetSampleRate(daisy::SaiHandle::Config::SampleRate)
 .text._ZN5daisy11AudioHandle5StartEPFvPKPKfPPfjE
                0x90046c98       0x44 third_party/libDaisy/build/libdaisy.a(audio.o)
                0x90046c98                daisy::AudioHandle::Start(void (*)(float const* const*, float**, unsigned int))
 .text.startup._GLOBAL__sub_I__ZN5daisy11AudioHandle4Impl4InitENS0_6ConfigENS_9SaiHandleE
                0x90046cdc       0x20 third_party/libDaisy/build/libdaisy.a(audio.o)
 .text._ZN5daisy7Encoder4InitENS_3PinES1_S1_f
                0x90046cfc       0x5c third_party/libDaisy/build/libdaisy.a(encoder.o)
                0x90046cfc                daisy::Encoder::Init(daisy::Pin, daisy::Pin, daisy::Pin, float)
 .text._ZN5daisy7Encoder8DebounceEv
                0x90046d58       0x84 third_party/libDaisy/build/libdaisy.a(encoder.o)
                0x90046d58                daisy::Encoder::Debounce()
 .text._ZN5daisy17MidiUartTransport6ConfigC2Ev
                0x90046ddc       0x28 third_party/libDaisy/build/libdaisy.a(midi.o)
                0x90046ddc                daisy::MidiUartTransport::Config::Config()
                0x90046ddc                daisy::MidiUartTransport::Config::Config()
 .text._ZN5daisy10MidiParser5ParseEhPNS_9MidiEventE
                0x90046e04      0x19c third_party/libDaisy/build/libdaisy.a(midi_parser.o)
                0x90046e04                daisy::MidiParser::Parse(unsigned char, daisy::MidiEvent*)
 .text._ZN5daisy10MidiParser5ResetEv
                0x90046fa0        0xc third_party/libDaisy/build/libdaisy.a(midi_parser.o)
                0x90046fa0                daisy::MidiParser::Reset()
 .text._ZN5daisy6Switch4InitENS_3PinEf
                0x90046fac       0x2c third_party/libDaisy/build/libdaisy.a(switch.o)
                0x90046fac                daisy::Switch::Init(daisy::Pin, float)
 .text._ZN5daisy6Switch8DebounceEv
                0x90046fd8       0x48 third_party/libDaisy/build/libdaisy.a(switch.o)
                0x90046fd8                daisy::Switch::Debounce()
 .text._ZN5daisy16MidiUsbTransport4Impl5ParseEv
                0x90047020       0x74 third_party/libDaisy/build/libdaisy.a(usb_midi.o)
                0x90047020                daisy::MidiUsbTransport::Impl::Parse()
 .text._Z15ReceiveCallbackPhPm
                0x90047094       0x98 third_party/libDaisy/build/libdaisy.a(usb_midi.o)
                0x90047094                ReceiveCallback(unsigned char*, unsigned long*)
 .text._ZL19HostReceiveCallbackPhjPv
                0x9004712c       0x94 third_party/libDaisy/build/libdaisy.a(usb_midi.o)
 .text._ZN5daisy16MidiUsbTransport4InitENS0_6ConfigE
                0x900471c0       0x78 third_party/libDaisy/build/libdaisy.a(usb_midi.o)
                0x900471c0                daisy::MidiUsbTransport::Init(daisy::MidiUsbTransport::Config)
 .text._ZN5daisy16MidiUsbTransport7StartRxEPFvPhjPvES2_
                0x90047238       0x1c third_party/libDaisy/build/libdaisy.a(usb_midi.o)
                0x90047238                daisy::MidiUsbTransport::StartRx(void (*)(unsigned char*, unsigned int, void*), void*)
 .text._ZN5daisy16MidiUsbTransport8RxActiveEv
                0x90047254        0x8 third_party/libDaisy/build/libdaisy.a(usb_midi.o)
                0x90047254                daisy::MidiUsbTransport::RxActive()
 .text._ZN5daisy16MidiUsbTransport7FlushRxEv
                0x9004725c        0xc third_party/libDaisy/build/libdaisy.a(usb_midi.o)
                0x9004725c                daisy::MidiUsbTransport::FlushRx()
 .text.startup._GLOBAL__sub_I__Z15ReceiveCallbackPhPm
                0x90047268       0x4c third_party/libDaisy/build/libdaisy.a(usb_midi.o)
 .text._ZN5daisy4GPIO4InitERKNS0_6ConfigE
                0x900472b4      0x220 third_party/libDaisy/build/libdaisy.a(gpio.o)
                0x900472b4                daisy::GPIO::Init(daisy::GPIO::Config const&)
 .text._ZN5daisy4GPIO4InitENS_3PinENS0_4ModeENS0_4PullENS0_5SpeedE
                0x900474d4      0x224 third_party/libDaisy/build/libdaisy.a(gpio.o)
                0x900474d4                daisy::GPIO::Init(daisy::Pin, daisy::GPIO::Mode, daisy::GPIO::Pull, daisy::GPIO::Speed)
 .text._ZN5daisy4GPIO4ReadEv
                0x900476f8       0x18 third_party/libDaisy/build/libdaisy.a(gpio.o)
                0x900476f8                daisy::GPIO::Read()
 .text._ZN5daisy4GPIO5WriteEb
                0x90047710       0x14 third_party/libDaisy/build/libdaisy.a(gpio.o)
                0x90047710                daisy::GPIO::Write(bool)
 .text._ZN5daisy9I2CHandle4Impl8InitPinsEv
                0x90047724       0x70 third_party/libDaisy/build/libdaisy.a(i2c.o)
                0x90047724                daisy::I2CHandle::Impl::InitPins()
 .text.HAL_I2C_MspInit
                0x90047794      0x1c8 third_party/libDaisy/build/libdaisy.a(i2c.o)
                0x90047794                HAL_I2C_MspInit
 .text.dsy_i2c_global_init
                0x9004795c       0x40 third_party/libDaisy/build/libdaisy.a(i2c.o)
                0x9004795c                dsy_i2c_global_init
 .text.DMA1_Stream6_IRQHandler
                0x9004799c       0x40 third_party/libDaisy/build/libdaisy.a(i2c.o)
                0x9004799c                DMA1_Stream6_IRQHandler
 .text.I2C1_EV_IRQHandler
                0x900479dc        0xc third_party/libDaisy/build/libdaisy.a(i2c.o)
                0x900479dc                I2C1_EV_IRQHandler
 .text.I2C2_EV_IRQHandler
                0x900479e8        0xc third_party/libDaisy/build/libdaisy.a(i2c.o)
                0x900479e8                I2C2_EV_IRQHandler
 .text.I2C3_EV_IRQHandler
                0x900479f4        0xc third_party/libDaisy/build/libdaisy.a(i2c.o)
                0x900479f4                I2C3_EV_IRQHandler
 .text._ZN5daisy9I2CHandle4InitERKNS0_6ConfigE
                0x90047a00      0x130 third_party/libDaisy/build/libdaisy.a(i2c.o)
                0x90047a00                daisy::I2CHandle::Init(daisy::I2CHandle::Config const&)
 .text._ZN5daisy9I2CHandle16TransmitBlockingEtPhtm
                0x90047b30       0x50 third_party/libDaisy/build/libdaisy.a(i2c.o)
                0x90047b30                daisy::I2CHandle::TransmitBlocking(unsigned short, unsigned char*, unsigned short, unsigned long)
 .text.startup._GLOBAL__sub_I__ZN5daisy9I2CHandle4Impl10GlobalInitEv
                0x90047b80       0x2c third_party/libDaisy/build/libdaisy.a(i2c.o)
 .text._ZN5daisy10QSPIHandle4Impl11WriteEnableEv
                0x90047bac       0x8c third_party/libDaisy/build/libdaisy.a(qspi.o)
                0x90047bac                daisy::QSPIHandle::Impl::WriteEnable()
 .text._ZN5daisy10QSPIHandle4Impl17DummyCyclesConfigENS0_6Config6DeviceE
                0x90047c38      0x108 third_party/libDaisy/build/libdaisy.a(qspi.o)
                0x90047c38                daisy::QSPIHandle::Impl::DummyCyclesConfig(daisy::QSPIHandle::Config::Device)
 .text._ZN5daisy10QSPIHandle4Impl10QuadEnableEv
                0x90047d40      0x140 third_party/libDaisy/build/libdaisy.a(qspi.o)
                0x90047d40                daisy::QSPIHandle::Impl::QuadEnable()
 .text._ZN5daisy10QSPIHandle4Impl21DefaultStatusRegisterEv
                0x90047e80      0x140 third_party/libDaisy/build/libdaisy.a(qspi.o)
                0x90047e80                daisy::QSPIHandle::Impl::DefaultStatusRegister()
 .text._ZN5daisy10QSPIHandle4Impl7PreInitEm
                0x90047fc0      0x1a0 third_party/libDaisy/build/libdaisy.a(qspi.o)
                0x90047fc0                daisy::QSPIHandle::Impl::PreInit(unsigned long)
 .text._ZN5daisy10QSPIHandle4Impl4InitERKNS0_6ConfigE
                0x90048160      0x1bc third_party/libDaisy/build/libdaisy.a(qspi.o)
                0x90048160                daisy::QSPIHandle::Impl::Init(daisy::QSPIHandle::Config const&)
 *fill*         0x9004831c        0x4 
 .text._ZN5daisy10QSPIHandle4Impl7SetModeENS0_6Config4ModeE
                0x90048320      0x1ac third_party/libDaisy/build/libdaisy.a(qspi.o)
                0x90048320                daisy::QSPIHandle::Impl::SetMode(daisy::QSPIHandle::Config::Mode)
 *fill*         0x900484cc        0x4 
 .text._ZN5daisy10QSPIHandle4Impl9WritePageEmmPhb
                0x900484d0      0x1a8 third_party/libDaisy/build/libdaisy.a(qspi.o)
                0x900484d0                daisy::QSPIHandle::Impl::WritePage(unsigned long, unsigned long, unsigned char*, bool)
 .text._ZN5daisy10QSPIHandle4Impl5WriteEmmPh
                0x90048678      0x300 third_party/libDaisy/build/libdaisy.a(qspi.o)
                0x90048678                daisy::QSPIHandle::Impl::Write(unsigned long, unsigned long, unsigned char*)
 .text._ZN5daisy10QSPIHandle4InitERKNS0_6ConfigE
                0x90048978      0x1b4 third_party/libDaisy/build/libdaisy.a(qspi.o)
                0x90048978                daisy::QSPIHandle::Init(daisy::QSPIHandle::Config const&)
 .text._ZN5daisy10QSPIHandle5WriteEmmPh
                0x90048b2c        0x8 third_party/libDaisy/build/libdaisy.a(qspi.o)
                0x90048b2c                daisy::QSPIHandle::Write(unsigned long, unsigned long, unsigned char*)
 *fill*         0x90048b34        0x4 
 .text._ZN5daisy10QSPIHandle5EraseEmm
                0x90048b38      0x1dc third_party/libDaisy/build/libdaisy.a(qspi.o)
                0x90048b38                daisy::QSPIHandle::Erase(unsigned long, unsigned long)
 .text._ZN5daisy10QSPIHandle7GetDataEm
                0x90048d14        0xc third_party/libDaisy/build/libdaisy.a(qspi.o)
                0x90048d14                daisy::QSPIHandle::GetData(unsigned long)
 .text.HAL_QSPI_MspInit
                0x90048d20      0x17c third_party/libDaisy/build/libdaisy.a(qspi.o)
                0x90048d20                HAL_QSPI_MspInit
 .text.HAL_QSPI_MspDeInit
                0x90048e9c      0x154 third_party/libDaisy/build/libdaisy.a(qspi.o)
                0x90048e9c                HAL_QSPI_MspDeInit
 .text.QUADSPI_IRQHandler
                0x90048ff0        0xc third_party/libDaisy/build/libdaisy.a(qspi.o)
                0x90048ff0                QUADSPI_IRQHandler
 .text.startup._GLOBAL__sub_I__ZN5daisy10QSPIHandle4Impl7PreInitEm
                0x90048ffc       0x48 third_party/libDaisy/build/libdaisy.a(qspi.o)
 .text._ZN5daisy9SaiHandle4Impl8InitPinsEv
                0x90049044       0xc8 third_party/libDaisy/build/libdaisy.a(sai.o)
                0x90049044                daisy::SaiHandle::Impl::InitPins()
 .text.HAL_SAI_MspInit
                0x9004910c      0x2e0 third_party/libDaisy/build/libdaisy.a(sai.o)
                0x9004910c                HAL_SAI_MspInit
 .text.DMA1_Stream0_IRQHandler
                0x900493ec        0xc third_party/libDaisy/build/libdaisy.a(sai.o)
                0x900493ec                DMA1_Stream0_IRQHandler
 .text.DMA1_Stream1_IRQHandler
                0x900493f8        0xc third_party/libDaisy/build/libdaisy.a(sai.o)
                0x900493f8                DMA1_Stream1_IRQHandler
 .text.DMA1_Stream3_IRQHandler
                0x90049404        0xc third_party/libDaisy/build/libdaisy.a(sai.o)
                0x90049404                DMA1_Stream3_IRQHandler
 .text.DMA1_Stream4_IRQHandler
                0x90049410        0xc third_party/libDaisy/build/libdaisy.a(sai.o)
                0x90049410                DMA1_Stream4_IRQHandler
 .text.HAL_SAI_RxHalfCpltCallback
                0x9004941c       0x78 third_party/libDaisy/build/libdaisy.a(sai.o)
                0x9004941c                HAL_SAI_RxHalfCpltCallback
 .text.HAL_SAI_RxCpltCallback
                0x90049494       0x70 third_party/libDaisy/build/libdaisy.a(sai.o)
                0x90049494                HAL_SAI_RxCpltCallback
 *fill*         0x90049504        0x4 
 .text._ZN5daisy9SaiHandle4InitERKNS0_6ConfigE
                0x90049508      0x1fc third_party/libDaisy/build/libdaisy.a(sai.o)
                0x90049508                daisy::SaiHandle::Init(daisy::SaiHandle::Config const&)
 .text._ZNK5daisy9SaiHandle9GetConfigEv
                0x90049704        0x4 third_party/libDaisy/build/libdaisy.a(sai.o)
                0x90049704                daisy::SaiHandle::GetConfig() const
 .text._ZN5daisy9SaiHandle8StartDmaEPlS1_jPFvS1_S1_jE
                0x90049708       0xb4 third_party/libDaisy/build/libdaisy.a(sai.o)
                0x90049708                daisy::SaiHandle::StartDma(long*, long*, unsigned int, void (*)(long*, long*, unsigned int))
 .text._ZN5daisy9SaiHandle13GetSampleRateEv
                0x900497bc       0x24 third_party/libDaisy/build/libdaisy.a(sai.o)
                0x900497bc                daisy::SaiHandle::GetSampleRate()
 .text._ZNK5daisy9SaiHandle9GetOffsetEv
                0x900497e0        0x8 third_party/libDaisy/build/libdaisy.a(sai.o)
                0x900497e0                daisy::SaiHandle::GetOffset() const
 .text.startup._GLOBAL__sub_I__ZN5daisy9SaiHandle4Impl4InitERKNS0_6ConfigE
                0x900497e8       0x20 third_party/libDaisy/build/libdaisy.a(sai.o)
 .text._ZN5daisy9SpiHandle4Impl7InitDmaEv
                0x90049808       0xf4 third_party/libDaisy/build/libdaisy.a(spi.o)
                0x90049808                daisy::SpiHandle::Impl::InitDma()
 .text._ZN5daisy9SpiHandle4Impl10StartDmaTxEPhjPFvPvEPFvS3_NS0_6ResultEES3_
                0x900498fc       0x88 third_party/libDaisy/build/libdaisy.a(spi.o)
                0x900498fc                daisy::SpiHandle::Impl::StartDmaTx(unsigned char*, unsigned int, void (*)(void*), void (*)(void*, daisy::SpiHandle::Result), void*)
 .text._ZN5daisy9SpiHandle4Impl10StartDmaRxEPhjPFvPvEPFvS3_NS0_6ResultEES3_
                0x90049984       0x88 third_party/libDaisy/build/libdaisy.a(spi.o)
                0x90049984                daisy::SpiHandle::Impl::StartDmaRx(unsigned char*, unsigned int, void (*)(void*), void (*)(void*, daisy::SpiHandle::Result), void*)
 .text._ZN5daisy9SpiHandle4Impl12StartDmaRxTxEPhS2_jPFvPvEPFvS3_NS0_6ResultEES3_
                0x90049a0c       0x84 third_party/libDaisy/build/libdaisy.a(spi.o)
                0x90049a0c                daisy::SpiHandle::Impl::StartDmaRxTx(unsigned char*, unsigned char*, unsigned int, void (*)(void*), void (*)(void*, daisy::SpiHandle::Result), void*)
 .text._ZN5daisy9SpiHandle4Impl8InitPinsEv
                0x90049a90      0x220 third_party/libDaisy/build/libdaisy.a(spi.o)
                0x90049a90                daisy::SpiHandle::Impl::InitPins()
 .text.HAL_SPI_MspInit
                0x90049cb0      0x708 third_party/libDaisy/build/libdaisy.a(spi.o)
                0x90049cb0                HAL_SPI_MspInit
 .text.dsy_spi_global_init
                0x9004a3b8       0x60 third_party/libDaisy/build/libdaisy.a(spi.o)
                0x9004a3b8                dsy_spi_global_init
 .text.SPI1_IRQHandler
                0x9004a418        0xc third_party/libDaisy/build/libdaisy.a(spi.o)
                0x9004a418                SPI1_IRQHandler
 .text.SPI2_IRQHandler
                0x9004a424        0xc third_party/libDaisy/build/libdaisy.a(spi.o)
                0x9004a424                SPI2_IRQHandler
 .text.SPI3_IRQHandler
                0x9004a430        0xc third_party/libDaisy/build/libdaisy.a(spi.o)
                0x9004a430                SPI3_IRQHandler
 .text.SPI4_IRQHandler
                0x9004a43c        0xc third_party/libDaisy/build/libdaisy.a(spi.o)
                0x9004a43c                SPI4_IRQHandler
 .text.SPI5_IRQHandler
                0x9004a448        0xc third_party/libDaisy/build/libdaisy.a(spi.o)
                0x9004a448                SPI5_IRQHandler
 .text.DMA2_Stream2_IRQHandler
                0x9004a454       0x40 third_party/libDaisy/build/libdaisy.a(spi.o)
                0x9004a454                DMA2_Stream2_IRQHandler
 .text.DMA2_Stream3_IRQHandler
                0x9004a494       0x40 third_party/libDaisy/build/libdaisy.a(spi.o)
                0x9004a494                DMA2_Stream3_IRQHandler
 .text.HAL_SPI_TxCpltCallback
                0x9004a4d4       0xc0 third_party/libDaisy/build/libdaisy.a(spi.o)
                0x9004a4d4                HAL_SPI_TxCpltCallback
 .text.HAL_SPI_RxCpltCallback
                0x9004a594       0xc0 third_party/libDaisy/build/libdaisy.a(spi.o)
                0x9004a594                HAL_SPI_RxCpltCallback
 .text.HAL_SPI_TxRxCpltCallback
                0x9004a654       0xc0 third_party/libDaisy/build/libdaisy.a(spi.o)
                0x9004a654                HAL_SPI_TxRxCpltCallback
 .text.HAL_SPI_ErrorCallback
                0x9004a714       0xc8 third_party/libDaisy/build/libdaisy.a(spi.o)
                0x9004a714                HAL_SPI_ErrorCallback
 .text._ZN5daisy9SpiHandle4InitERKNS0_6ConfigE
                0x9004a7dc      0x13c third_party/libDaisy/build/libdaisy.a(spi.o)
                0x9004a7dc                daisy::SpiHandle::Init(daisy::SpiHandle::Config const&)
 .text._ZN5daisy9SpiHandle16BlockingTransmitEPhjm
                0x9004a918       0x14 third_party/libDaisy/build/libdaisy.a(spi.o)
                0x9004a918                daisy::SpiHandle::BlockingTransmit(unsigned char*, unsigned int, unsigned long)
 .text._ZN5daisy9SpiHandle11DmaTransmitEPhjPFvPvEPFvS2_NS0_6ResultEES2_
                0x9004a92c       0x5c third_party/libDaisy/build/libdaisy.a(spi.o)
                0x9004a92c                daisy::SpiHandle::DmaTransmit(unsigned char*, unsigned int, void (*)(void*), void (*)(void*, daisy::SpiHandle::Result), void*)
 .text.startup._GLOBAL__sub_I__Z19MapInstanceToHandleP11SPI_TypeDef
                0x9004a988      0x25c third_party/libDaisy/build/libdaisy.a(spi.o)
 .text.HAL_TIM_Base_MspInit
                0x9004abe4      0x198 third_party/libDaisy/build/libdaisy.a(tim.o)
                0x9004abe4                HAL_TIM_Base_MspInit
 .text.HAL_TIM_PeriodElapsedCallback
                0x9004ad7c       0x44 third_party/libDaisy/build/libdaisy.a(tim.o)
                0x9004ad7c                HAL_TIM_PeriodElapsedCallback
 .text.TIM2_IRQHandler
                0x9004adc0        0xc third_party/libDaisy/build/libdaisy.a(tim.o)
                0x9004adc0                TIM2_IRQHandler
 .text.TIM3_IRQHandler
                0x9004adcc        0xc third_party/libDaisy/build/libdaisy.a(tim.o)
                0x9004adcc                TIM3_IRQHandler
 .text.TIM4_IRQHandler
                0x9004add8        0xc third_party/libDaisy/build/libdaisy.a(tim.o)
                0x9004add8                TIM4_IRQHandler
 .text.TIM5_IRQHandler
                0x9004ade4        0xc third_party/libDaisy/build/libdaisy.a(tim.o)
                0x9004ade4                TIM5_IRQHandler
 .text._ZN5daisy11TimerHandle4InitERKNS0_6ConfigE
                0x9004adf0       0xc4 third_party/libDaisy/build/libdaisy.a(tim.o)
                0x9004adf0                daisy::TimerHandle::Init(daisy::TimerHandle::Config const&)
 .text._ZN5daisy11TimerHandle5StartEv
                0x9004aeb4       0x24 third_party/libDaisy/build/libdaisy.a(tim.o)
                0x9004aeb4                daisy::TimerHandle::Start()
 .text._ZN5daisy11TimerHandle12SetPrescalerEm
                0x9004aed8        0xc third_party/libDaisy/build/libdaisy.a(tim.o)
                0x9004aed8                daisy::TimerHandle::SetPrescaler(unsigned long)
 .text._ZN5daisy11TimerHandle11SetCallbackEPFvPvES1_
                0x9004aee4        0xc third_party/libDaisy/build/libdaisy.a(tim.o)
                0x9004aee4                daisy::TimerHandle::SetCallback(void (*)(void*), void*)
 .text.startup._GLOBAL__sub_I__ZN5daisy11TimerHandle4Impl4InitERKNS0_6ConfigE
                0x9004aef0       0x44 third_party/libDaisy/build/libdaisy.a(tim.o)
 .text._ZL20UART_CheckRxListenerPN5daisy11UartHandler4ImplE
                0x9004af34       0x88 third_party/libDaisy/build/libdaisy.a(uart.o)
 .text._ZN5daisy11UartHandler4Impl10StartDmaTxEPhjPFvPvEPFvS3_NS0_6ResultEES3_
                0x9004afbc      0x16c third_party/libDaisy/build/libdaisy.a(uart.o)
                0x9004afbc                daisy::UartHandler::Impl::StartDmaTx(unsigned char*, unsigned int, void (*)(void*), void (*)(void*, daisy::UartHandler::Result), void*)
 .text._ZN5daisy11UartHandler4Impl10StartDmaRxEPhjPFvPvEPFvS3_NS0_6ResultEES3_
                0x9004b128      0x16c third_party/libDaisy/build/libdaisy.a(uart.o)
                0x9004b128                daisy::UartHandler::Impl::StartDmaRx(unsigned char*, unsigned int, void (*)(void*), void (*)(void*, daisy::UartHandler::Result), void*)
 .text._ZN5daisy11UartHandler4Impl19DmaTransferFinishedEP20__UART_HandleTypeDefNS0_6ResultE
                0x9004b294       0xbc third_party/libDaisy/build/libdaisy.a(uart.o)
                0x9004b294                daisy::UartHandler::Impl::DmaTransferFinished(__UART_HandleTypeDef*, daisy::UartHandler::Result)
 .text._ZN5daisy11UartHandler4Impl8InitPinsEv
                0x9004b350      0x164 third_party/libDaisy/build/libdaisy.a(uart.o)
                0x9004b350                daisy::UartHandler::Impl::InitPins()
 .text.HAL_UART_MspInit
                0x9004b4b4      0x4b4 third_party/libDaisy/build/libdaisy.a(uart.o)
                0x9004b4b4                HAL_UART_MspInit
 .text.dsy_uart_global_init
                0x9004b968       0xb8 third_party/libDaisy/build/libdaisy.a(uart.o)
                0x9004b968                dsy_uart_global_init
 .text.USART1_IRQHandler
                0x9004ba20       0x30 third_party/libDaisy/build/libdaisy.a(uart.o)
                0x9004ba20                USART1_IRQHandler
 .text.USART2_IRQHandler
                0x9004ba50       0x38 third_party/libDaisy/build/libdaisy.a(uart.o)
                0x9004ba50                USART2_IRQHandler
 .text.USART3_IRQHandler
                0x9004ba88       0x38 third_party/libDaisy/build/libdaisy.a(uart.o)
                0x9004ba88                USART3_IRQHandler
 .text.UART4_IRQHandler
                0x9004bac0       0x38 third_party/libDaisy/build/libdaisy.a(uart.o)
                0x9004bac0                UART4_IRQHandler
 .text.UART5_IRQHandler
                0x9004baf8       0x38 third_party/libDaisy/build/libdaisy.a(uart.o)
                0x9004baf8                UART5_IRQHandler
 .text.USART6_IRQHandler
                0x9004bb30       0x38 third_party/libDaisy/build/libdaisy.a(uart.o)
                0x9004bb30                USART6_IRQHandler
 .text.UART7_IRQHandler
                0x9004bb68       0x38 third_party/libDaisy/build/libdaisy.a(uart.o)
                0x9004bb68                UART7_IRQHandler
 .text.UART8_IRQHandler
                0x9004bba0       0x38 third_party/libDaisy/build/libdaisy.a(uart.o)
                0x9004bba0                UART8_IRQHandler
 .text.LPUART1_IRQHandler
                0x9004bbd8       0x38 third_party/libDaisy/build/libdaisy.a(uart.o)
                0x9004bbd8                LPUART1_IRQHandler
 .text.DMA1_Stream5_IRQHandler
                0x9004bc10       0x40 third_party/libDaisy/build/libdaisy.a(uart.o)
                0x9004bc10                DMA1_Stream5_IRQHandler
 .text.DMA2_Stream4_IRQHandler
                0x9004bc50       0x40 third_party/libDaisy/build/libdaisy.a(uart.o)
                0x9004bc50                DMA2_Stream4_IRQHandler
 .text.HAL_UART_TxCpltCallback
                0x9004bc90        0x8 third_party/libDaisy/build/libdaisy.a(uart.o)
                0x9004bc90                HAL_UART_TxCpltCallback
 .text.HAL_UART_RxCpltCallback
                0x9004bc98       0x94 third_party/libDaisy/build/libdaisy.a(uart.o)
                0x9004bc98                HAL_UART_RxCpltCallback
 .text.HAL_UART_RxHalfCpltCallback
                0x9004bd2c       0x90 third_party/libDaisy/build/libdaisy.a(uart.o)
                0x9004bd2c                HAL_UART_RxHalfCpltCallback
 .text.HAL_UART_ErrorCallback
                0x9004bdbc       0x94 third_party/libDaisy/build/libdaisy.a(uart.o)
                0x9004bdbc                HAL_UART_ErrorCallback
 .text._ZN5daisy11UartHandler4InitERKNS0_6ConfigE
                0x9004be50       0xe8 third_party/libDaisy/build/libdaisy.a(uart.o)
                0x9004be50                daisy::UartHandler::Init(daisy::UartHandler::Config const&)
 .text._ZN5daisy11UartHandler14DmaListenStartEPhjPFvS1_jPvNS0_6ResultEES2_
                0x9004bf38      0x110 third_party/libDaisy/build/libdaisy.a(uart.o)
                0x9004bf38                daisy::UartHandler::DmaListenStart(unsigned char*, unsigned int, void (*)(unsigned char*, unsigned int, void*, daisy::UartHandler::Result), void*)
 .text._ZNK5daisy11UartHandler11IsListeningEv
                0x9004c048        0x8 third_party/libDaisy/build/libdaisy.a(uart.o)
                0x9004c048                daisy::UartHandler::IsListening() const
 .text.startup._GLOBAL__sub_I__Z19MapInstanceToHandleP13USART_TypeDef
                0x9004c050      0x1d4 third_party/libDaisy/build/libdaisy.a(uart.o)
 .text.dsy_dma_init
                0x9004c224      0x104 third_party/libDaisy/build/libdaisy.a(dma.o)
                0x9004c224                dsy_dma_init
 .text.dsy_dma_clear_cache_for_buffer
                0x9004c328       0x2c third_party/libDaisy/build/libdaisy.a(dma.o)
                0x9004c328                dsy_dma_clear_cache_for_buffer
 .text.dsy_dma_invalidate_cache_for_buffer
                0x9004c354       0x2c third_party/libDaisy/build/libdaisy.a(dma.o)
                0x9004c354                dsy_dma_invalidate_cache_for_buffer
 .text.SysTick_Handler
                0x9004c380       0x10 third_party/libDaisy/build/libdaisy.a(system.o)
                0x9004c380                SysTick_Handler
 .text.OTG_HS_EP1_OUT_IRQHandler
                0x9004c390       0x24 third_party/libDaisy/build/libdaisy.a(system.o)
                0x9004c390                OTG_HS_EP1_OUT_IRQHandler
 .text.OTG_HS_EP1_IN_IRQHandler
                0x9004c3b4       0x24 third_party/libDaisy/build/libdaisy.a(system.o)
                0x9004c3b4                OTG_HS_EP1_IN_IRQHandler
 .text.OTG_HS_IRQHandler
                0x9004c3d8       0x24 third_party/libDaisy/build/libdaisy.a(system.o)
                0x9004c3d8                OTG_HS_IRQHandler
 .text.HardFault_Handler
                0x9004c3fc       0xe0 third_party/libDaisy/build/libdaisy.a(system.o)
                0x9004c3fc                HardFault_Handler
 .text._ZN5daisy6System6GetNowEv
                0x9004c4dc        0x4 third_party/libDaisy/build/libdaisy.a(system.o)
                0x9004c4dc                daisy::System::GetNow()
 .text._ZN5daisy6System5DelayEm
                0x9004c4e0        0x4 third_party/libDaisy/build/libdaisy.a(system.o)
                0x9004c4e0                daisy::System::Delay(unsigned long)
 .text._ZN5daisy6System20GetBootloaderVersionEv
                0x9004c4e4       0x34 third_party/libDaisy/build/libdaisy.a(system.o)
                0x9004c4e4                daisy::System::GetBootloaderVersion()
 .text._ZN5daisy6System15ConfigureClocksEv
                0x9004c518      0x1a4 third_party/libDaisy/build/libdaisy.a(system.o)
                0x9004c518                daisy::System::ConfigureClocks()
 .text._ZN5daisy6System12ConfigureMpuEv
                0x9004c6bc       0x7c third_party/libDaisy/build/libdaisy.a(system.o)
                0x9004c6bc                daisy::System::ConfigureMpu()
 .text._ZN5daisy6System4InitERKNS0_6ConfigE
                0x9004c738       0xf8 third_party/libDaisy/build/libdaisy.a(system.o)
                0x9004c738                daisy::System::Init(daisy::System::Config const&)
 .text._ZN5daisy6System12GetPClk1FreqEv
                0x9004c830        0x4 third_party/libDaisy/build/libdaisy.a(system.o)
                0x9004c830                daisy::System::GetPClk1Freq()
 .text._ZN5daisy6System22GetProgramMemoryRegionEv
                0x9004c834       0x78 third_party/libDaisy/build/libdaisy.a(system.o)
                0x9004c834                daisy::System::GetProgramMemoryRegion()
 .text.startup._GLOBAL__sub_I__ZN5daisy9boot_infoE
                0x9004c8ac        0xc third_party/libDaisy/build/libdaisy.a(system.o)
 .text.HAL_PCD_MspInit
                0x9004c8b8      0x154 third_party/libDaisy/build/libdaisy.a(usbd_conf.o)
                0x9004c8b8                HAL_PCD_MspInit
 .text.HAL_PCD_SetupStageCallback
                0x9004ca0c        0xc third_party/libDaisy/build/libdaisy.a(usbd_conf.o)
                0x9004ca0c                HAL_PCD_SetupStageCallback
 .text.HAL_PCD_DataOutStageCallback
                0x9004ca18       0x18 third_party/libDaisy/build/libdaisy.a(usbd_conf.o)
                0x9004ca18                HAL_PCD_DataOutStageCallback
 .text.HAL_PCD_DataInStageCallback
                0x9004ca30       0x14 third_party/libDaisy/build/libdaisy.a(usbd_conf.o)
                0x9004ca30                HAL_PCD_DataInStageCallback
 .text.HAL_PCD_SOFCallback
                0x9004ca44        0x8 third_party/libDaisy/build/libdaisy.a(usbd_conf.o)
                0x9004ca44                HAL_PCD_SOFCallback
 .text.HAL_PCD_ResetCallback
                0x9004ca4c       0x2c third_party/libDaisy/build/libdaisy.a(usbd_conf.o)
                0x9004ca4c                HAL_PCD_ResetCallback
 .text.HAL_PCD_SuspendCallback
                0x9004ca78       0x30 third_party/libDaisy/build/libdaisy.a(usbd_conf.o)
                0x9004ca78                HAL_PCD_SuspendCallback
 .text.HAL_PCD_ResumeCallback
                0x9004caa8        0x8 third_party/libDaisy/build/libdaisy.a(usbd_conf.o)
                0x9004caa8                HAL_PCD_ResumeCallback
 .text.HAL_PCD_ISOOUTIncompleteCallback
                0x9004cab0        0x8 third_party/libDaisy/build/libdaisy.a(usbd_conf.o)
                0x9004cab0                HAL_PCD_ISOOUTIncompleteCallback
 .text.HAL_PCD_ISOINIncompleteCallback
                0x9004cab8        0x8 third_party/libDaisy/build/libdaisy.a(usbd_conf.o)
                0x9004cab8                HAL_PCD_ISOINIncompleteCallback
 .text.HAL_PCD_ConnectCallback
                0x9004cac0        0x8 third_party/libDaisy/build/libdaisy.a(usbd_conf.o)
                0x9004cac0                HAL_PCD_ConnectCallback
 .text.HAL_PCD_DisconnectCallback
                0x9004cac8        0x8 third_party/libDaisy/build/libdaisy.a(usbd_conf.o)
                0x9004cac8                HAL_PCD_DisconnectCallback
 .text.USBD_LL_Init
                0x9004cad0       0xd8 third_party/libDaisy/build/libdaisy.a(usbd_conf.o)
                0x9004cad0                USBD_LL_Init
 .text.USBD_LL_Start
                0x9004cba8       0x18 third_party/libDaisy/build/libdaisy.a(usbd_conf.o)
                0x9004cba8                USBD_LL_Start
 .text.USBD_LL_OpenEP
                0x9004cbc0       0x1c third_party/libDaisy/build/libdaisy.a(usbd_conf.o)
                0x9004cbc0                USBD_LL_OpenEP
 .text.USBD_LL_CloseEP
                0x9004cbdc       0x18 third_party/libDaisy/build/libdaisy.a(usbd_conf.o)
                0x9004cbdc                USBD_LL_CloseEP
 .text.USBD_LL_StallEP
                0x9004cbf4       0x18 third_party/libDaisy/build/libdaisy.a(usbd_conf.o)
                0x9004cbf4                USBD_LL_StallEP
 .text.USBD_LL_ClearStallEP
                0x9004cc0c       0x18 third_party/libDaisy/build/libdaisy.a(usbd_conf.o)
                0x9004cc0c                USBD_LL_ClearStallEP
 .text.USBD_LL_IsStallEP
                0x9004cc24       0x28 third_party/libDaisy/build/libdaisy.a(usbd_conf.o)
                0x9004cc24                USBD_LL_IsStallEP
 .text.USBD_LL_SetUSBAddress
                0x9004cc4c       0x18 third_party/libDaisy/build/libdaisy.a(usbd_conf.o)
                0x9004cc4c                USBD_LL_SetUSBAddress
 .text.USBD_LL_Transmit
                0x9004cc64       0x18 third_party/libDaisy/build/libdaisy.a(usbd_conf.o)
                0x9004cc64                USBD_LL_Transmit
 .text.USBD_LL_PrepareReceive
                0x9004cc7c       0x18 third_party/libDaisy/build/libdaisy.a(usbd_conf.o)
                0x9004cc7c                USBD_LL_PrepareReceive
 .text.USBD_LL_GetRxDataSize
                0x9004cc94        0x8 third_party/libDaisy/build/libdaisy.a(usbd_conf.o)
                0x9004cc94                USBD_LL_GetRxDataSize
 .text.HAL_HCD_SOF_Callback
                0x9004cc9c        0x8 third_party/libDaisy/build/libdaisy.a(usbh_conf.o)
                0x9004cc9c                HAL_HCD_SOF_Callback
 .text.HAL_HCD_Connect_Callback
                0x9004cca4        0x8 third_party/libDaisy/build/libdaisy.a(usbh_conf.o)
                0x9004cca4                HAL_HCD_Connect_Callback
 .text.HAL_HCD_Disconnect_Callback
                0x9004ccac        0x8 third_party/libDaisy/build/libdaisy.a(usbh_conf.o)
                0x9004ccac                HAL_HCD_Disconnect_Callback
 .text.HAL_HCD_HC_NotifyURBChange_Callback
                0x9004ccb4        0x4 third_party/libDaisy/build/libdaisy.a(usbh_conf.o)
                0x9004ccb4                HAL_HCD_HC_NotifyURBChange_Callback
 .text.HAL_HCD_PortEnabled_Callback
                0x9004ccb8        0x8 third_party/libDaisy/build/libdaisy.a(usbh_conf.o)
                0x9004ccb8                HAL_HCD_PortEnabled_Callback
 .text.HAL_HCD_PortDisabled_Callback
                0x9004ccc0        0x8 third_party/libDaisy/build/libdaisy.a(usbh_conf.o)
                0x9004ccc0                HAL_HCD_PortDisabled_Callback
 .text.USBH_LL_Stop
                0x9004ccc8       0x18 third_party/libDaisy/build/libdaisy.a(usbh_conf.o)
                0x9004ccc8                USBH_LL_Stop
 .text.HAL_MspInit
                0x9004cce0        0x4 third_party/libDaisy/build/libdaisy.a(stm32h7xx_hal.o)
                0x9004cce0                HAL_MspInit
 .text.HAL_InitTick
                0x9004cce4       0x54 third_party/libDaisy/build/libdaisy.a(stm32h7xx_hal.o)
                0x9004cce4                HAL_InitTick
 .text.HAL_Init
                0x9004cd38       0x60 third_party/libDaisy/build/libdaisy.a(stm32h7xx_hal.o)
                0x9004cd38                HAL_Init
 .text.HAL_IncTick
                0x9004cd98       0x18 third_party/libDaisy/build/libdaisy.a(stm32h7xx_hal.o)
                0x9004cd98                HAL_IncTick
 .text.HAL_GetTick
                0x9004cdb0        0xc third_party/libDaisy/build/libdaisy.a(stm32h7xx_hal.o)
                0x9004cdb0                HAL_GetTick
 .text.HAL_Delay
                0x9004cdbc       0x24 third_party/libDaisy/build/libdaisy.a(stm32h7xx_hal.o)
                0x9004cdbc                HAL_Delay
 .text.HAL_GetREVID
                0x9004cde0        0xc third_party/libDaisy/build/libdaisy.a(stm32h7xx_hal.o)
                0x9004cde0                HAL_GetREVID
 .text.HAL_NVIC_SetPriorityGrouping
                0x9004cdec       0x24 third_party/libDaisy/build/libdaisy.a(stm32h7xx_hal_cortex.o)
                0x9004cdec                HAL_NVIC_SetPriorityGrouping
 .text.HAL_NVIC_SetPriority
                0x9004ce10       0x60 third_party/libDaisy/build/libdaisy.a(stm32h7xx_hal_cortex.o)
                0x9004ce10                HAL_NVIC_SetPriority
 .text.HAL_NVIC_EnableIRQ
                0x9004ce70       0x1c third_party/libDaisy/build/libdaisy.a(stm32h7xx_hal_cortex.o)
                0x9004ce70                HAL_NVIC_EnableIRQ
 .text.HAL_NVIC_DisableIRQ
                0x9004ce8c       0x24 third_party/libDaisy/build/libdaisy.a(stm32h7xx_hal_cortex.o)
                0x9004ce8c                HAL_NVIC_DisableIRQ
 .text.HAL_SYSTICK_Config
                0x9004ceb0       0x2c third_party/libDaisy/build/libdaisy.a(stm32h7xx_hal_cortex.o)
                0x9004ceb0                HAL_SYSTICK_Config
 .text.HAL_MPU_Disable
                0x9004cedc       0x1c third_party/libDaisy/build/libdaisy.a(stm32h7xx_hal_cortex.o)
                0x9004cedc                HAL_MPU_Disable
 .text.HAL_MPU_Enable
                0x9004cef8       0x20 third_party/libDaisy/build/libdaisy.a(stm32h7xx_hal_cortex.o)
                0x9004cef8                HAL_MPU_Enable
 .text.HAL_MPU_ConfigRegion
                0x9004cf18       0x64 third_party/libDaisy/build/libdaisy.a(stm32h7xx_hal_cortex.o)
                0x9004cf18                HAL_MPU_ConfigRegion
 .text.HAL_SYSTICK_Callback
                0x9004cf7c        0x4 third_party/libDaisy/build/libdaisy.a(stm32h7xx_hal_cortex.o)
                0x9004cf7c                HAL_SYSTICK_Callback
 .text.HAL_SYSTICK_IRQHandler
                0x9004cf80        0x8 third_party/libDaisy/build/libdaisy.a(stm32h7xx_hal_cortex.o)
                0x9004cf80                HAL_SYSTICK_IRQHandler
 .text.DMA_CalcBaseAndBitshift
                0x9004cf88       0xfc third_party/libDaisy/build/libdaisy.a(stm32h7xx_hal_dma.o)
 .text.DMA_CalcDMAMUXChannelBaseAndMask
                0x9004d084       0xe0 third_party/libDaisy/build/libdaisy.a(stm32h7xx_hal_dma.o)
 .text.HAL_DMA_Init
                0x9004d164      0x51c third_party/libDaisy/build/libdaisy.a(stm32h7xx_hal_dma.o)
                0x9004d164                HAL_DMA_Init
 .text.HAL_DMA_Start_IT
                0x9004d680      0x6c8 third_party/libDaisy/build/libdaisy.a(stm32h7xx_hal_dma.o)
                0x9004d680                HAL_DMA_Start_IT
 .text.HAL_DMA_Abort
                0x9004dd48      0x36c third_party/libDaisy/build/libdaisy.a(stm32h7xx_hal_dma.o)
                0x9004dd48                HAL_DMA_Abort
 .text.HAL_DMA_Abort_IT
                0x9004e0b4      0x168 third_party/libDaisy/build/libdaisy.a(stm32h7xx_hal_dma.o)
                0x9004e0b4                HAL_DMA_Abort_IT
 .text.HAL_DMA_IRQHandler
                0x9004e21c      0x6c0 third_party/libDaisy/build/libdaisy.a(stm32h7xx_hal_dma.o)
                0x9004e21c                HAL_DMA_IRQHandler
 .text.HAL_DMA_GetError
                0x9004e8dc        0x4 third_party/libDaisy/build/libdaisy.a(stm32h7xx_hal_dma.o)
                0x9004e8dc                HAL_DMA_GetError
 .text.HAL_GPIO_Init
                0x9004e8e0      0x414 third_party/libDaisy/build/libdaisy.a(stm32h7xx_hal_gpio.o)
                0x9004e8e0                HAL_GPIO_Init
 .text.HAL_GPIO_DeInit
                0x9004ecf4      0x244 third_party/libDaisy/build/libdaisy.a(stm32h7xx_hal_gpio.o)
                0x9004ecf4                HAL_GPIO_DeInit
 .text.HAL_GPIO_ReadPin
                0x9004ef38        0xc third_party/libDaisy/build/libdaisy.a(stm32h7xx_hal_gpio.o)
                0x9004ef38                HAL_GPIO_ReadPin
 .text.HAL_GPIO_WritePin
                0x9004ef44        0x8 third_party/libDaisy/build/libdaisy.a(stm32h7xx_hal_gpio.o)
                0x9004ef44                HAL_GPIO_WritePin
 .text.HAL_HCD_IRQHandler
                0x9004ef4c      0x9e0 third_party/libDaisy/build/libdaisy.a(stm32h7xx_hal_hcd.o)
                0x9004ef4c                HAL_HCD_IRQHandler
 .text.HAL_HCD_Stop
                0x9004f92c       0x30 third_party/libDaisy/build/libdaisy.a(stm32h7xx_hal_hcd.o)
                0x9004f92c                HAL_HCD_Stop
 .text.I2C_WaitOnTXISFlagUntilTimeout
                0x9004f95c      0x178 third_party/libDaisy/build/libdaisy.a(stm32h7xx_hal_i2c.o)
 .text.I2C_WaitOnSTOPFlagUntilTimeout
                0x9004fad4      0x180 third_party/libDaisy/build/libdaisy.a(stm32h7xx_hal_i2c.o)
 .text.HAL_I2C_Init
                0x9004fc54       0xc0 third_party/libDaisy/build/libdaisy.a(stm32h7xx_hal_i2c.o)
                0x9004fc54                HAL_I2C_Init
 .text.HAL_I2C_Master_Transmit
                0x9004fd14      0x378 third_party/libDaisy/build/libdaisy.a(stm32h7xx_hal_i2c.o)
                0x9004fd14                HAL_I2C_Master_Transmit
 .text.HAL_I2C_Slave_Transmit
                0x9005008c      0x280 third_party/libDaisy/build/libdaisy.a(stm32h7xx_hal_i2c.o)
                0x9005008c                HAL_I2C_Slave_Transmit
 .text.HAL_I2C_EV_IRQHandler
                0x9005030c       0x1c third_party/libDaisy/build/libdaisy.a(stm32h7xx_hal_i2c.o)
                0x9005030c                HAL_I2C_EV_IRQHandler
 .text.HAL_I2C_GetState
                0x90050328        0x8 third_party/libDaisy/build/libdaisy.a(stm32h7xx_hal_i2c.o)
                0x90050328                HAL_I2C_GetState
 .text.HAL_I2CEx_ConfigAnalogFilter
                0x90050330       0x58 third_party/libDaisy/build/libdaisy.a(stm32h7xx_hal_i2c_ex.o)
                0x90050330                HAL_I2CEx_ConfigAnalogFilter
 .text.HAL_I2CEx_ConfigDigitalFilter
                0x90050388       0x54 third_party/libDaisy/build/libdaisy.a(stm32h7xx_hal_i2c_ex.o)
                0x90050388                HAL_I2CEx_ConfigDigitalFilter
 .text.HAL_PCD_Init
                0x900503dc      0x120 third_party/libDaisy/build/libdaisy.a(stm32h7xx_hal_pcd.o)
                0x900503dc                HAL_PCD_Init
 .text.HAL_PCD_Start
                0x900504fc       0x44 third_party/libDaisy/build/libdaisy.a(stm32h7xx_hal_pcd.o)
                0x900504fc                HAL_PCD_Start
 .text.HAL_PCD_IRQHandler
                0x90050540      0x95c third_party/libDaisy/build/libdaisy.a(stm32h7xx_hal_pcd.o)
                0x90050540                HAL_PCD_IRQHandler
 .text.HAL_PCD_SetAddress
                0x90050e9c       0x34 third_party/libDaisy/build/libdaisy.a(stm32h7xx_hal_pcd.o)
                0x90050e9c                HAL_PCD_SetAddress
 .text.HAL_PCD_EP_Open
                0x90050ed0       0x7c third_party/libDaisy/build/libdaisy.a(stm32h7xx_hal_pcd.o)
                0x90050ed0                HAL_PCD_EP_Open
 .text.HAL_PCD_EP_Close
                0x90050f4c       0x6c third_party/libDaisy/build/libdaisy.a(stm32h7xx_hal_pcd.o)
                0x90050f4c                HAL_PCD_EP_Close
 .text.HAL_PCD_EP_Receive
                0x90050fb8       0x48 third_party/libDaisy/build/libdaisy.a(stm32h7xx_hal_pcd.o)
                0x90050fb8                HAL_PCD_EP_Receive
 .text.HAL_PCD_EP_GetRxCount
                0x90051000       0x14 third_party/libDaisy/build/libdaisy.a(stm32h7xx_hal_pcd.o)
                0x90051000                HAL_PCD_EP_GetRxCount
 .text.HAL_PCD_EP_Transmit
                0x90051014       0x44 third_party/libDaisy/build/libdaisy.a(stm32h7xx_hal_pcd.o)
                0x90051014                HAL_PCD_EP_Transmit
 .text.HAL_PCD_EP_SetStall
                0x90051058       0x98 third_party/libDaisy/build/libdaisy.a(stm32h7xx_hal_pcd.o)
                0x90051058                HAL_PCD_EP_SetStall
 .text.HAL_PCD_EP_ClrStall
                0x900510f0       0x78 third_party/libDaisy/build/libdaisy.a(stm32h7xx_hal_pcd.o)
                0x900510f0                HAL_PCD_EP_ClrStall
 .text.HAL_PCDEx_SetTxFiFo
                0x90051168      0x10c third_party/libDaisy/build/libdaisy.a(stm32h7xx_hal_pcd_ex.o)
                0x90051168                HAL_PCDEx_SetTxFiFo
 .text.HAL_PCDEx_SetRxFiFo
                0x90051274        0xc third_party/libDaisy/build/libdaisy.a(stm32h7xx_hal_pcd_ex.o)
                0x90051274                HAL_PCDEx_SetRxFiFo
 .text.HAL_PCDEx_ActivateLPM
                0x90051280       0x28 third_party/libDaisy/build/libdaisy.a(stm32h7xx_hal_pcd_ex.o)
                0x90051280                HAL_PCDEx_ActivateLPM
 .text.HAL_PCDEx_LPM_Callback
                0x900512a8        0x4 third_party/libDaisy/build/libdaisy.a(stm32h7xx_hal_pcd_ex.o)
                0x900512a8                HAL_PCDEx_LPM_Callback
 .text.HAL_PWREx_ConfigSupply
                0x900512ac       0x48 third_party/libDaisy/build/libdaisy.a(stm32h7xx_hal_pwr_ex.o)
                0x900512ac                HAL_PWREx_ConfigSupply
 .text.HAL_PWREx_EnableUSBVoltageDetector
                0x900512f4       0x10 third_party/libDaisy/build/libdaisy.a(stm32h7xx_hal_pwr_ex.o)
                0x900512f4                HAL_PWREx_EnableUSBVoltageDetector
 .text.QSPI_Config
                0x90051304      0x1b0 third_party/libDaisy/build/libdaisy.a(stm32h7xx_hal_qspi.o)
 .text.HAL_QSPI_Init
                0x900514b4       0xd4 third_party/libDaisy/build/libdaisy.a(stm32h7xx_hal_qspi.o)
                0x900514b4                HAL_QSPI_Init
 .text.HAL_QSPI_DeInit
                0x90051588       0x2c third_party/libDaisy/build/libdaisy.a(stm32h7xx_hal_qspi.o)
                0x90051588                HAL_QSPI_DeInit
 .text.HAL_QSPI_Command
                0x900515b4      0x100 third_party/libDaisy/build/libdaisy.a(stm32h7xx_hal_qspi.o)
                0x900515b4                HAL_QSPI_Command
 .text.HAL_QSPI_Transmit
                0x900516b4      0x10c third_party/libDaisy/build/libdaisy.a(stm32h7xx_hal_qspi.o)
                0x900516b4                HAL_QSPI_Transmit
 .text.HAL_QSPI_Receive
                0x900517c0      0x120 third_party/libDaisy/build/libdaisy.a(stm32h7xx_hal_qspi.o)
                0x900517c0                HAL_QSPI_Receive
 .text.HAL_QSPI_AutoPolling
                0x900518e0      0x128 third_party/libDaisy/build/libdaisy.a(stm32h7xx_hal_qspi.o)
                0x900518e0                HAL_QSPI_AutoPolling
 .text.HAL_QSPI_MemoryMapped
                0x90051a08       0xbc third_party/libDaisy/build/libdaisy.a(stm32h7xx_hal_qspi.o)
                0x90051a08                HAL_QSPI_MemoryMapped
 .text.HAL_QSPI_ErrorCallback
                0x90051ac4        0x4 third_party/libDaisy/build/libdaisy.a(stm32h7xx_hal_qspi.o)
                0x90051ac4                HAL_QSPI_ErrorCallback
 .text.QSPI_DMAAbortCplt
                0x90051ac8       0x38 third_party/libDaisy/build/libdaisy.a(stm32h7xx_hal_qspi.o)
 .text.HAL_QSPI_AbortCpltCallback
                0x90051b00        0x4 third_party/libDaisy/build/libdaisy.a(stm32h7xx_hal_qspi.o)
                0x90051b00                HAL_QSPI_AbortCpltCallback
 .text.HAL_QSPI_CmdCpltCallback
                0x90051b04        0x4 third_party/libDaisy/build/libdaisy.a(stm32h7xx_hal_qspi.o)
                0x90051b04                HAL_QSPI_CmdCpltCallback
 .text.HAL_QSPI_RxCpltCallback
                0x90051b08        0x4 third_party/libDaisy/build/libdaisy.a(stm32h7xx_hal_qspi.o)
                0x90051b08                HAL_QSPI_RxCpltCallback
 .text.HAL_QSPI_TxCpltCallback
                0x90051b0c        0x4 third_party/libDaisy/build/libdaisy.a(stm32h7xx_hal_qspi.o)
                0x90051b0c                HAL_QSPI_TxCpltCallback
 .text.HAL_QSPI_FifoThresholdCallback
                0x90051b10        0x4 third_party/libDaisy/build/libdaisy.a(stm32h7xx_hal_qspi.o)
                0x90051b10                HAL_QSPI_FifoThresholdCallback
 .text.HAL_QSPI_StatusMatchCallback
                0x90051b14        0x4 third_party/libDaisy/build/libdaisy.a(stm32h7xx_hal_qspi.o)
                0x90051b14                HAL_QSPI_StatusMatchCallback
 .text.HAL_QSPI_TimeOutCallback
                0x90051b18        0x4 third_party/libDaisy/build/libdaisy.a(stm32h7xx_hal_qspi.o)
                0x90051b18                HAL_QSPI_TimeOutCallback
 .text.HAL_QSPI_IRQHandler
                0x90051b1c      0x248 third_party/libDaisy/build/libdaisy.a(stm32h7xx_hal_qspi.o)
                0x90051b1c                HAL_QSPI_IRQHandler
 .text.HAL_RCC_GetSysClockFreq.part.0
                0x90051d64       0xe8 third_party/libDaisy/build/libdaisy.a(stm32h7xx_hal_rcc.o)
 .text.HAL_RCC_OscConfig
                0x90051e4c      0x5e0 third_party/libDaisy/build/libdaisy.a(stm32h7xx_hal_rcc.o)
                0x90051e4c                HAL_RCC_OscConfig
 .text.HAL_RCC_GetSysClockFreq
                0x9005242c      0x120 third_party/libDaisy/build/libdaisy.a(stm32h7xx_hal_rcc.o)
                0x9005242c                HAL_RCC_GetSysClockFreq
 .text.HAL_RCC_ClockConfig
                0x9005254c      0x248 third_party/libDaisy/build/libdaisy.a(stm32h7xx_hal_rcc.o)
                0x9005254c                HAL_RCC_ClockConfig
 .text.HAL_RCC_GetHCLKFreq
                0x90052794       0x8c third_party/libDaisy/build/libdaisy.a(stm32h7xx_hal_rcc.o)
                0x90052794                HAL_RCC_GetHCLKFreq
 .text.HAL_RCC_GetPCLK1Freq
                0x90052820       0x98 third_party/libDaisy/build/libdaisy.a(stm32h7xx_hal_rcc.o)
                0x90052820                HAL_RCC_GetPCLK1Freq
 .text.HAL_RCC_GetPCLK2Freq
                0x900528b8       0x98 third_party/libDaisy/build/libdaisy.a(stm32h7xx_hal_rcc.o)
                0x900528b8                HAL_RCC_GetPCLK2Freq
 .text.RCCEx_PLL2_Config.part.0
                0x90052950       0xe0 third_party/libDaisy/build/libdaisy.a(stm32h7xx_hal_rcc_ex.o)
 .text.RCCEx_PLL3_Config.part.0
                0x90052a30       0xe0 third_party/libDaisy/build/libdaisy.a(stm32h7xx_hal_rcc_ex.o)
 .text.HAL_RCCEx_PeriphCLKConfig
                0x90052b10      0xe80 third_party/libDaisy/build/libdaisy.a(stm32h7xx_hal_rcc_ex.o)
                0x90052b10                HAL_RCCEx_PeriphCLKConfig
 .text.HAL_RCCEx_GetD3PCLK1Freq
                0x90053990       0x24 third_party/libDaisy/build/libdaisy.a(stm32h7xx_hal_rcc_ex.o)
                0x90053990                HAL_RCCEx_GetD3PCLK1Freq
 .text.HAL_RCCEx_GetPLL2ClockFreq
                0x900539b4      0x138 third_party/libDaisy/build/libdaisy.a(stm32h7xx_hal_rcc_ex.o)
                0x900539b4                HAL_RCCEx_GetPLL2ClockFreq
 .text.HAL_RCCEx_GetPLL3ClockFreq
                0x90053aec      0x138 third_party/libDaisy/build/libdaisy.a(stm32h7xx_hal_rcc_ex.o)
                0x90053aec                HAL_RCCEx_GetPLL3ClockFreq
 .text.HAL_RCCEx_GetPLL1ClockFreq
                0x90053c24      0x138 third_party/libDaisy/build/libdaisy.a(stm32h7xx_hal_rcc_ex.o)
                0x90053c24                HAL_RCCEx_GetPLL1ClockFreq
 .text.HAL_RCCEx_GetPeriphCLKFreq
                0x90053d5c      0x33c third_party/libDaisy/build/libdaisy.a(stm32h7xx_hal_rcc_ex.o)
                0x90053d5c                HAL_RCCEx_GetPeriphCLKFreq
 .text.HAL_SAI_Init
                0x90054098      0x3cc third_party/libDaisy/build/libdaisy.a(stm32h7xx_hal_sai.o)
                0x90054098                HAL_SAI_Init
 .text.HAL_SAI_InitProtocol
                0x90054464      0x16c third_party/libDaisy/build/libdaisy.a(stm32h7xx_hal_sai.o)
                0x90054464                HAL_SAI_InitProtocol
 .text.HAL_SAI_Transmit_DMA
                0x900545d0      0x10c third_party/libDaisy/build/libdaisy.a(stm32h7xx_hal_sai.o)
                0x900545d0                HAL_SAI_Transmit_DMA
 .text.HAL_SAI_Receive_DMA
                0x900546dc       0xc4 third_party/libDaisy/build/libdaisy.a(stm32h7xx_hal_sai.o)
                0x900546dc                HAL_SAI_Receive_DMA
 .text.HAL_SAI_TxCpltCallback
                0x900547a0        0x4 third_party/libDaisy/build/libdaisy.a(stm32h7xx_hal_sai.o)
                0x900547a0                HAL_SAI_TxCpltCallback
 .text.SAI_DMATxCplt
                0x900547a4       0x60 third_party/libDaisy/build/libdaisy.a(stm32h7xx_hal_sai.o)
 .text.HAL_SAI_TxHalfCpltCallback
                0x90054804        0x4 third_party/libDaisy/build/libdaisy.a(stm32h7xx_hal_sai.o)
                0x90054804                HAL_SAI_TxHalfCpltCallback
 .text.SAI_DMATxHalfCplt
                0x90054808        0xc third_party/libDaisy/build/libdaisy.a(stm32h7xx_hal_sai.o)
 .text.SAI_DMARxCplt
                0x90054814       0x60 third_party/libDaisy/build/libdaisy.a(stm32h7xx_hal_sai.o)
 .text.SAI_DMARxHalfCplt
                0x90054874        0xc third_party/libDaisy/build/libdaisy.a(stm32h7xx_hal_sai.o)
 .text.HAL_SAI_ErrorCallback
                0x90054880        0x4 third_party/libDaisy/build/libdaisy.a(stm32h7xx_hal_sai.o)
                0x90054880                HAL_SAI_ErrorCallback
 .text.SAI_DMAError
                0x90054884       0x6c third_party/libDaisy/build/libdaisy.a(stm32h7xx_hal_sai.o)
 .text.HAL_SDRAM_Init
                0x900548f0       0x54 third_party/libDaisy/build/libdaisy.a(stm32h7xx_hal_sdram.o)
                0x900548f0                HAL_SDRAM_Init
 .text.HAL_SDRAM_SendCommand
                0x90054944       0x44 third_party/libDaisy/build/libdaisy.a(stm32h7xx_hal_sdram.o)
                0x90054944                HAL_SDRAM_SendCommand
 .text.HAL_SDRAM_ProgramRefreshRate
                0x90054988       0x3c third_party/libDaisy/build/libdaisy.a(stm32h7xx_hal_sdram.o)
                0x90054988                HAL_SDRAM_ProgramRefreshRate
 .text.SPI_CloseTransfer
                0x900549c4       0xc0 third_party/libDaisy/build/libdaisy.a(stm32h7xx_hal_spi.o)
 .text.HAL_SPI_Init
                0x90054a84      0x1cc third_party/libDaisy/build/libdaisy.a(stm32h7xx_hal_spi.o)
                0x90054a84                HAL_SPI_Init
 .text.HAL_SPI_Transmit
                0x90054c50      0x28c third_party/libDaisy/build/libdaisy.a(stm32h7xx_hal_spi.o)
                0x90054c50                HAL_SPI_Transmit
 .text.HAL_SPI_Transmit_DMA
                0x90054edc      0x180 third_party/libDaisy/build/libdaisy.a(stm32h7xx_hal_spi.o)
                0x90054edc                HAL_SPI_Transmit_DMA
 .text.HAL_SPI_Receive_DMA
                0x9005505c      0x190 third_party/libDaisy/build/libdaisy.a(stm32h7xx_hal_spi.o)
                0x9005505c                HAL_SPI_Receive_DMA
 .text.HAL_SPI_TransmitReceive_DMA
                0x900551ec      0x1f0 third_party/libDaisy/build/libdaisy.a(stm32h7xx_hal_spi.o)
                0x900551ec                HAL_SPI_TransmitReceive_DMA
 .text.SPI_DMATransmitCplt
                0x900553dc       0x28 third_party/libDaisy/build/libdaisy.a(stm32h7xx_hal_spi.o)
 .text.SPI_DMAReceiveCplt
                0x90055404       0x28 third_party/libDaisy/build/libdaisy.a(stm32h7xx_hal_spi.o)
 .text.SPI_DMATransmitReceiveCplt
                0x9005542c       0x28 third_party/libDaisy/build/libdaisy.a(stm32h7xx_hal_spi.o)
 .text.HAL_SPI_TxHalfCpltCallback
                0x90055454        0x4 third_party/libDaisy/build/libdaisy.a(stm32h7xx_hal_spi.o)
                0x90055454                HAL_SPI_TxHalfCpltCallback
 .text.SPI_DMAHalfTransmitCplt
                0x90055458        0xc third_party/libDaisy/build/libdaisy.a(stm32h7xx_hal_spi.o)
 .text.HAL_SPI_RxHalfCpltCallback
                0x90055464        0x4 third_party/libDaisy/build/libdaisy.a(stm32h7xx_hal_spi.o)
                0x90055464                HAL_SPI_RxHalfCpltCallback
 .text.SPI_DMAHalfReceiveCplt
                0x90055468        0xc third_party/libDaisy/build/libdaisy.a(stm32h7xx_hal_spi.o)
 .text.HAL_SPI_TxRxHalfCpltCallback
                0x90055474        0x4 third_party/libDaisy/build/libdaisy.a(stm32h7xx_hal_spi.o)
                0x90055474                HAL_SPI_TxRxHalfCpltCallback
 .text.SPI_DMAHalfTransmitReceiveCplt
                0x90055478        0xc third_party/libDaisy/build/libdaisy.a(stm32h7xx_hal_spi.o)
 .text.SPI_DMAError
                0x90055484       0xd8 third_party/libDaisy/build/libdaisy.a(stm32h7xx_hal_spi.o)
 .text.SPI_DMAAbortOnError
                0x9005555c       0x1c third_party/libDaisy/build/libdaisy.a(stm32h7xx_hal_spi.o)
 .text.HAL_SPI_SuspendCallback
                0x90055578        0x4 third_party/libDaisy/build/libdaisy.a(stm32h7xx_hal_spi.o)
                0x90055578                HAL_SPI_SuspendCallback
 .text.HAL_SPI_IRQHandler
                0x9005557c      0x284 third_party/libDaisy/build/libdaisy.a(stm32h7xx_hal_spi.o)
                0x9005557c                HAL_SPI_IRQHandler
 .text.HAL_SPI_GetState
                0x90055800        0x8 third_party/libDaisy/build/libdaisy.a(stm32h7xx_hal_spi.o)
                0x90055800                HAL_SPI_GetState
 .text.HAL_TIM_Base_Init
                0x90055808      0x158 third_party/libDaisy/build/libdaisy.a(stm32h7xx_hal_tim.o)
                0x90055808                HAL_TIM_Base_Init
 .text.HAL_TIM_Base_Start
                0x90055960       0xa0 third_party/libDaisy/build/libdaisy.a(stm32h7xx_hal_tim.o)
                0x90055960                HAL_TIM_Base_Start
 .text.HAL_TIM_Base_Start_IT
                0x90055a00       0xa8 third_party/libDaisy/build/libdaisy.a(stm32h7xx_hal_tim.o)
                0x90055a00                HAL_TIM_Base_Start_IT
 .text.HAL_TIM_ConfigClockSource
                0x90055aa8      0x1a0 third_party/libDaisy/build/libdaisy.a(stm32h7xx_hal_tim.o)
                0x90055aa8                HAL_TIM_ConfigClockSource
 .text.HAL_TIM_OC_DelayElapsedCallback
                0x90055c48        0x4 third_party/libDaisy/build/libdaisy.a(stm32h7xx_hal_tim.o)
                0x90055c48                HAL_TIM_OC_DelayElapsedCallback
 .text.HAL_TIM_IC_CaptureCallback
                0x90055c4c        0x4 third_party/libDaisy/build/libdaisy.a(stm32h7xx_hal_tim.o)
                0x90055c4c                HAL_TIM_IC_CaptureCallback
 .text.HAL_TIM_PWM_PulseFinishedCallback
                0x90055c50        0x4 third_party/libDaisy/build/libdaisy.a(stm32h7xx_hal_tim.o)
                0x90055c50                HAL_TIM_PWM_PulseFinishedCallback
 .text.HAL_TIM_TriggerCallback
                0x90055c54        0x4 third_party/libDaisy/build/libdaisy.a(stm32h7xx_hal_tim.o)
                0x90055c54                HAL_TIM_TriggerCallback
 .text.HAL_TIM_IRQHandler
                0x90055c58      0x154 third_party/libDaisy/build/libdaisy.a(stm32h7xx_hal_tim.o)
                0x90055c58                HAL_TIM_IRQHandler
 .text.HAL_TIMEx_MasterConfigSynchronization
                0x90055dac       0xbc third_party/libDaisy/build/libdaisy.a(stm32h7xx_hal_tim_ex.o)
                0x90055dac                HAL_TIMEx_MasterConfigSynchronization
 .text.HAL_TIMEx_CommutCallback
                0x90055e68        0x4 third_party/libDaisy/build/libdaisy.a(stm32h7xx_hal_tim_ex.o)
                0x90055e68                HAL_TIMEx_CommutCallback
 .text.HAL_TIMEx_BreakCallback
                0x90055e6c        0x4 third_party/libDaisy/build/libdaisy.a(stm32h7xx_hal_tim_ex.o)
                0x90055e6c                HAL_TIMEx_BreakCallback
 .text.HAL_TIMEx_Break2Callback
                0x90055e70        0x4 third_party/libDaisy/build/libdaisy.a(stm32h7xx_hal_tim_ex.o)
                0x90055e70                HAL_TIMEx_Break2Callback
 .text.HAL_UART_Transmit_DMA
                0x90055e74       0x9c third_party/libDaisy/build/libdaisy.a(stm32h7xx_hal_uart.o)
                0x90055e74                HAL_UART_Transmit_DMA
 .text.UART_DMATransmitCplt
                0x90055f10       0x44 third_party/libDaisy/build/libdaisy.a(stm32h7xx_hal_uart.o)
 .text.HAL_UART_TxHalfCpltCallback
                0x90055f54        0x4 third_party/libDaisy/build/libdaisy.a(stm32h7xx_hal_uart.o)
                0x90055f54                HAL_UART_TxHalfCpltCallback
 .text.UART_DMATxHalfCplt
                0x90055f58        0xc third_party/libDaisy/build/libdaisy.a(stm32h7xx_hal_uart.o)
 .text.UART_DMAError
                0x90055f64       0xd4 third_party/libDaisy/build/libdaisy.a(stm32h7xx_hal_uart.o)
 .text.UART_DMAAbortOnError
                0x90056038       0x14 third_party/libDaisy/build/libdaisy.a(stm32h7xx_hal_uart.o)
 .text.HAL_UARTEx_RxEventCallback
                0x9005604c        0x4 third_party/libDaisy/build/libdaisy.a(stm32h7xx_hal_uart.o)
                0x9005604c                HAL_UARTEx_RxEventCallback
 .text.HAL_UART_IRQHandler
                0x90056050      0x3ec third_party/libDaisy/build/libdaisy.a(stm32h7xx_hal_uart.o)
                0x90056050                HAL_UART_IRQHandler
 .text.UART_DMARxHalfCplt
                0x9005643c       0x20 third_party/libDaisy/build/libdaisy.a(stm32h7xx_hal_uart.o)
 .text.UART_DMAReceiveCplt
                0x9005645c       0x9c third_party/libDaisy/build/libdaisy.a(stm32h7xx_hal_uart.o)
 .text.HAL_UART_GetState
                0x900564f8        0xc third_party/libDaisy/build/libdaisy.a(stm32h7xx_hal_uart.o)
                0x900564f8                HAL_UART_GetState
 .text.UART_SetConfig
                0x90056504      0x38c third_party/libDaisy/build/libdaisy.a(stm32h7xx_hal_uart.o)
                0x90056504                UART_SetConfig
 .text.UART_AdvFeatureConfig
                0x90056890       0xb0 third_party/libDaisy/build/libdaisy.a(stm32h7xx_hal_uart.o)
                0x90056890                UART_AdvFeatureConfig
 .text.UART_CheckIdleState
                0x90056940      0x258 third_party/libDaisy/build/libdaisy.a(stm32h7xx_hal_uart.o)
                0x90056940                UART_CheckIdleState
 .text.HAL_UART_Init
                0x90056b98       0x68 third_party/libDaisy/build/libdaisy.a(stm32h7xx_hal_uart.o)
                0x90056b98                HAL_UART_Init
 .text.UART_Start_Receive_DMA
                0x90056c00       0xb0 third_party/libDaisy/build/libdaisy.a(stm32h7xx_hal_uart.o)
                0x90056c00                UART_Start_Receive_DMA
 .text.HAL_UART_Receive_DMA
                0x90056cb0       0x54 third_party/libDaisy/build/libdaisy.a(stm32h7xx_hal_uart.o)
                0x90056cb0                HAL_UART_Receive_DMA
 .text.HAL_UARTEx_WakeupCallback
                0x90056d04        0x4 third_party/libDaisy/build/libdaisy.a(stm32h7xx_hal_uart_ex.o)
                0x90056d04                HAL_UARTEx_WakeupCallback
 .text.HAL_UARTEx_RxFifoFullCallback
                0x90056d08        0x4 third_party/libDaisy/build/libdaisy.a(stm32h7xx_hal_uart_ex.o)
                0x90056d08                HAL_UARTEx_RxFifoFullCallback
 .text.HAL_UARTEx_TxFifoEmptyCallback
                0x90056d0c        0x4 third_party/libDaisy/build/libdaisy.a(stm32h7xx_hal_uart_ex.o)
                0x90056d0c                HAL_UARTEx_TxFifoEmptyCallback
 .text.HAL_UARTEx_DisableFifoMode
                0x90056d10       0x40 third_party/libDaisy/build/libdaisy.a(stm32h7xx_hal_uart_ex.o)
                0x90056d10                HAL_UARTEx_DisableFifoMode
 .text.HAL_UARTEx_SetTxFifoThreshold
                0x90056d50       0x84 third_party/libDaisy/build/libdaisy.a(stm32h7xx_hal_uart_ex.o)
                0x90056d50                HAL_UARTEx_SetTxFifoThreshold
 .text.HAL_UARTEx_SetRxFifoThreshold
                0x90056dd4       0x84 third_party/libDaisy/build/libdaisy.a(stm32h7xx_hal_uart_ex.o)
                0x90056dd4                HAL_UARTEx_SetRxFifoThreshold
 .text.FMC_SDRAM_Init
                0x90056e58       0x6c third_party/libDaisy/build/libdaisy.a(stm32h7xx_ll_fmc.o)
                0x90056e58                FMC_SDRAM_Init
 .text.FMC_SDRAM_Timing_Init
                0x90056ec4       0x78 third_party/libDaisy/build/libdaisy.a(stm32h7xx_ll_fmc.o)
                0x90056ec4                FMC_SDRAM_Timing_Init
 .text.FMC_SDRAM_SendCommand
                0x90056f3c       0x34 third_party/libDaisy/build/libdaisy.a(stm32h7xx_ll_fmc.o)
                0x90056f3c                FMC_SDRAM_SendCommand
 .text.FMC_SDRAM_ProgramRefreshRate
                0x90056f70       0x14 third_party/libDaisy/build/libdaisy.a(stm32h7xx_ll_fmc.o)
                0x90056f70                FMC_SDRAM_ProgramRefreshRate
 .text.USB_CoreInit
                0x90056f84      0x144 third_party/libDaisy/build/libdaisy.a(stm32h7xx_ll_usb.o)
                0x90056f84                USB_CoreInit
 .text.USB_SetTurnaroundTime
                0x900570c8       0xf4 third_party/libDaisy/build/libdaisy.a(stm32h7xx_ll_usb.o)
                0x900570c8                USB_SetTurnaroundTime
 .text.USB_EnableGlobalInt
                0x900571bc       0x10 third_party/libDaisy/build/libdaisy.a(stm32h7xx_ll_usb.o)
                0x900571bc                USB_EnableGlobalInt
 .text.USB_DisableGlobalInt
                0x900571cc       0x10 third_party/libDaisy/build/libdaisy.a(stm32h7xx_ll_usb.o)
                0x900571cc                USB_DisableGlobalInt
 .text.USB_SetCurrentMode
                0x900571dc       0x6c third_party/libDaisy/build/libdaisy.a(stm32h7xx_ll_usb.o)
                0x900571dc                USB_SetCurrentMode
 .text.USB_DevInit
                0x90057248      0x2d0 third_party/libDaisy/build/libdaisy.a(stm32h7xx_ll_usb.o)
                0x90057248                USB_DevInit
 .text.USB_FlushTxFifo
                0x90057518       0x54 third_party/libDaisy/build/libdaisy.a(stm32h7xx_ll_usb.o)
                0x90057518                USB_FlushTxFifo
 .text.USB_FlushRxFifo
                0x9005756c       0x50 third_party/libDaisy/build/libdaisy.a(stm32h7xx_ll_usb.o)
                0x9005756c                USB_FlushRxFifo
 .text.USB_GetDevSpeed
                0x900575bc       0x18 third_party/libDaisy/build/libdaisy.a(stm32h7xx_ll_usb.o)
                0x900575bc                USB_GetDevSpeed
 .text.USB_ActivateEndpoint
                0x900575d4       0x94 third_party/libDaisy/build/libdaisy.a(stm32h7xx_ll_usb.o)
                0x900575d4                USB_ActivateEndpoint
 .text.USB_DeactivateEndpoint
                0x90057668       0xbc third_party/libDaisy/build/libdaisy.a(stm32h7xx_ll_usb.o)
                0x90057668                USB_DeactivateEndpoint
 .text.USB_EPStartXfer
                0x90057724      0x268 third_party/libDaisy/build/libdaisy.a(stm32h7xx_ll_usb.o)
                0x90057724                USB_EPStartXfer
 .text.USB_EPStopXfer
                0x9005798c       0x9c third_party/libDaisy/build/libdaisy.a(stm32h7xx_ll_usb.o)
                0x9005798c                USB_EPStopXfer
 .text.USB_WritePacket
                0x90057a28       0x28 third_party/libDaisy/build/libdaisy.a(stm32h7xx_ll_usb.o)
                0x90057a28                USB_WritePacket
 .text.USB_ReadPacket
                0x90057a50       0x50 third_party/libDaisy/build/libdaisy.a(stm32h7xx_ll_usb.o)
                0x90057a50                USB_ReadPacket
 .text.USB_EPSetStall
                0x90057aa0       0x68 third_party/libDaisy/build/libdaisy.a(stm32h7xx_ll_usb.o)
                0x90057aa0                USB_EPSetStall
 .text.USB_EPClearStall
                0x90057b08       0x58 third_party/libDaisy/build/libdaisy.a(stm32h7xx_ll_usb.o)
                0x90057b08                USB_EPClearStall
 .text.USB_SetDevAddress
                0x90057b60       0x24 third_party/libDaisy/build/libdaisy.a(stm32h7xx_ll_usb.o)
                0x90057b60                USB_SetDevAddress
 .text.USB_DevConnect
                0x90057b84       0x20 third_party/libDaisy/build/libdaisy.a(stm32h7xx_ll_usb.o)
                0x90057b84                USB_DevConnect
 .text.USB_DevDisconnect
                0x90057ba4       0x20 third_party/libDaisy/build/libdaisy.a(stm32h7xx_ll_usb.o)
                0x90057ba4                USB_DevDisconnect
 .text.USB_ReadInterrupts
                0x90057bc4        0x8 third_party/libDaisy/build/libdaisy.a(stm32h7xx_ll_usb.o)
                0x90057bc4                USB_ReadInterrupts
 .text.USB_ReadChInterrupts
                0x90057bcc       0x10 third_party/libDaisy/build/libdaisy.a(stm32h7xx_ll_usb.o)
                0x90057bcc                USB_ReadChInterrupts
 .text.USB_ReadDevAllOutEpInterrupt
                0x90057bdc       0x10 third_party/libDaisy/build/libdaisy.a(stm32h7xx_ll_usb.o)
                0x90057bdc                USB_ReadDevAllOutEpInterrupt
 .text.USB_ReadDevAllInEpInterrupt
                0x90057bec       0x10 third_party/libDaisy/build/libdaisy.a(stm32h7xx_ll_usb.o)
                0x90057bec                USB_ReadDevAllInEpInterrupt
 .text.USB_ReadDevOutEPInterrupt
                0x90057bfc       0x10 third_party/libDaisy/build/libdaisy.a(stm32h7xx_ll_usb.o)
                0x90057bfc                USB_ReadDevOutEPInterrupt
 .text.USB_ReadDevInEPInterrupt
                0x90057c0c       0x20 third_party/libDaisy/build/libdaisy.a(stm32h7xx_ll_usb.o)
                0x90057c0c                USB_ReadDevInEPInterrupt
 .text.USB_GetMode
                0x90057c2c        0x8 third_party/libDaisy/build/libdaisy.a(stm32h7xx_ll_usb.o)
                0x90057c2c                USB_GetMode
 .text.USB_ActivateSetup
                0x90057c34       0x20 third_party/libDaisy/build/libdaisy.a(stm32h7xx_ll_usb.o)
                0x90057c34                USB_ActivateSetup
 .text.USB_EP0_OutStart
                0x90057c54       0x54 third_party/libDaisy/build/libdaisy.a(stm32h7xx_ll_usb.o)
                0x90057c54                USB_EP0_OutStart
 .text.USB_InitFSLSPClkSel
                0x90057ca8       0x44 third_party/libDaisy/build/libdaisy.a(stm32h7xx_ll_usb.o)
                0x90057ca8                USB_InitFSLSPClkSel
 .text.USB_HC_ReadInterrupt
                0x90057cec        0x8 third_party/libDaisy/build/libdaisy.a(stm32h7xx_ll_usb.o)
                0x90057cec                USB_HC_ReadInterrupt
 .text.USB_HC_Halt
                0x90057cf4       0xd4 third_party/libDaisy/build/libdaisy.a(stm32h7xx_ll_usb.o)
                0x90057cf4                USB_HC_Halt
 .text.USB_StopHost
                0x90057dc8      0x1e8 third_party/libDaisy/build/libdaisy.a(stm32h7xx_ll_usb.o)
                0x90057dc8                USB_StopHost
 .text.USBD_Init
                0x90057fb0       0x48 third_party/libDaisy/build/libdaisy.a(usbd_core.o)
                0x90057fb0                USBD_Init
 .text.USBD_RegisterClass
                0x90057ff8       0x54 third_party/libDaisy/build/libdaisy.a(usbd_core.o)
                0x90057ff8                USBD_RegisterClass
 .text.USBD_Start
                0x9005804c        0x4 third_party/libDaisy/build/libdaisy.a(usbd_core.o)
                0x9005804c                USBD_Start
 .text.USBD_SetClassConfig
                0x90058050       0x10 third_party/libDaisy/build/libdaisy.a(usbd_core.o)
                0x90058050                USBD_SetClassConfig
 .text.USBD_ClrClassConfig
                0x90058060       0x14 third_party/libDaisy/build/libdaisy.a(usbd_core.o)
                0x90058060                USBD_ClrClassConfig
 .text.USBD_LL_SetupStage
                0x90058074       0x6c third_party/libDaisy/build/libdaisy.a(usbd_core.o)
                0x90058074                USBD_LL_SetupStage
 .text.USBD_LL_DataOutStage
                0x900580e0       0x7c third_party/libDaisy/build/libdaisy.a(usbd_core.o)
                0x900580e0                USBD_LL_DataOutStage
 .text.USBD_LL_DataInStage
                0x9005815c       0xcc third_party/libDaisy/build/libdaisy.a(usbd_core.o)
                0x9005815c                USBD_LL_DataInStage
 .text.USBD_LL_Reset
                0x90058228       0x5c third_party/libDaisy/build/libdaisy.a(usbd_core.o)
                0x90058228                USBD_LL_Reset
 .text.USBD_LL_SetSpeed
                0x90058284        0x8 third_party/libDaisy/build/libdaisy.a(usbd_core.o)
                0x90058284                USBD_LL_SetSpeed
 .text.USBD_LL_Suspend
                0x9005828c       0x1c third_party/libDaisy/build/libdaisy.a(usbd_core.o)
                0x9005828c                USBD_LL_Suspend
 .text.USBD_LL_Resume
                0x900582a8       0x14 third_party/libDaisy/build/libdaisy.a(usbd_core.o)
                0x900582a8                USBD_LL_Resume
 .text.USBD_LL_SOF
                0x900582bc       0x20 third_party/libDaisy/build/libdaisy.a(usbd_core.o)
                0x900582bc                USBD_LL_SOF
 .text.USBD_LL_IsoINIncomplete
                0x900582dc       0x2c third_party/libDaisy/build/libdaisy.a(usbd_core.o)
                0x900582dc                USBD_LL_IsoINIncomplete
 .text.USBD_LL_IsoOUTIncomplete
                0x90058308       0x2c third_party/libDaisy/build/libdaisy.a(usbd_core.o)
                0x90058308                USBD_LL_IsoOUTIncomplete
 .text.USBD_LL_DevConnected
                0x90058334        0x4 third_party/libDaisy/build/libdaisy.a(usbd_core.o)
                0x90058334                USBD_LL_DevConnected
 .text.USBD_LL_DevDisconnected
                0x90058338       0x24 third_party/libDaisy/build/libdaisy.a(usbd_core.o)
                0x90058338                USBD_LL_DevDisconnected
 .text.USBD_CoreFindIF
                0x9005835c        0x4 third_party/libDaisy/build/libdaisy.a(usbd_core.o)
                0x9005835c                USBD_CoreFindIF
 .text.USBD_CoreFindEP
                0x90058360        0x4 third_party/libDaisy/build/libdaisy.a(usbd_core.o)
                0x90058360                USBD_CoreFindEP
 .text.USBD_StdDevReq
                0x90058364      0x3ac third_party/libDaisy/build/libdaisy.a(usbd_ctlreq.o)
                0x90058364                USBD_StdDevReq
 .text.USBD_StdItfReq
                0x90058710       0x8c third_party/libDaisy/build/libdaisy.a(usbd_ctlreq.o)
                0x90058710                USBD_StdItfReq
 .text.USBD_StdEPReq
                0x9005879c      0x1bc third_party/libDaisy/build/libdaisy.a(usbd_ctlreq.o)
                0x9005879c                USBD_StdEPReq
 .text.USBD_ParseSetupRequest
                0x90058958       0x18 third_party/libDaisy/build/libdaisy.a(usbd_ctlreq.o)
                0x90058958                USBD_ParseSetupRequest
 .text.USBD_CtlError
                0x90058970       0x18 third_party/libDaisy/build/libdaisy.a(usbd_ctlreq.o)
                0x90058970                USBD_CtlError
 .text.USBD_GetString
                0x90058988       0x64 third_party/libDaisy/build/libdaisy.a(usbd_ctlreq.o)
                0x90058988                USBD_GetString
 .text.USBD_CtlSendData
                0x900589ec       0x1c third_party/libDaisy/build/libdaisy.a(usbd_ioreq.o)
                0x900589ec                USBD_CtlSendData
 .text.USBD_CtlContinueSendData
                0x90058a08       0x10 third_party/libDaisy/build/libdaisy.a(usbd_ioreq.o)
                0x90058a08                USBD_CtlContinueSendData
 .text.USBD_CtlPrepareRx
                0x90058a18       0x1c third_party/libDaisy/build/libdaisy.a(usbd_ioreq.o)
                0x90058a18                USBD_CtlPrepareRx
 .text.USBD_CtlContinueRx
                0x90058a34       0x10 third_party/libDaisy/build/libdaisy.a(usbd_ioreq.o)
                0x90058a34                USBD_CtlContinueRx
 .text.USBD_CtlSendStatus
                0x90058a44       0x18 third_party/libDaisy/build/libdaisy.a(usbd_ioreq.o)
                0x90058a44                USBD_CtlSendStatus
 .text.USBD_CtlReceiveStatus
                0x90058a5c       0x18 third_party/libDaisy/build/libdaisy.a(usbd_ioreq.o)
                0x90058a5c                USBD_CtlReceiveStatus
 .text.USBH_MIDI_SetReceiveCallback
                0x90058a74        0xc third_party/libDaisy/build/libdaisy.a(usbh_midi.o)
                0x90058a74                USBH_MIDI_SetReceiveCallback
 .text.USBH_LL_IncTimer
                0x90058a80       0x20 third_party/libDaisy/build/libdaisy.a(usbh_core.o)
                0x90058a80                USBH_LL_IncTimer
 .text.USBH_LL_PortEnabled
                0x90058aa0        0x8 third_party/libDaisy/build/libdaisy.a(usbh_core.o)
                0x90058aa0                USBH_LL_PortEnabled
 .text.USBH_LL_PortDisabled
                0x90058aa8        0x8 third_party/libDaisy/build/libdaisy.a(usbh_core.o)
                0x90058aa8                USBH_LL_PortDisabled
 .text.USBH_LL_Connect
                0x90058ab0       0x18 third_party/libDaisy/build/libdaisy.a(usbh_core.o)
                0x90058ab0                USBH_LL_Connect
 .text.USBH_LL_Disconnect
                0x90058ac8       0x2c third_party/libDaisy/build/libdaisy.a(usbh_core.o)
                0x90058ac8                USBH_LL_Disconnect
 .text.USBH_FreePipe
                0x90058af4       0x18 third_party/libDaisy/build/libdaisy.a(usbh_pipes.o)
                0x90058af4                USBH_FreePipe
 .text.DummyRxCallback
                0x90058b0c        0x4 third_party/libDaisy/build/libdaisy.a(usb.o)
                0x90058b0c                DummyRxCallback
 .text._ZN5daisy9UsbHandle4InitENS0_9UsbPeriphE
                0x90058b10      0x114 third_party/libDaisy/build/libdaisy.a(usb.o)
                0x90058b10                daisy::UsbHandle::Init(daisy::UsbHandle::UsbPeriph)
 .text._ZN5daisy9UsbHandle18SetReceiveCallbackEPFvPhPmENS0_9UsbPeriphE
                0x90058c24       0x44 third_party/libDaisy/build/libdaisy.a(usb.o)
                0x90058c24                daisy::UsbHandle::SetReceiveCallback(void (*)(unsigned char*, unsigned long*), daisy::UsbHandle::UsbPeriph)
 .text.OTG_FS_EP1_OUT_IRQHandler
                0x90058c68        0xc third_party/libDaisy/build/libdaisy.a(usb.o)
                0x90058c68                OTG_FS_EP1_OUT_IRQHandler
 .text.OTG_FS_EP1_IN_IRQHandler
                0x90058c74        0xc third_party/libDaisy/build/libdaisy.a(usb.o)
                0x90058c74                OTG_FS_EP1_IN_IRQHandler
 .text.OTG_FS_IRQHandler
                0x90058c80        0xc third_party/libDaisy/build/libdaisy.a(usb.o)
                0x90058c80                OTG_FS_IRQHandler
 *fill*         0x90058c8c        0x4 
 .text.startup._GLOBAL__sub_I_hUsbHostHS
                0x90058c90       0x30 third_party/libDaisy/build/libdaisy.a(usb_host.o)
 .text._ZN5daisy6Random4InitEv
                0x90058cc0       0x3c third_party/libDaisy/build/libdaisy.a(rng.o)
                0x90058cc0                daisy::Random::Init()
 .text.dummy_rx_callback
                0x90058cfc        0x4 third_party/libDaisy/build/libdaisy.a(usbd_cdc_if.o)
                0x90058cfc                dummy_rx_callback
 .text.CDC_DeInit_FS
                0x90058d00        0x4 third_party/libDaisy/build/libdaisy.a(usbd_cdc_if.o)
 .text.CDC_Receive_FS
                0x90058d04       0x2c third_party/libDaisy/build/libdaisy.a(usbd_cdc_if.o)
 .text.CDC_Receive_HS
                0x90058d30       0x2c third_party/libDaisy/build/libdaisy.a(usbd_cdc_if.o)
 .text.CDC_Init_FS
                0x90058d5c       0x3c third_party/libDaisy/build/libdaisy.a(usbd_cdc_if.o)
 .text.CDC_Init_HS
                0x90058d98       0x3c third_party/libDaisy/build/libdaisy.a(usbd_cdc_if.o)
 .text.CDC_Control_FS
                0x90058dd4       0x38 third_party/libDaisy/build/libdaisy.a(usbd_cdc_if.o)
 .text.CDC_Control_HS
                0x90058e0c       0x38 third_party/libDaisy/build/libdaisy.a(usbd_cdc_if.o)
 .text.CDC_DeInit_HS
                0x90058e44        0x4 third_party/libDaisy/build/libdaisy.a(usbd_cdc_if.o)
 .text.CDC_Set_Rx_Callback_FS
                0x90058e48        0xc third_party/libDaisy/build/libdaisy.a(usbd_cdc_if.o)
                0x90058e48                CDC_Set_Rx_Callback_FS
 .text.CDC_Set_Rx_Callback_HS
                0x90058e54        0xc third_party/libDaisy/build/libdaisy.a(usbd_cdc_if.o)
                0x90058e54                CDC_Set_Rx_Callback_HS
 .text.USBD_HS_DeviceDescriptor
                0x90058e60        0xc third_party/libDaisy/build/libdaisy.a(usbd_desc.o)
                0x90058e60                USBD_HS_DeviceDescriptor
 .text.USBD_FS_DeviceDescriptor
                0x90058e6c        0xc third_party/libDaisy/build/libdaisy.a(usbd_desc.o)
                0x90058e6c                USBD_FS_DeviceDescriptor
 .text.USBD_FS_LangIDStrDescriptor
                0x90058e78        0xc third_party/libDaisy/build/libdaisy.a(usbd_desc.o)
                0x90058e78                USBD_FS_LangIDStrDescriptor
 .text.USBD_FS_ManufacturerStrDescriptor
                0x90058e84       0x18 third_party/libDaisy/build/libdaisy.a(usbd_desc.o)
                0x90058e84                USBD_FS_ManufacturerStrDescriptor
 .text.USBD_HS_ProductStrDescriptor
                0x90058e9c       0x18 third_party/libDaisy/build/libdaisy.a(usbd_desc.o)
                0x90058e9c                USBD_HS_ProductStrDescriptor
 .text.USBD_FS_ConfigStrDescriptor
                0x90058eb4       0x18 third_party/libDaisy/build/libdaisy.a(usbd_desc.o)
                0x90058eb4                USBD_FS_ConfigStrDescriptor
 .text.USBD_FS_InterfaceStrDescriptor
                0x90058ecc       0x18 third_party/libDaisy/build/libdaisy.a(usbd_desc.o)
                0x90058ecc                USBD_FS_InterfaceStrDescriptor
 .text.USBD_FS_ProductStrDescriptor
                0x90058ee4       0x18 third_party/libDaisy/build/libdaisy.a(usbd_desc.o)
                0x90058ee4                USBD_FS_ProductStrDescriptor
 .text.USBD_HS_LangIDStrDescriptor
                0x90058efc        0xc third_party/libDaisy/build/libdaisy.a(usbd_desc.o)
                0x90058efc                USBD_HS_LangIDStrDescriptor
 .text.USBD_HS_ManufacturerStrDescriptor
                0x90058f08       0x18 third_party/libDaisy/build/libdaisy.a(usbd_desc.o)