Archive member included to satisfy reference by file (symbol)

third_party/libDaisy/build/libdaisy.a(daisy_seed.o)
                              build/main.o (symbol from plugin) (daisy::DaisySeed::StartAudio(void (*)(float const* const*, float**, unsigned int)))
third_party/libDaisy/build/libdaisy.a(codec_ak4556.o)
                              third_party/libDaisy/build/libdaisy.a(daisy_seed.o) (daisy::Ak4556::Init(daisy::Pin))
third_party/libDaisy/build/libdaisy.a(codec_wm8731.o)
                              third_party/libDaisy/build/libdaisy.a(daisy_seed.o) (daisy::Wm8731::Init(daisy::Wm8731::Config const&, daisy::I2CHandle))
third_party/libDaisy/build/libdaisy.a(sdram.o)
                              third_party/libDaisy/build/libdaisy.a(daisy_seed.o) (SdramHandle::Init())
third_party/libDaisy/build/libdaisy.a(audio.o)
                              third_party/libDaisy/build/libdaisy.a(daisy_seed.o) (daisy::AudioHandle::Init(daisy::AudioHandle::Config const&, daisy::SaiHandle))
third_party/libDaisy/build/libdaisy.a(encoder.o)
                              build/controls.o (symbol from plugin) (daisy::Encoder::Init(daisy::Pin, daisy::Pin, daisy::Pin, float))
third_party/libDaisy/build/libdaisy.a(midi.o)
                              build/main.o (symbol from plugin) (daisy::MidiUartTransport::Config::Config())
third_party/libDaisy/build/libdaisy.a(midi_parser.o)
                              build/midi_handler.o (symbol from plugin) (daisy::MidiParser::Parse(unsigned char, daisy::MidiEvent*))
third_party/libDaisy/build/libdaisy.a(switch.o)
                              third_party/libDaisy/build/libdaisy.a(encoder.o) (daisy::Switch::Init(daisy::Pin, float))
third_party/libDaisy/build/libdaisy.a(usb_midi.o)
                              build/midi_handler.o (symbol from plugin) (daisy::MidiUsbTransport::Init(daisy::MidiUsbTransport::Config))
third_party/libDaisy/build/libdaisy.a(gpio.o)
                              third_party/libDaisy/build/libdaisy.a(daisy_seed.o) (daisy::GPIO::Init(daisy::GPIO::Config const&))
third_party/libDaisy/build/libdaisy.a(i2c.o)
                              third_party/libDaisy/build/libdaisy.a(daisy_seed.o) (daisy::I2CHandle::Init(daisy::I2CHandle::Config const&))
third_party/libDaisy/build/libdaisy.a(qspi.o)
                              third_party/libDaisy/build/libdaisy.a(daisy_seed.o) (daisy::QSPIHandle::Init(daisy::QSPIHandle::Config const&))
third_party/libDaisy/build/libdaisy.a(sai.o)
                              third_party/libDaisy/build/libdaisy.a(daisy_seed.o) (daisy::SaiHandle::Init(daisy::SaiHandle::Config const&))
third_party/libDaisy/build/libdaisy.a(spi.o)
                              build/st7789_driver.o (symbol from plugin) (daisy::SpiHandle::Init(daisy::SpiHandle::Config const&))
third_party/libDaisy/build/libdaisy.a(tim.o)
                              build/controls.o (symbol from plugin) (daisy::TimerHandle::Init(daisy::TimerHandle::Config const&))
third_party/libDaisy/build/libdaisy.a(uart.o)
                              build/midi_handler.o (symbol from plugin) (daisy::UartHandler::Init(daisy::UartHandler::Config const&))
third_party/libDaisy/build/libdaisy.a(dma.o)
                              build/midi_handler.o (symbol from plugin) (dsy_dma_clear_cache_for_buffer)
third_party/libDaisy/build/libdaisy.a(system.o)
                              third_party/libDaisy/build/libdaisy.a(daisy_seed.o) (daisy::System::DeInit())
third_party/libDaisy/build/libdaisy.a(usbd_conf.o)
                              third_party/libDaisy/build/libdaisy.a(system.o) (hpcd_USB_OTG_HS)
third_party/libDaisy/build/libdaisy.a(usbh_conf.o)
                              third_party/libDaisy/build/libdaisy.a(system.o) (hhcd_USB_OTG_HS)
third_party/libDaisy/build/libdaisy.a(oled_fonts.o)
                              build/display_manager.o (symbol from plugin) (Font_7x10)
third_party/libDaisy/build/libdaisy.a(stm32h7xx_hal.o)
                              third_party/libDaisy/build/libdaisy.a(system.o) (HAL_Init)
third_party/libDaisy/build/libdaisy.a(stm32h7xx_hal_cortex.o)
                              third_party/libDaisy/build/libdaisy.a(stm32h7xx_hal.o) (HAL_NVIC_SetPriorityGrouping)
third_party/libDaisy/build/libdaisy.a(stm32h7xx_hal_dma.o)
                              third_party/libDaisy/build/libdaisy.a(i2c.o) (HAL_DMA_Init)
third_party/libDaisy/build/libdaisy.a(stm32h7xx_hal_gpio.o)
                              third_party/libDaisy/build/libdaisy.a(sdram.o) (HAL_GPIO_Init)
third_party/libDaisy/build/libdaisy.a(stm32h7xx_hal_hcd.o)
                              third_party/libDaisy/build/libdaisy.a(usbh_conf.o) (HAL_HCD_HC_Init)
third_party/libDaisy/build/libdaisy.a(stm32h7xx_hal_i2c.o)
                              third_party/libDaisy/build/libdaisy.a(i2c.o) (HAL_I2C_Init)
third_party/libDaisy/build/libdaisy.a(stm32h7xx_hal_i2c_ex.o)
                              third_party/libDaisy/build/libdaisy.a(i2c.o) (HAL_I2CEx_ConfigAnalogFilter)
[...]
Memory Configuration

Name             Origin             Length             Attributes
FLASH            0x08000000         0x00020000         xr
DTCMRAM          0x20000000         0x00020000         xrw
SRAM             0x24000000         0x00080000         xrw
RAM_D2_DMA       0x30000000         0x00008000         xrw
RAM_D2           0x30008000         0x00040000         xrw
RAM_D3           0x38000000         0x00010000         xrw
BACKUP_SRAM      0x38800000         0x00001000         xrw
ITCMRAM          0x00000000         0x00010000         xrw
SDRAM            0xc0000000         0x04000000         xrw
QSPIFLASH        0x90040000         0x007c0000         xr
*default*        0x00000000         0xffffffff

Linker script and memory map

LOAD /Applications/ArmGNUToolchain/15.2.rel1/arm-none-eabi/bin/../lib/gcc/arm-none-eabi/15.2.1/thumb/v7e-m+dp/hard/crti.o
LOAD /Applications/ArmGNUToolchain/15.2.rel1/arm-none-eabi/bin/../lib/gcc/arm-none-eabi/15.2.1/thumb/v7e-m+dp/hard/crtbegin.o
LOAD /Applications/ArmGNUToolchain/15.2.rel1/arm-none-eabi/bin/../lib/gcc/arm-none-eabi/15.2.1/../../../../arm-none-eabi/lib/thumb/v7e-m+dp/hard/crt0.o
LOAD build/startup_stm32h750xx.o
LOAD /var/folders/bl/95skd8cn3gn502mjcf4ms5700000gn/T//ccKMsjOq.ltrans0.ltrans.o
LOAD /var/folders/bl/95skd8cn3gn502mjcf4ms5700000gn/T//ccmbF1A5.debug.temp.o
LOAD /var/folders/bl/95skd8cn3gn502mjcf4ms5700000gn/T//ccpwhXxL.debug.temp.o
LOAD /var/folders/bl/95skd8cn3gn502mjcf4ms5700000gn/T//cc51Nqzs.debug.temp.o
LOAD /var/folders/bl/95skd8cn3gn502mjcf4ms5700000gn/T//ccT4uFj4.debug.temp.o
LOAD /var/folders/bl/95skd8cn3gn502mjcf4ms5700000gn/T//ccPaVS9y.debug.temp.o
LOAD /var/folders/bl/95skd8cn3gn502mjcf4ms5700000gn/T//ccxXMGpD.debug.temp.o
LOAD /var/folders/bl/95skd8cn3gn502mjcf4ms5700000gn/T//ccY34p5a.debug.temp.o
LOAD /var/folders/bl/95skd8cn3gn502mjcf4ms5700000gn/T//ccklS5aA.debug.temp.o
LOAD /var/folders/bl/95skd8cn3gn502mjcf4ms5700000gn/T//ccmETt1Q.debug.temp.o
LOAD /var/folders/bl/95skd8cn3gn502mjcf4ms5700000gn/T//ccu6sNfC.debug.temp.o
LOAD /var/folders/bl/95skd8cn3gn502mjcf4ms5700000gn/T//cckwpPTh.debug.temp.o
LOAD /var/folders/bl/95skd8cn3gn502mjcf4ms5700000gn/T//ccRpy61j.debug.temp.o
LOAD /var/folders/bl/95skd8cn3gn502mjcf4ms5700000gn/T//ccDLVvNR.debug.temp.o
LOAD /var/folders/bl/95skd8cn3gn502mjcf4ms5700000gn/T//ccxG8dxG.debug.temp.o
LOAD /var/folders/bl/95skd8cn3gn502mjcf4ms5700000gn/T//ccdxqpCz.debug.temp.o
LOAD /var/folders/bl/95skd8cn3gn502mjcf4ms5700000gn/T//ccpN5jVY.debug.temp.o
LOAD /var/folders/bl/95skd8cn3gn502mjcf4ms5700000gn/T//ccBzojcS.debug.temp.o
LOAD /var/folders/bl/95skd8cn3gn502mjcf4ms5700000gn/T//ccho7S4y.debug.temp.o
LOAD /var/folders/bl/95skd8cn3gn502mjcf4ms5700000gn/T//ccJvP0Fv.debug.temp.o
LOAD /var/folders/bl/95skd8cn3gn502mjcf4ms5700000gn/T//ccp9D8Me.debug.temp.o
LOAD /var/folders/bl/95skd8cn3gn502mjcf4ms5700000gn/T//ccclG8JL.debug.temp.o
LOAD /var/folders/bl/95skd8cn3gn502mjcf4ms5700000gn/T//cc0xwQFR.debug.temp.o
LOAD /var/folders/bl/95skd8cn3gn502mjcf4ms5700000gn/T//cccLeVjK.debug.temp.o
LOAD /var/folders/bl/95skd8cn3gn502mjcf4ms5700000gn/T//ccEl6rn6.debug.temp.o
LOAD /var/folders/bl/95skd8cn3gn502mjcf4ms5700000gn/T//cc4oP0AG.debug.temp.o
LOAD /var/folders/bl/95skd8cn3gn502mjcf4ms5700000gn/T//cclg8Oa3.debug.temp.o
LOAD /var/folders/bl/95skd8cn3gn502mjcf4ms5700000gn/T//ccYYEKRm.debug.temp.o
LOAD /var/folders/bl/95skd8cn3gn502mjcf4ms5700000gn/T//ccPX9Vdv.debug.temp.o
LOAD /var/folders/bl/95skd8cn3gn502mjcf4ms5700000gn/T//cc7Cl5T9.debug.temp.o
LOAD /var/folders/bl/95skd8cn3gn502mjcf4ms5700000gn/T//ccXxJ5qy.debug.temp.o
LOAD /var/folders/bl/95skd8cn3gn502mjcf4ms5700000gn/T//cc4ibDop.debug.temp.o
LOAD /var/folders/bl/95skd8cn3gn502mjcf4ms5700000gn/T//ccbkRYGO.debug.temp.o
LOAD /var/folders/bl/95skd8cn3gn502mjcf4ms5700000gn/T//ccQIy58J.debug.temp.o
LOAD /var/folders/bl/95skd8cn3gn502mjcf4ms5700000gn/T//cc8GmMIU.debug.temp.o
LOAD /var/folders/bl/95skd8cn3gn502mjcf4ms5700000gn/T//cciXJjbq.debug.temp.o
LOAD /var/folders/bl/95skd8cn3gn502mjcf4ms5700000gn/T//cc0OO5PI.debug.temp.o
LOAD /var/folders/bl/95skd8cn3gn502mjcf4ms5700000gn/T//cc7TNT2y.debug.temp.o
LOAD /var/folders/bl/95skd8cn3gn502mjcf4ms5700000gn/T//ccKtJlrB.debug.temp.o
LOAD /var/folders/bl/95skd8cn3gn502mjcf4ms5700000gn/T//ccu8KewS.debug.temp.o
LOAD /var/folders/bl/95skd8cn3gn502mjcf4ms5700000gn/T//ccE9bUJc.debug.temp.o
LOAD build/main.o
LOAD build/controls.o
LOAD build/audio_engine.o
LOAD build/delay_param_set.o
LOAD build/delay_param_map.o
LOAD build/mod_param_set.o
LOAD build/mod_param_map.o
LOAD build/reverb_param_set.o
LOAD build/reverb_param_map.o
LOAD build/delay_line_sdram.o
LOAD build/envelope_follower.o
LOAD build/lfo.o
LOAD build/tone_filter.o
LOAD build/fdn.o
LOAD build/pitch_shifter.o
LOAD build/digital_delay.o
LOAD build/tape_delay.o
LOAD build/dual_delay.o
LOAD build/filter_delay.o
LOAD build/delay_mode_registry.o
LOAD build/chorus_mode.o
LOAD build/flanger_mode.o
LOAD build/rotary_mode.o
LOAD build/vibe_mode.o
LOAD build/phaser_mode.o
LOAD build/vintage_trem_mode.o
LOAD build/mod_mode_registry.o
LOAD build/room_reverb.o
LOAD build/hall_reverb.o
LOAD build/plate_reverb.o
LOAD build/spring_reverb.o
LOAD build/reverb_mode_registry.o
LOAD build/midi_handler.o
LOAD build/st7789_driver.o
LOAD build/display_renderer.o
LOAD build/display_manager.o
LOAD build/preset_manager.o
LOAD build/tap_tempo.o
LOAD build/tempo_sync.o
LOAD third_party/libDaisy/build/libdaisy.a
LOAD /Applications/ArmGNUToolchain/15.2.rel1/arm-none-eabi/bin/../lib/gcc/arm-none-eabi/15.2.1/../../../../arm-none-eabi/lib/thumb/v7e-m+dp/hard/libnosys.a
LOAD third_party/DaisySP/build/libdaisysp.a
LOAD /Applications/ArmGNUToolchain/15.2.rel1/arm-none-eabi/bin/../lib/gcc/arm-none-eabi/15.2.1/../../../../arm-none-eabi/lib/thumb/v7e-m+dp/hard/libstdc++_nano.a
LOAD /Applications/ArmGNUToolchain/15.2.rel1/arm-none-eabi/bin/../lib/gcc/arm-none-eabi/15.2.1/../../../../arm-none-eabi/lib/thumb/v7e-m+dp/hard/libm.a
LOAD /Applications/ArmGNUToolchain/15.2.rel1/arm-none-eabi/bin/../lib/gcc/arm-none-eabi/15.2.1/../../../../arm-none-eabi/lib/thumb/v7e-m+dp/hard/libc_nano.a
START GROUP
LOAD /Applications/ArmGNUToolchain/15.2.rel1/arm-none-eabi/bin/../lib/gcc/arm-none-eabi/15.2.1/thumb/v7e-m+dp/hard/libgcc.a
LOAD /Applications/ArmGNUToolchain/15.2.rel1/arm-none-eabi/bin/../lib/gcc/arm-none-eabi/15.2.1/../../../../arm-none-eabi/lib/thumb/v7e-m+dp/hard/libc_nano.a
END GROUP
START GROUP
LOAD /Applications/ArmGNUToolchain/15.2.rel1/arm-none-eabi/bin/../lib/gcc/arm-none-eabi/15.2.1/thumb/v7e-m+dp/hard/libgcc.a
LOAD /Applications/ArmGNUToolchain/15.2.rel1/arm-none-eabi/bin/../lib/gcc/arm-none-eabi/15.2.1/../../../../arm-none-eabi/lib/thumb/v7e-m+dp/hard/libc_nano.a
LOAD /Applications/ArmGNUToolchain/15.2.rel1/arm-none-eabi/bin/../lib/gcc/arm-none-eabi/15.2.1/../../../../arm-none-eabi/lib/thumb/v7e-m+dp/hard/libnosys.a
END GROUP
START GROUP
LOAD /Applications/ArmGNUToolchain/15.2.rel1/arm-none-eabi/bin/../lib/gcc/arm-none-eabi/15.2.1/thumb/v7e-m+dp/hard/libgcc.a
LOAD /Applications/ArmGNUToolchain/15.2.rel1/arm-none-eabi/bin/../lib/gcc/arm-none-eabi/15.2.1/../../../../arm-none-eabi/lib/thumb/v7e-m+dp/hard/libc_nano.a
LOAD /Applications/ArmGNUToolchain/15.2.rel1/arm-none-eabi/bin/../lib/gcc/arm-none-eabi/15.2.1/../../../../arm-none-eabi/lib/thumb/v7e-m+dp/hard/libnosys.a
END GROUP
LOAD /Applications/ArmGNUToolchain/15.2.rel1/arm-none-eabi/bin/../lib/gcc/arm-none-eabi/15.2.1/thumb/v7e-m+dp/hard/crtend.o
LOAD /Applications/ArmGNUToolchain/15.2.rel1/arm-none-eabi/bin/../lib/gcc/arm-none-eabi/15.2.1/thumb/v7e-m+dp/hard/crtn.o
                0x20020000                        _estack = 0x20020000

.isr_vector     0x90040000      0x298
                0x90040000                        . = ALIGN (0x4)
 *(.isr_vector)
 .isr_vector    0x90040000      0x298 /var/folders/bl/95skd8cn3gn502mjcf4ms5700000gn/T//ccKMsjOq.ltrans0.ltrans.o
                0x90040000                g_pfnVectors
                0x90040298                        . = ALIGN (0x4)

.text           0x900402a0    0x1c040
                0x900402a0                        . = ALIGN (0x4)
                0x900402a0                        _stext = .
 *(.text)
 .text          0x900402a0     0x3710 /var/folders/bl/95skd8cn3gn502mjcf4ms5700000gn/T//ccKMsjOq.ltrans0.ltrans.o
                0x9004396c                Reset_Handler
 .text          0x900439b0       0x10 /Applications/ArmGNUToolchain/15.2.rel1/arm-none-eabi/bin/../lib/gcc/arm-none-eabi/15.2.1/../../../../arm-none-eabi/lib/thumb/v7e-m+dp/hard/libc_nano.a(libc_a-strlen.o)
                0x900439b0                strlen
 .text          0x900439c0       0xa0 /Applications/ArmGNUToolchain/15.2.rel1/arm-none-eabi/bin/../lib/gcc/arm-none-eabi/15.2.1/../../../../arm-none-eabi/lib/thumb/v7e-m+dp/hard/libc_nano.a(libc_a-memchr.o)
                0x900439c0                memchr
 .text          0x90043a60       0x30 /Applications/ArmGNUToolchain/15.2.rel1/arm-none-eabi/bin/../lib/gcc/arm-none-eabi/15.2.1/thumb/v7e-m+dp/hard/libgcc.a(_aeabi_uldivmod.o)
                0x90043a60                __aeabi_uldivmod
 .text          0x90043a90        0x4 /Applications/ArmGNUToolchain/15.2.rel1/arm-none-eabi/bin/../lib/gcc/arm-none-eabi/15.2.1/thumb/v7e-m+dp/hard/libgcc.a(_dvmd_tls.o)
                0x90043a90                __aeabi_ldiv0
                0x90043a90                __aeabi_idiv0
 *(.text*)
 .text.deregister_tm_clones
                0x90043a94       0x1c /Applications/ArmGNUToolchain/15.2.rel1/arm-none-eabi/bin/../lib/gcc/arm-none-eabi/15.2.1/thumb/v7e-m+dp/hard/crtbegin.o
 .text.register_tm_clones
                0x90043ab0       0x24 /Applications/ArmGNUToolchain/15.2.rel1/arm-none-eabi/bin/../lib/gcc/arm-none-eabi/15.2.1/thumb/v7e-m+dp/hard/crtbegin.o
 .text.__do_global_dtors_aux
                0x90043ad4       0x28 /Applications/ArmGNUToolchain/15.2.rel1/arm-none-eabi/bin/../lib/gcc/arm-none-eabi/15.2.1/thumb/v7e-m+dp/hard/crtbegin.o
 .text.frame_dummy
                0x90043afc       0x24 /Applications/ArmGNUToolchain/15.2.rel1/arm-none-eabi/bin/../lib/gcc/arm-none-eabi/15.2.1/thumb/v7e-m+dp/hard/crtbegin.o
 .text.startup  0x90043b20     0x1628 /var/folders/bl/95skd8cn3gn502mjcf4ms5700000gn/T//ccKMsjOq.ltrans0.ltrans.o
                0x90043b20                main
 .text._ZN5daisy9DaisySeed10StartAudioEPFvPKPKfPPfjE
                0x90045148        0x8 third_party/libDaisy/build/libdaisy.a(daisy_seed.o)
                0x90045148                daisy::DaisySeed::StartAudio(void (*)(float const* const*, float**, unsigned int))
 .text._ZN5daisy9DaisySeed18SetAudioSampleRateENS_9SaiHandle6Config10SampleRateE
                0x90045150       0x38 third_party/libDaisy/build/libdaisy.a(daisy_seed.o)
                0x90045150                daisy::DaisySeed::SetAudioSampleRate(daisy::SaiHandle::Config::SampleRate)
 .text._ZN5daisy9DaisySeed17SetAudioBlockSizeEj
                0x90045188       0x38 third_party/libDaisy/build/libdaisy.a(daisy_seed.o)
                0x90045188                daisy::DaisySeed::SetAudioBlockSize(unsigned int)
 .text._ZN5daisy9DaisySeed17CheckBoardVersionEv
                0x900451c0       0x68 third_party/libDaisy/build/libdaisy.a(daisy_seed.o)
                0x900451c0                daisy::DaisySeed::CheckBoardVersion()
 .text._ZN5daisy9DaisySeed14ConfigureAudioEv
                0x90045228      0x104 third_party/libDaisy/build/libdaisy.a(daisy_seed.o)
                0x90045228                daisy::DaisySeed::ConfigureAudio()
 .text._ZN5daisy9DaisySeed4InitEb
                0x9004532c       0xec third_party/libDaisy/build/libdaisy.a(daisy_seed.o)
                0x9004532c                daisy::DaisySeed::Init(bool)
 .text._ZN5daisy6Ak45564InitENS_3PinE
                0x90045418       0x40 third_party/libDaisy/build/libdaisy.a(codec_ak4556.o)
                0x90045418                daisy::Ak4556::Init(daisy::Pin)
 .text._ZN5daisy6Wm873120WriteControlRegisterEht
                0x90045458       0x3c third_party/libDaisy/build/libdaisy.a(codec_wm8731.o)
                0x90045458                daisy::Wm8731::WriteControlRegister(unsigned char, unsigned short)
 .text._ZN5daisy6Wm87314InitERKNS0_6ConfigENS_9I2CHandleE
                0x90045494      0x1b0 third_party/libDaisy/build/libdaisy.a(codec_wm8731.o)
                0x90045494                daisy::Wm8731::Init(daisy::Wm8731::Config const&, daisy::I2CHandle)
 .text._ZN11SdramHandle10DeviceInitEv
                0x90045644       0x88 third_party/libDaisy/build/libdaisy.a(sdram.o)
                0x90045644                SdramHandle::DeviceInit()
 *fill*         0x900456cc        0x4 
 .text._ZN11SdramHandle4InitEv
                0x900456d0       0x88 third_party/libDaisy/build/libdaisy.a(sdram.o)
                0x900456d0                SdramHandle::Init()
 .text.HAL_SDRAM_MspInit
                0x90045758      0x19c third_party/libDaisy/build/libdaisy.a(sdram.o)
                0x90045758                HAL_SDRAM_MspInit
 .text._ZN5daisy11AudioHandle4Impl16InternalCallbackEPlS2_j
                0x900458f4      0xdac third_party/libDaisy/build/libdaisy.a(audio.o)
                0x900458f4                daisy::AudioHandle::Impl::InternalCallback(long*, long*, unsigned int)
 .text._ZN5daisy11AudioHandle4InitERKNS0_6ConfigENS_9SaiHandleE
                0x900466a0       0x74 third_party/libDaisy/build/libdaisy.a(audio.o)
                0x900466a0                daisy::AudioHandle::Init(daisy::AudioHandle::Config const&, daisy::SaiHandle)
 .text._ZNK5daisy11AudioHandle9GetConfigEv
                0x90046714        0x8 third_party/libDaisy/build/libdaisy.a(audio.o)
                0x90046714                daisy::AudioHandle::GetConfig() const
 .text._ZN5daisy11AudioHandle12SetBlockSizeEj
                0x9004671c       0x1c third_party/libDaisy/build/libdaisy.a(audio.o)
                0x9004671c                daisy::AudioHandle::SetBlockSize(unsigned int)
 .text._ZN5daisy11AudioHandle13GetSampleRateEv
                0x90046738        0x8 third_party/libDaisy/build/libdaisy.a(audio.o)
                0x90046738                daisy::AudioHandle::GetSampleRate()
 .text._ZN5daisy11AudioHandle13SetSampleRateENS_9SaiHandle6Config10SampleRateE
                0x90046740       0xa8 third_party/libDaisy/build/libdaisy.a(audio.o)
                0x90046740                daisy::AudioHandle::SetSampleRate(daisy::SaiHandle::Config::SampleRate)
 .text._ZN5daisy11AudioHandle5StartEPFvPKPKfPPfjE
                0x900467e8       0x44 third_party/libDaisy/build/libdaisy.a(audio.o)
                0x900467e8                daisy::AudioHandle::Start(void (*)(float const* const*, float**, unsigned int))
 .text.startup._GLOBAL__sub_I__ZN5daisy11AudioHandle4Impl4InitENS0_6ConfigENS_9SaiHandleE
                0x9004682c       0x20 third_party/libDaisy/build/libdaisy.a(audio.o)
 .text._ZN5daisy7Encoder4InitENS_3PinES1_S1_f
                0x9004684c       0x5c third_party/libDaisy/build/libdaisy.a(encoder.o)
                0x9004684c                daisy::Encoder::Init(daisy::Pin, daisy::Pin, daisy::Pin, float)
 .text._ZN5daisy7Encoder8DebounceEv
                0x900468a8       0x84 third_party/libDaisy/build/libdaisy.a(encoder.o)
                0x900468a8                daisy::Encoder::Debounce()
 .text._ZN5daisy17MidiUartTransport6ConfigC2Ev
                0x9004692c       0x28 third_party/libDaisy/build/libdaisy.a(midi.o)
                0x9004692c                daisy::MidiUartTransport::Config::Config()
                0x9004692c                daisy::MidiUartTransport::Config::Config()
 .text._ZN5daisy10MidiParser5ParseEhPNS_9MidiEventE
                0x90046954      0x19c third_party/libDaisy/build/libdaisy.a(midi_parser.o)
                0x90046954                daisy::MidiParser::Parse(unsigned char, daisy::MidiEvent*)
 .text._ZN5daisy10MidiParser5ResetEv
                0x90046af0        0xc third_party/libDaisy/build/libdaisy.a(midi_parser.o)
                0x90046af0                daisy::MidiParser::Reset()
 .text._ZN5daisy6Switch4InitENS_3PinEf
                0x90046afc       0x2c third_party/libDaisy/build/libdaisy.a(switch.o)
                0x90046afc                daisy::Switch::Init(daisy::Pin, float)
 .text._ZN5daisy6Switch8DebounceEv
                0x90046b28       0x48 third_party/libDaisy/build/libdaisy.a(switch.o)
                0x90046b28                daisy::Switch::Debounce()
 .text._ZN5daisy16MidiUsbTransport4Impl5ParseEv
                0x90046b70       0x74 third_party/libDaisy/build/libdaisy.a(usb_midi.o)
                0x90046b70                daisy::MidiUsbTransport::Impl::Parse()
 .text._Z15ReceiveCallbackPhPm
                0x90046be4       0x98 third_party/libDaisy/build/libdaisy.a(usb_midi.o)
                0x90046be4                ReceiveCallback(unsigned char*, unsigned long*)
 .text._ZL19HostReceiveCallbackPhjPv
                0x90046c7c       0x94 third_party/libDaisy/build/libdaisy.a(usb_midi.o)
 .text._ZN5daisy16MidiUsbTransport4InitENS0_6ConfigE
                0x90046d10       0x78 third_party/libDaisy/build/libdaisy.a(usb_midi.o)
                0x90046d10                daisy::MidiUsbTransport::Init(daisy::MidiUsbTransport::Config)
 .text._ZN5daisy16MidiUsbTransport7StartRxEPFvPhjPvES2_
                0x90046d88       0x1c third_party/libDaisy/build/libdaisy.a(usb_midi.o)
                0x90046d88                daisy::MidiUsbTransport::StartRx(void (*)(unsigned char*, unsigned int, void*), void*)
 .text._ZN5daisy16MidiUsbTransport8RxActiveEv
                0x90046da4        0x8 third_party/libDaisy/build/libdaisy.a(usb_midi.o)
                0x90046da4                daisy::MidiUsbTransport::RxActive()
 .text._ZN5daisy16MidiUsbTransport7FlushRxEv
                0x90046dac        0xc third_party/libDaisy/build/libdaisy.a(usb_midi.o)
                0x90046dac                daisy::MidiUsbTransport::FlushRx()
 .text.startup._GLOBAL__sub_I__Z15ReceiveCallbackPhPm
                0x90046db8       0x4c third_party/libDaisy/build/libdaisy.a(usb_midi.o)
 .text._ZN5daisy4GPIO4InitERKNS0_6ConfigE
                0x90046e04      0x220 third_party/libDaisy/build/libdaisy.a(gpio.o)
                0x90046e04                daisy::GPIO::Init(daisy::GPIO::Config const&)
 .text._ZN5daisy4GPIO4InitENS_3PinENS0_4ModeENS0_4PullENS0_5SpeedE
                0x90047024      0x224 third_party/libDaisy/build/libdaisy.a(gpio.o)
                0x90047024                daisy::GPIO::Init(daisy::Pin, daisy::GPIO::Mode, daisy::GPIO::Pull, daisy::GPIO::Speed)
 .text._ZN5daisy4GPIO4ReadEv
                0x90047248       0x18 third_party/libDaisy/build/libdaisy.a(gpio.o)
                0x90047248                daisy::GPIO::Read()
 .text._ZN5daisy4GPIO5WriteEb
                0x90047260       0x14 third_party/libDaisy/build/libdaisy.a(gpio.o)
                0x90047260                daisy::GPIO::Write(bool)
 .text._ZN5daisy9I2CHandle4Impl8InitPinsEv
                0x90047274       0x70 third_party/libDaisy/build/libdaisy.a(i2c.o)
                0x90047274                daisy::I2CHandle::Impl::InitPins()
 .text.HAL_I2C_MspInit
                0x900472e4      0x1c8 third_party/libDaisy/build/libdaisy.a(i2c.o)
                0x900472e4                HAL_I2C_MspInit
 .text.dsy_i2c_global_init
                0x900474ac       0x40 third_party/libDaisy/build/libdaisy.a(i2c.o)
                0x900474ac                dsy_i2c_global_init
 .text.DMA1_Stream6_IRQHandler
                0x900474ec       0x40 third_party/libDaisy/build/libdaisy.a(i2c.o)
                0x900474ec                DMA1_Stream6_IRQHandler
 .text.I2C1_EV_IRQHandler
                0x9004752c        0xc third_party/libDaisy/build/libdaisy.a(i2c.o)
                0x9004752c                I2C1_EV_IRQHandler
 .text.I2C2_EV_IRQHandler
                0x90047538        0xc third_party/libDaisy/build/libdaisy.a(i2c.o)
                0x90047538                I2C2_EV_IRQHandler
 .text.I2C3_EV_IRQHandler
                0x90047544        0xc third_party/libDaisy/build/libdaisy.a(i2c.o)
                0x90047544                I2C3_EV_IRQHandler
 .text._ZN5daisy9I2CHandle4InitERKNS0_6ConfigE
                0x90047550      0x130 third_party/libDaisy/build/libdaisy.a(i2c.o)
                0x90047550                daisy::I2CHandle::Init(daisy::I2CHandle::Config const&)
 .text._ZN5daisy9I2CHandle16TransmitBlockingEtPhtm
                0x90047680       0x50 third_party/libDaisy/build/libdaisy.a(i2c.o)
                0x90047680                daisy::I2CHandle::TransmitBlocking(unsigned short, unsigned char*, unsigned short, unsigned long)
 .text.startup._GLOBAL__sub_I__ZN5daisy9I2CHandle4Impl10GlobalInitEv
                0x900476d0       0x2c third_party/libDaisy/build/libdaisy.a(i2c.o)
 .text._ZN5daisy10QSPIHandle4Impl11WriteEnableEv
                0x900476fc       0x8c third_party/libDaisy/build/libdaisy.a(qspi.o)
                0x900476fc                daisy::QSPIHandle::Impl::WriteEnable()
 .text._ZN5daisy10QSPIHandle4Impl17DummyCyclesConfigENS0_6Config6DeviceE
                0x90047788      0x108 third_party/libDaisy/build/libdaisy.a(qspi.o)
                0x90047788                daisy::QSPIHandle::Impl::DummyCyclesConfig(daisy::QSPIHandle::Config::Device)
 .text._ZN5daisy10QSPIHandle4Impl10QuadEnableEv
                0x90047890      0x140 third_party/libDaisy/build/libdaisy.a(qspi.o)
                0x90047890                daisy::QSPIHandle::Impl::QuadEnable()
 .text._ZN5daisy10QSPIHandle4Impl21DefaultStatusRegisterEv
                0x900479d0      0x140 third_party/libDaisy/build/libdaisy.a(qspi.o)
                0x900479d0                daisy::QSPIHandle::Impl::DefaultStatusRegister()
 .text._ZN5daisy10QSPIHandle4Impl7PreInitEm
                0x90047b10      0x1a0 third_party/libDaisy/build/libdaisy.a(qspi.o)
                0x90047b10                daisy::QSPIHandle::Impl::PreInit(unsigned long)
 .text._ZN5daisy10QSPIHandle4Impl4InitERKNS0_6ConfigE
                0x90047cb0      0x1bc third_party/libDaisy/build/libdaisy.a(qspi.o)
                0x90047cb0                daisy::QSPIHandle::Impl::Init(daisy::QSPIHandle::Config const&)
 *fill*         0x90047e6c        0x4 
 .text._ZN5daisy10QSPIHandle4Impl7SetModeENS0_6Config4ModeE
                0x90047e70      0x1ac third_party/libDaisy/build/libdaisy.a(qspi.o)
                0x90047e70                daisy::QSPIHandle::Impl::SetMode(daisy::QSPIHandle::Config::Mode)
 *fill*         0x9004801c        0x4 
 .text._ZN5daisy10QSPIHandle4Impl9WritePageEmmPhb
                0x90048020      0x1a8 third_party/libDaisy/build/libdaisy.a(qspi.o)
                0x90048020                daisy::QSPIHandle::Impl::WritePage(unsigned long, unsigned long, unsigned char*, bool)
 .text._ZN5daisy10QSPIHandle4Impl5WriteEmmPh
                0x900481c8      0x300 third_party/libDaisy/build/libdaisy.a(qspi.o)
                0x900481c8                daisy::QSPIHandle::Impl::Write(unsigned long, unsigned long, unsigned char*)
 .text._ZN5daisy10QSPIHandle4InitERKNS0_6ConfigE
                0x900484c8      0x1b4 third_party/libDaisy/build/libdaisy.a(qspi.o)
                0x900484c8                daisy::QSPIHandle::Init(daisy::QSPIHandle::Config const&)
 .text._ZN5daisy10QSPIHandle5WriteEmmPh
                0x9004867c        0x8 third_party/libDaisy/build/libdaisy.a(qspi.o)
                0x9004867c                daisy::QSPIHandle::Write(unsigned long, unsigned long, unsigned char*)
 *fill*         0x90048684        0x4 
 .text._ZN5daisy10QSPIHandle5EraseEmm
                0x90048688      0x1dc third_party/libDaisy/build/libdaisy.a(qspi.o)
                0x90048688                daisy::QSPIHandle::Erase(unsigned long, unsigned long)
 .text._ZN5daisy10QSPIHandle7GetDataEm
                0x90048864        0xc third_party/libDaisy/build/libdaisy.a(qspi.o)
                0x90048864                daisy::QSPIHandle::GetData(unsigned long)
 .text.HAL_QSPI_MspInit
                0x90048870      0x17c third_party/libDaisy/build/libdaisy.a(qspi.o)
                0x90048870                HAL_QSPI_MspInit
 .text.HAL_QSPI_MspDeInit
                0x900489ec      0x154 third_party/libDaisy/build/libdaisy.a(qspi.o)
                0x900489ec                HAL_QSPI_MspDeInit
 .text.QUADSPI_IRQHandler
                0x90048b40        0xc third_party/libDaisy/build/libdaisy.a(qspi.o)
                0x90048b40                QUADSPI_IRQHandler
 .text.startup._GLOBAL__sub_I__ZN5daisy10QSPIHandle4Impl7PreInitEm
                0x90048b4c       0x48 third_party/libDaisy/build/libdaisy.a(qspi.o)
 .text._ZN5daisy9SaiHandle4Impl8InitPinsEv
                0x90048b94       0xc8 third_party/libDaisy/build/libdaisy.a(sai.o)
                0x90048b94                daisy::SaiHandle::Impl::InitPins()
 .text.HAL_SAI_MspInit
                0x90048c5c      0x2e0 third_party/libDaisy/build/libdaisy.a(sai.o)
                0x90048c5c                HAL_SAI_MspInit
 .text.DMA1_Stream0_IRQHandler
                0x90048f3c        0xc third_party/libDaisy/build/libdaisy.a(sai.o)
                0x90048f3c                DMA1_Stream0_IRQHandler
 .text.DMA1_Stream1_IRQHandler
                0x90048f48        0xc third_party/libDaisy/build/libdaisy.a(sai.o)
                0x90048f48                DMA1_Stream1_IRQHandler
 .text.DMA1_Stream3_IRQHandler
                0x90048f54        0xc third_party/libDaisy/build/libdaisy.a(sai.o)
                0x90048f54                DMA1_Stream3_IRQHandler
 .text.DMA1_Stream4_IRQHandler
                0x90048f60        0xc third_party/libDaisy/build/libdaisy.a(sai.o)
                0x90048f60                DMA1_Stream4_IRQHandler
 .text.HAL_SAI_RxHalfCpltCallback
                0x90048f6c       0x78 third_party/libDaisy/build/libdaisy.a(sai.o)
                0x90048f6c                HAL_SAI_RxHalfCpltCallback
 .text.HAL_SAI_RxCpltCallback
                0x90048fe4       0x70 third_party/libDaisy/build/libdaisy.a(sai.o)
                0x90048fe4                HAL_SAI_RxCpltCallback
 *fill*         0x90049054        0x4 
 .text._ZN5daisy9SaiHandle4InitERKNS0_6ConfigE
                0x90049058      0x1fc third_party/libDaisy/build/libdaisy.a(sai.o)
                0x90049058                daisy::SaiHandle::Init(daisy::SaiHandle::Config const&)
 .text._ZNK5daisy9SaiHandle9GetConfigEv
                0x90049254        0x4 third_party/libDaisy/build/libdaisy.a(sai.o)
                0x90049254                daisy::SaiHandle::GetConfig() const
 .text._ZN5daisy9SaiHandle8StartDmaEPlS1_jPFvS1_S1_jE
                0x90049258       0xb4 third_party/libDaisy/build/libdaisy.a(sai.o)
                0x90049258                daisy::SaiHandle::StartDma(long*, long*, unsigned int, void (*)(long*, long*, unsigned int))
 .text._ZN5daisy9SaiHandle13GetSampleRateEv
                0x9004930c       0x24 third_party/libDaisy/build/libdaisy.a(sai.o)
                0x9004930c                daisy::SaiHandle::GetSampleRate()
 .text._ZNK5daisy9SaiHandle9GetOffsetEv
                0x90049330        0x8 third_party/libDaisy/build/libdaisy.a(sai.o)
                0x90049330                daisy::SaiHandle::GetOffset() const
 .text.startup._GLOBAL__sub_I__ZN5daisy9SaiHandle4Impl4InitERKNS0_6ConfigE
                0x90049338       0x20 third_party/libDaisy/build/libdaisy.a(sai.o)
 .text._ZN5daisy9SpiHandle4Impl7InitDmaEv
                0x90049358       0xf4 third_party/libDaisy/build/libdaisy.a(spi.o)
                0x90049358                daisy::SpiHandle::Impl::InitDma()
 .text._ZN5daisy9SpiHandle4Impl10StartDmaTxEPhjPFvPvEPFvS3_NS0_6ResultEES3_
                0x9004944c       0x88 third_party/libDaisy/build/libdaisy.a(spi.o)
                0x9004944c                daisy::SpiHandle::Impl::StartDmaTx(unsigned char*, unsigned int, void (*)(void*), void (*)(void*, daisy::SpiHandle::Result), void*)
 .text._ZN5daisy9SpiHandle4Impl10StartDmaRxEPhjPFvPvEPFvS3_NS0_6ResultEES3_
                0x900494d4       0x88 third_party/libDaisy/build/libdaisy.a(spi.o)
                0x900494d4                daisy::SpiHandle::Impl::StartDmaRx(unsigned char*, unsigned int, void (*)(void*), void (*)(void*, daisy::SpiHandle::Result), void*)
 .text._ZN5daisy9SpiHandle4Impl12StartDmaRxTxEPhS2_jPFvPvEPFvS3_NS0_6ResultEES3_
                0x9004955c       0x84 third_party/libDaisy/build/libdaisy.a(spi.o)
                0x9004955c                daisy::SpiHandle::Impl::StartDmaRxTx(unsigned char*, unsigned char*, unsigned int, void (*)(void*), void (*)(void*, daisy::SpiHandle::Result), void*)
 .text._ZN5daisy9SpiHandle4Impl8InitPinsEv
                0x900495e0      0x220 third_party/libDaisy/build/libdaisy.a(spi.o)
                0x900495e0                daisy::SpiHandle::Impl::InitPins()
 .text.HAL_SPI_MspInit
                0x90049800      0x708 third_party/libDaisy/build/libdaisy.a(spi.o)
                0x90049800                HAL_SPI_MspInit
 .text.dsy_spi_global_init
                0x90049f08       0x60 third_party/libDaisy/build/libdaisy.a(spi.o)
                0x90049f08                dsy_spi_global_init
 .text.SPI1_IRQHandler
                0x90049f68        0xc third_party/libDaisy/build/libdaisy.a(spi.o)
                0x90049f68                SPI1_IRQHandler
 .text.SPI2_IRQHandler
                0x90049f74        0xc third_party/libDaisy/build/libdaisy.a(spi.o)
                0x90049f74                SPI2_IRQHandler
 .text.SPI3_IRQHandler
                0x90049f80        0xc third_party/libDaisy/build/libdaisy.a(spi.o)
                0x90049f80                SPI3_IRQHandler
 .text.SPI4_IRQHandler
                0x90049f8c        0xc third_party/libDaisy/build/libdaisy.a(spi.o)
                0x90049f8c                SPI4_IRQHandler
 .text.SPI5_IRQHandler
                0x90049f98        0xc third_party/libDaisy/build/libdaisy.a(spi.o)
                0x90049f98                SPI5_IRQHandler
 .text.DMA2_Stream2_IRQHandler
                0x90049fa4       0x40 third_party/libDaisy/build/libdaisy.a(spi.o)
                0x90049fa4                DMA2_Stream2_IRQHandler
 .text.DMA2_Stream3_IRQHandler
                0x90049fe4       0x40 third_party/libDaisy/build/libdaisy.a(spi.o)
                0x90049fe4                DMA2_Stream3_IRQHandler
 .text.HAL_SPI_TxCpltCallback
                0x9004a024       0xc0 third_party/libDaisy/build/libdaisy.a(spi.o)
                0x9004a024                HAL_SPI_TxCpltCallback
 .text.HAL_SPI_RxCpltCallback
                0x9004a0e4       0xc0 third_party/libDaisy/build/libdaisy.a(spi.o)
                0x9004a0e4                HAL_SPI_RxCpltCallback
 .text.HAL_SPI_TxRxCpltCallback
                0x9004a1a4       0xc0 third_party/libDaisy/build/libdaisy.a(spi.o)
                0x9004a1a4                HAL_SPI_TxRxCpltCallback
 .text.HAL_SPI_ErrorCallback
                0x9004a264       0xc8 third_party/libDaisy/build/libdaisy.a(spi.o)
                0x9004a264                HAL_SPI_ErrorCallback
 .text._ZN5daisy9SpiHandle4InitERKNS0_6ConfigE
                0x9004a32c      0x13c third_party/libDaisy/build/libdaisy.a(spi.o)
                0x9004a32c                daisy::SpiHandle::Init(daisy::SpiHandle::Config const&)
 .text._ZN5daisy9SpiHandle16BlockingTransmitEPhjm
                0x9004a468       0x14 third_party/libDaisy/build/libdaisy.a(spi.o)
                0x9004a468                daisy::SpiHandle::BlockingTransmit(unsigned char*, unsigned int, unsigned long)
 .text._ZN5daisy9SpiHandle11DmaTransmitEPhjPFvPvEPFvS2_NS0_6ResultEES2_
                0x9004a47c       0x5c third_party/libDaisy/build/libdaisy.a(spi.o)
                0x9004a47c                daisy::SpiHandle::DmaTransmit(unsigned char*, unsigned int, void (*)(void*), void (*)(void*, daisy::SpiHandle::Result), void*)
 .text.startup._GLOBAL__sub_I__Z19MapInstanceToHandleP11SPI_TypeDef
                0x9004a4d8      0x25c third_party/libDaisy/build/libdaisy.a(spi.o)
 .text.HAL_TIM_Base_MspInit
                0x9004a734      0x198 third_party/libDaisy/build/libdaisy.a(tim.o)
                0x9004a734                HAL_TIM_Base_MspInit
 .text.HAL_TIM_PeriodElapsedCallback
                0x9004a8cc       0x44 third_party/libDaisy/build/libdaisy.a(tim.o)
                0x9004a8cc                HAL_TIM_PeriodElapsedCallback
 .text.TIM2_IRQHandler
                0x9004a910        0xc third_party/libDaisy/build/libdaisy.a(tim.o)
                0x9004a910                TIM2_IRQHandler
 .text.TIM3_IRQHandler
                0x9004a91c        0xc third_party/libDaisy/build/libdaisy.a(tim.o)
                0x9004a91c                TIM3_IRQHandler
 .text.TIM4_IRQHandler
                0x9004a928        0xc third_party/libDaisy/build/libdaisy.a(tim.o)
                0x9004a928                TIM4_IRQHandler
 .text.TIM5_IRQHandler
                0x9004a934        0xc third_party/libDaisy/build/libdaisy.a(tim.o)
                0x9004a934                TIM5_IRQHandler
 .text._ZN5daisy11TimerHandle4InitERKNS0_6ConfigE
                0x9004a940       0xc4 third_party/libDaisy/build/libdaisy.a(tim.o)
                0x9004a940                daisy::TimerHandle::Init(daisy::TimerHandle::Config const&)
 .text._ZN5daisy11TimerHandle5StartEv
                0x9004aa04       0x24 third_party/libDaisy/build/libdaisy.a(tim.o)
                0x9004aa04                daisy::TimerHandle::Start()
 .text._ZN5daisy11TimerHandle12SetPrescalerEm
                0x9004aa28        0xc third_party/libDaisy/build/libdaisy.a(tim.o)
                0x9004aa28                daisy::TimerHandle::SetPrescaler(unsigned long)
 .text._ZN5daisy11TimerHandle11SetCallbackEPFvPvES1_
                0x9004aa34        0xc third_party/libDaisy/build/libdaisy.a(tim.o)
                0x9004aa34                daisy::TimerHandle::SetCallback(void (*)(void*), void*)
 .text.startup._GLOBAL__sub_I__ZN5daisy11TimerHandle4Impl4InitERKNS0_6ConfigE
                0x9004aa40       0x44 third_party/libDaisy/build/libdaisy.a(tim.o)
 .text._ZL20UART_CheckRxListenerPN5daisy11UartHandler4ImplE
                0x9004aa84       0x88 third_party/libDaisy/build/libdaisy.a(uart.o)
 .text._ZN5daisy11UartHandler4Impl10StartDmaTxEPhjPFvPvEPFvS3_NS0_6ResultEES3_
                0x9004ab0c      0x16c third_party/libDaisy/build/libdaisy.a(uart.o)
                0x9004ab0c                daisy::UartHandler::Impl::StartDmaTx(unsigned char*, unsigned int, void (*)(void*), void (*)(void*, daisy::UartHandler::Result), void*)
 .text._ZN5daisy11UartHandler4Impl10StartDmaRxEPhjPFvPvEPFvS3_NS0_6ResultEES3_
                0x9004ac78      0x16c third_party/libDaisy/build/libdaisy.a(uart.o)
                0x9004ac78                daisy::UartHandler::Impl::StartDmaRx(unsigned char*, unsigned int, void (*)(void*), void (*)(void*, daisy::UartHandler::Result), void*)
 .text._ZN5daisy11UartHandler4Impl19DmaTransferFinishedEP20__UART_HandleTypeDefNS0_6ResultE
                0x9004ade4       0xbc third_party/libDaisy/build/libdaisy.a(uart.o)
                0x9004ade4                daisy::UartHandler::Impl::DmaTransferFinished(__UART_HandleTypeDef*, daisy::UartHandler::Result)
 .text._ZN5daisy11UartHandler4Impl8InitPinsEv
                0x9004aea0      0x164 third_party/libDaisy/build/libdaisy.a(uart.o)
                0x9004aea0                daisy::UartHandler::Impl::InitPins()
 .text.HAL_UART_MspInit
                0x9004b004      0x4b4 third_party/libDaisy/build/libdaisy.a(uart.o)
                0x9004b004                HAL_UART_MspInit
 .text.dsy_uart_global_init
                0x9004b4b8       0xb8 third_party/libDaisy/build/libdaisy.a(uart.o)
                0x9004b4b8                dsy_uart_global_init
 .text.USART1_IRQHandler
                0x9004b570       0x30 third_party/libDaisy/build/libdaisy.a(uart.o)
                0x9004b570                USART1_IRQHandler
 .text.USART2_IRQHandler
                0x9004b5a0       0x38 third_party/libDaisy/build/libdaisy.a(uart.o)
                0x9004b5a0                USART2_IRQHandler
 .text.USART3_IRQHandler
                0x9004b5d8       0x38 third_party/libDaisy/build/libdaisy.a(uart.o)
                0x9004b5d8                USART3_IRQHandler
 .text.UART4_IRQHandler
                0x9004b610       0x38 third_party/libDaisy/build/libdaisy.a(uart.o)
                0x9004b610                UART4_IRQHandler
 .text.UART5_IRQHandler
                0x9004b648       0x38 third_party/libDaisy/build/libdaisy.a(uart.o)
                0x9004b648                UART5_IRQHandler
 .text.USART6_IRQHandler
                0x9004b680       0x38 third_party/libDaisy/build/libdaisy.a(uart.o)
                0x9004b680                USART6_IRQHandler
 .text.UART7_IRQHandler
                0x9004b6b8       0x38 third_party/libDaisy/build/libdaisy.a(uart.o)
                0x9004b6b8                UART7_IRQHandler
 .text.UART8_IRQHandler
                0x9004b6f0       0x38 third_party/libDaisy/build/libdaisy.a(uart.o)
                0x9004b6f0                UART8_IRQHandler
 .text.LPUART1_IRQHandler
                0x9004b728       0x38 third_party/libDaisy/build/libdaisy.a(uart.o)
                0x9004b728                LPUART1_IRQHandler
 .text.DMA1_Stream5_IRQHandler
                0x9004b760       0x40 third_party/libDaisy/build/libdaisy.a(uart.o)
                0x9004b760                DMA1_Stream5_IRQHandler
 .text.DMA2_Stream4_IRQHandler
                0x9004b7a0       0x40 third_party/libDaisy/build/libdaisy.a(uart.o)
                0x9004b7a0                DMA2_Stream4_IRQHandler
 .text.HAL_UART_TxCpltCallback
                0x9004b7e0        0x8 third_party/libDaisy/build/libdaisy.a(uart.o)
                0x9004b7e0                HAL_UART_TxCpltCallback
 .text.HAL_UART_RxCpltCallback
                0x9004b7e8       0x94 third_party/libDaisy/build/libdaisy.a(uart.o)
                0x9004b7e8                HAL_UART_RxCpltCallback
 .text.HAL_UART_RxHalfCpltCallback
                0x9004b87c       0x90 third_party/libDaisy/build/libdaisy.a(uart.o)
                0x9004b87c                HAL_UART_RxHalfCpltCallback
 .text.HAL_UART_ErrorCallback
                0x9004b90c       0x94 third_party/libDaisy/build/libdaisy.a(uart.o)
                0x9004b90c                HAL_UART_ErrorCallback
 .text._ZN5daisy11UartHandler4InitERKNS0_6ConfigE
                0x9004b9a0       0xe8 third_party/libDaisy/build/libdaisy.a(uart.o)
                0x9004b9a0                daisy::UartHandler::Init(daisy::UartHandler::Config const&)
 .text._ZN5daisy11UartHandler14DmaListenStartEPhjPFvS1_jPvNS0_6ResultEES2_
                0x9004ba88      0x110 third_party/libDaisy/build/libdaisy.a(uart.o)
                0x9004ba88                daisy::UartHandler::DmaListenStart(unsigned char*, unsigned int, void (*)(unsigned char*, unsigned int, void*, daisy::UartHandler::Result), void*)
 .text._ZNK5daisy11UartHandler11IsListeningEv
                0x9004bb98        0x8 third_party/libDaisy/build/libdaisy.a(uart.o)
                0x9004bb98                daisy::UartHandler::IsListening() const
 .text.startup._GLOBAL__sub_I__Z19MapInstanceToHandleP13USART_TypeDef
                0x9004bba0      0x1d4 third_party/libDaisy/build/libdaisy.a(uart.o)
 .text.dsy_dma_init
                0x9004bd74      0x104 third_party/libDaisy/build/libdaisy.a(dma.o)
                0x9004bd74                dsy_dma_init
 .text.dsy_dma_clear_cache_for_buffer
                0x9004be78       0x2c third_party/libDaisy/build/libdaisy.a(dma.o)
                0x9004be78                dsy_dma_clear_cache_for_buffer
 .text.dsy_dma_invalidate_cache_for_buffer
                0x9004bea4       0x2c third_party/libDaisy/build/libdaisy.a(dma.o)
                0x9004bea4                dsy_dma_invalidate_cache_for_buffer
 .text.SysTick_Handler
                0x9004bed0       0x10 third_party/libDaisy/build/libdaisy.a(system.o)
                0x9004bed0                SysTick_Handler
 .text.OTG_HS_EP1_OUT_IRQHandler
                0x9004bee0       0x24 third_party/libDaisy/build/libdaisy.a(system.o)
                0x9004bee0                OTG_HS_EP1_OUT_IRQHandler
 .text.OTG_HS_EP1_IN_IRQHandler
                0x9004bf04       0x24 third_party/libDaisy/build/libdaisy.a(system.o)
                0x9004bf04                OTG_HS_EP1_IN_IRQHandler
 .text.OTG_HS_IRQHandler
                0x9004bf28       0x24 third_party/libDaisy/build/libdaisy.a(system.o)
                0x9004bf28                OTG_HS_IRQHandler
 .text.HardFault_Handler
                0x9004bf4c       0xe0 third_party/libDaisy/build/libdaisy.a(system.o)
                0x9004bf4c                HardFault_Handler
 .text._ZN5daisy6System6GetNowEv
                0x9004c02c        0x4 third_party/libDaisy/build/libdaisy.a(system.o)
                0x9004c02c                daisy::System::GetNow()
 .text._ZN5daisy6System5DelayEm
                0x9004c030        0x4 third_party/libDaisy/build/libdaisy.a(system.o)
                0x9004c030                daisy::System::Delay(unsigned long)
 .text._ZN5daisy6System20GetBootloaderVersionEv
                0x9004c034       0x34 third_party/libDaisy/build/libdaisy.a(system.o)
                0x9004c034                daisy::System::GetBootloaderVersion()
 .text._ZN5daisy6System15ConfigureClocksEv
                0x9004c068      0x1a4 third_party/libDaisy/build/libdaisy.a(system.o)
                0x9004c068                daisy::System::ConfigureClocks()
 .text._ZN5daisy6System12ConfigureMpuEv
                0x9004c20c       0x7c third_party/libDaisy/build/libdaisy.a(system.o)
                0x9004c20c                daisy::System::ConfigureMpu()
 .text._ZN5daisy6System4InitERKNS0_6ConfigE
                0x9004c288       0xf8 third_party/libDaisy/build/libdaisy.a(system.o)
                0x9004c288                daisy::System::Init(daisy::System::Config const&)
 .text._ZN5daisy6System12GetPClk1FreqEv
                0x9004c380        0x4 third_party/libDaisy/build/libdaisy.a(system.o)
                0x9004c380                daisy::System::GetPClk1Freq()
 .text._ZN5daisy6System22GetProgramMemoryRegionEv
                0x9004c384       0x78 third_party/libDaisy/build/libdaisy.a(system.o)
                0x9004c384                daisy::System::GetProgramMemoryRegion()
 .text.startup._GLOBAL__sub_I__ZN5daisy9boot_infoE
                0x9004c3fc        0xc third_party/libDaisy/build/libdaisy.a(system.o)
 .text.HAL_PCD_MspInit
                0x9004c408      0x154 third_party/libDaisy/build/libdaisy.a(usbd_conf.o)
                0x9004c408                HAL_PCD_MspInit
 .text.HAL_PCD_SetupStageCallback
                0x9004c55c        0xc third_party/libDaisy/build/libdaisy.a(usbd_conf.o)
                0x9004c55c                HAL_PCD_SetupStageCallback
 .text.HAL_PCD_DataOutStageCallback
                0x9004c568       0x18 third_party/libDaisy/build/libdaisy.a(usbd_conf.o)
                0x9004c568                HAL_PCD_DataOutStageCallback
 .text.HAL_PCD_DataInStageCallback
                0x9004c580       0x14 third_party/libDaisy/build/libdaisy.a(usbd_conf.o)
                0x9004c580                HAL_PCD_DataInStageCallback
 .text.HAL_PCD_SOFCallback
                0x9004c594        0x8 third_party/libDaisy/build/libdaisy.a(usbd_conf.o)
                0x9004c594                HAL_PCD_SOFCallback
 .text.HAL_PCD_ResetCallback
                0x9004c59c       0x2c third_party/libDaisy/build/libdaisy.a(usbd_conf.o)
                0x9004c59c                HAL_PCD_ResetCallback
 .text.HAL_PCD_SuspendCallback
                0x9004c5c8       0x30 third_party/libDaisy/build/libdaisy.a(usbd_conf.o)
                0x9004c5c8                HAL_PCD_SuspendCallback
 .text.HAL_PCD_ResumeCallback
                0x9004c5f8        0x8 third_party/libDaisy/build/libdaisy.a(usbd_conf.o)
                0x9004c5f8                HAL_PCD_ResumeCallback
 .text.HAL_PCD_ISOOUTIncompleteCallback
                0x9004c600        0x8 third_party/libDaisy/build/libdaisy.a(usbd_conf.o)
                0x9004c600                HAL_PCD_ISOOUTIncompleteCallback
 .text.HAL_PCD_ISOINIncompleteCallback
                0x9004c608        0x8 third_party/libDaisy/build/libdaisy.a(usbd_conf.o)
                0x9004c608                HAL_PCD_ISOINIncompleteCallback
 .text.HAL_PCD_ConnectCallback
                0x9004c610        0x8 third_party/libDaisy/build/libdaisy.a(usbd_conf.o)
                0x9004c610                HAL_PCD_ConnectCallback
 .text.HAL_PCD_DisconnectCallback
                0x9004c618        0x8 third_party/libDaisy/build/libdaisy.a(usbd_conf.o)
                0x9004c618                HAL_PCD_DisconnectCallback
 .text.USBD_LL_Init
                0x9004c620       0xd8 third_party/libDaisy/build/libdaisy.a(usbd_conf.o)
                0x9004c620                USBD_LL_Init
 .text.USBD_LL_Start
                0x9004c6f8       0x18 third_party/libDaisy/build/libdaisy.a(usbd_conf.o)
                0x9004c6f8                USBD_LL_Start
 .text.USBD_LL_OpenEP
                0x9004c710       0x1c third_party/libDaisy/build/libdaisy.a(usbd_conf.o)
                0x9004c710                USBD_LL_OpenEP
 .text.USBD_LL_CloseEP
                0x9004c72c       0x18 third_party/libDaisy/build/libdaisy.a(usbd_conf.o)
                0x9004c72c                USBD_LL_CloseEP
 .text.USBD_LL_StallEP
                0x9004c744       0x18 third_party/libDaisy/build/libdaisy.a(usbd_conf.o)
                0x9004c744                USBD_LL_StallEP
 .text.USBD_LL_ClearStallEP
                0x9004c75c       0x18 third_party/libDaisy/build/libdaisy.a(usbd_conf.o)
                0x9004c75c                USBD_LL_ClearStallEP
 .text.USBD_LL_IsStallEP
                0x9004c774       0x28 third_party/libDaisy/build/libdaisy.a(usbd_conf.o)
                0x9004c774                USBD_LL_IsStallEP
 .text.USBD_LL_SetUSBAddress
                0x9004c79c       0x18 third_party/libDaisy/build/libdaisy.a(usbd_conf.o)
                0x9004c79c                USBD_LL_SetUSBAddress
 .text.USBD_LL_Transmit
                0x9004c7b4       0x18 third_party/libDaisy/build/libdaisy.a(usbd_conf.o)
                0x9004c7b4                USBD_LL_Transmit
 .text.USBD_LL_PrepareReceive
                0x9004c7cc       0x18 third_party/libDaisy/build/libdaisy.a(usbd_conf.o)
                0x9004c7cc                USBD_LL_PrepareReceive
 .text.USBD_LL_GetRxDataSize
                0x9004c7e4        0x8 third_party/libDaisy/build/libdaisy.a(usbd_conf.o)
                0x9004c7e4                USBD_LL_GetRxDataSize
 .text.HAL_HCD_SOF_Callback
                0x9004c7ec        0x8 third_party/libDaisy/build/libdaisy.a(usbh_conf.o)
                0x9004c7ec                HAL_HCD_SOF_Callback
 .text.HAL_HCD_Connect_Callback
                0x9004c7f4        0x8 third_party/libDaisy/build/libdaisy.a(usbh_conf.o)
                0x9004c7f4                HAL_HCD_Connect_Callback
 .text.HAL_HCD_Disconnect_Callback
                0x9004c7fc        0x8 third_party/libDaisy/build/libdaisy.a(usbh_conf.o)
                0x9004c7fc                HAL_HCD_Disconnect_Callback
 .text.HAL_HCD_HC_NotifyURBChange_Callback
                0x9004c804        0x4 third_party/libDaisy/build/libdaisy.a(usbh_conf.o)
                0x9004c804                HAL_HCD_HC_NotifyURBChange_Callback
 .text.HAL_HCD_PortEnabled_Callback
                0x9004c808        0x8 third_party/libDaisy/build/libdaisy.a(usbh_conf.o)
                0x9004c808                HAL_HCD_PortEnabled_Callback
 .text.HAL_HCD_PortDisabled_Callback
                0x9004c810        0x8 third_party/libDaisy/build/libdaisy.a(usbh_conf.o)
                0x9004c810                HAL_HCD_PortDisabled_Callback
 .text.USBH_LL_Stop
                0x9004c818       0x18 third_party/libDaisy/build/libdaisy.a(usbh_conf.o)
                0x9004c818                USBH_LL_Stop
 .text.HAL_MspInit
                0x9004c830        0x4 third_party/libDaisy/build/libdaisy.a(stm32h7xx_hal.o)
                0x9004c830                HAL_MspInit
 .text.HAL_InitTick
                0x9004c834       0x54 third_party/libDaisy/build/libdaisy.a(stm32h7xx_hal.o)
                0x9004c834                HAL_InitTick
 .text.HAL_Init
                0x9004c888       0x60 third_party/libDaisy/build/libdaisy.a(stm32h7xx_hal.o)
                0x9004c888                HAL_Init
 .text.HAL_IncTick
                0x9004c8e8       0x18 third_party/libDaisy/build/libdaisy.a(stm32h7xx_hal.o)
                0x9004c8e8                HAL_IncTick
 .text.HAL_GetTick
                0x9004c900        0xc third_party/libDaisy/build/libdaisy.a(stm32h7xx_hal.o)
                0x9004c900                HAL_GetTick
 .text.HAL_Delay
                0x9004c90c       0x24 third_party/libDaisy/build/libdaisy.a(stm32h7xx_hal.o)
                0x9004c90c                HAL_Delay
 .text.HAL_GetREVID
                0x9004c930        0xc third_party/libDaisy/build/libdaisy.a(stm32h7xx_hal.o)
                0x9004c930                HAL_GetREVID
 .text.HAL_NVIC_SetPriorityGrouping
                0x9004c93c       0x24 third_party/libDaisy/build/libdaisy.a(stm32h7xx_hal_cortex.o)
                0x9004c93c                HAL_NVIC_SetPriorityGrouping
 .text.HAL_NVIC_SetPriority
                0x9004c960       0x60 third_party/libDaisy/build/libdaisy.a(stm32h7xx_hal_cortex.o)
                0x9004c960                HAL_NVIC_SetPriority
 .text.HAL_NVIC_EnableIRQ
                0x9004c9c0       0x1c third_party/libDaisy/build/libdaisy.a(stm32h7xx_hal_cortex.o)
                0x9004c9c0                HAL_NVIC_EnableIRQ
 .text.HAL_NVIC_DisableIRQ
                0x9004c9dc       0x24 third_party/libDaisy/build/libdaisy.a(stm32h7xx_hal_cortex.o)
                0x9004c9dc                HAL_NVIC_DisableIRQ
 .text.HAL_SYSTICK_Config
                0x9004ca00       0x2c third_party/libDaisy/build/libdaisy.a(stm32h7xx_hal_cortex.o)
                0x9004ca00                HAL_SYSTICK_Config
 .text.HAL_MPU_Disable
                0x9004ca2c       0x1c third_party/libDaisy/build/libdaisy.a(stm32h7xx_hal_cortex.o)
                0x9004ca2c                HAL_MPU_Disable
 .text.HAL_MPU_Enable
                0x9004ca48       0x20 third_party/libDaisy/build/libdaisy.a(stm32h7xx_hal_cortex.o)
                0x9004ca48                HAL_MPU_Enable
 .text.HAL_MPU_ConfigRegion
                0x9004ca68       0x64 third_party/libDaisy/build/libdaisy.a(stm32h7xx_hal_cortex.o)
                0x9004ca68                HAL_MPU_ConfigRegion
 .text.HAL_SYSTICK_Callback
                0x9004cacc        0x4 third_party/libDaisy/build/libdaisy.a(stm32h7xx_hal_cortex.o)
                0x9004cacc                HAL_SYSTICK_Callback
 .text.HAL_SYSTICK_IRQHandler
                0x9004cad0        0x8 third_party/libDaisy/build/libdaisy.a(stm32h7xx_hal_cortex.o)
                0x9004cad0                HAL_SYSTICK_IRQHandler
 .text.DMA_CalcBaseAndBitshift
                0x9004cad8       0xfc third_party/libDaisy/build/libdaisy.a(stm32h7xx_hal_dma.o)
 .text.DMA_CalcDMAMUXChannelBaseAndMask
                0x9004cbd4       0xe0 third_party/libDaisy/build/libdaisy.a(stm32h7xx_hal_dma.o)
 .text.HAL_DMA_Init
                0x9004ccb4      0x51c third_party/libDaisy/build/libdaisy.a(stm32h7xx_hal_dma.o)
                0x9004ccb4                HAL_DMA_Init
 .text.HAL_DMA_Start_IT
                0x9004d1d0      0x6c8 third_party/libDaisy/build/libdaisy.a(stm32h7xx_hal_dma.o)
                0x9004d1d0                HAL_DMA_Start_IT
 .text.HAL_DMA_Abort
                0x9004d898      0x36c third_party/libDaisy/build/libdaisy.a(stm32h7xx_hal_dma.o)
                0x9004d898                HAL_DMA_Abort
 .text.HAL_DMA_Abort_IT
                0x9004dc04      0x168 third_party/libDaisy/build/libdaisy.a(stm32h7xx_hal_dma.o)
                0x9004dc04                HAL_DMA_Abort_IT
 .text.HAL_DMA_IRQHandler
                0x9004dd6c      0x6c0 third_party/libDaisy/build/libdaisy.a(stm32h7xx_hal_dma.o)
                0x9004dd6c                HAL_DMA_IRQHandler
 .text.HAL_DMA_GetError
                0x9004e42c        0x4 third_party/libDaisy/build/libdaisy.a(stm32h7xx_hal_dma.o)
                0x9004e42c                HAL_DMA_GetError
 .text.HAL_GPIO_Init
                0x9004e430      0x414 third_party/libDaisy/build/libdaisy.a(stm32h7xx_hal_gpio.o)
                0x9004e430                HAL_GPIO_Init
 .text.HAL_GPIO_DeInit
                0x9004e844      0x244 third_party/libDaisy/build/libdaisy.a(stm32h7xx_hal_gpio.o)
                0x9004e844                HAL_GPIO_DeInit
 .text.HAL_GPIO_ReadPin
                0x9004ea88        0xc third_party/libDaisy/build/libdaisy.a(stm32h7xx_hal_gpio.o)
                0x9004ea88                HAL_GPIO_ReadPin
 .text.HAL_GPIO_WritePin
                0x9004ea94        0x8 third_party/libDaisy/build/libdaisy.a(stm32h7xx_hal_gpio.o)
                0x9004ea94                HAL_GPIO_WritePin
 .text.HAL_HCD_IRQHandler
                0x9004ea9c      0x9e0 third_party/libDaisy/build/libdaisy.a(stm32h7xx_hal_hcd.o)
                0x9004ea9c                HAL_HCD_IRQHandler
 .text.HAL_HCD_Stop
                0x9004f47c       0x30 third_party/libDaisy/build/libdaisy.a(stm32h7xx_hal_hcd.o)
                0x9004f47c                HAL_HCD_Stop
 .text.I2C_WaitOnTXISFlagUntilTimeout
                0x9004f4ac      0x178 third_party/libDaisy/build/libdaisy.a(stm32h7xx_hal_i2c.o)
 .text.I2C_WaitOnSTOPFlagUntilTimeout
                0x9004f624      0x180 third_party/libDaisy/build/libdaisy.a(stm32h7xx_hal_i2c.o)
 .text.HAL_I2C_Init
                0x9004f7a4       0xc0 third_party/libDaisy/build/libdaisy.a(stm32h7xx_hal_i2c.o)
                0x9004f7a4                HAL_I2C_Init
 .text.HAL_I2C_Master_Transmit
                0x9004f864      0x378 third_party/libDaisy/build/libdaisy.a(stm32h7xx_hal_i2c.o)
                0x9004f864                HAL_I2C_Master_Transmit
 .text.HAL_I2C_Slave_Transmit
                0x9004fbdc      0x280 third_party/libDaisy/build/libdaisy.a(stm32h7xx_hal_i2c.o)
                0x9004fbdc                HAL_I2C_Slave_Transmit
 .text.HAL_I2C_EV_IRQHandler
                0x9004fe5c       0x1c third_party/libDaisy/build/libdaisy.a(stm32h7xx_hal_i2c.o)
                0x9004fe5c                HAL_I2C_EV_IRQHandler
 .text.HAL_I2C_GetState
                0x9004fe78        0x8 third_party/libDaisy/build/libdaisy.a(stm32h7xx_hal_i2c.o)
                0x9004fe78                HAL_I2C_GetState
 .text.HAL_I2CEx_ConfigAnalogFilter
                0x9004fe80       0x58 third_party/libDaisy/build/libdaisy.a(stm32h7xx_hal_i2c_ex.o)
                0x9004fe80                HAL_I2CEx_ConfigAnalogFilter
 .text.HAL_I2CEx_ConfigDigitalFilter
                0x9004fed8       0x54 third_party/libDaisy/build/libdaisy.a(stm32h7xx_hal_i2c_ex.o)
                0x9004fed8                HAL_I2CEx_ConfigDigitalFilter
 .text.HAL_PCD_Init
                0x9004ff2c      0x120 third_party/libDaisy/build/libdaisy.a(stm32h7xx_hal_pcd.o)
                0x9004ff2c                HAL_PCD_Init
 .text.HAL_PCD_Start
                0x9005004c       0x44 third_party/libDaisy/build/libdaisy.a(stm32h7xx_hal_pcd.o)
                0x9005004c                HAL_PCD_Start
 .text.HAL_PCD_IRQHandler
                0x90050090      0x95c third_party/libDaisy/build/libdaisy.a(stm32h7xx_hal_pcd.o)
                0x90050090                HAL_PCD_IRQHandler
 .text.HAL_PCD_SetAddress
                0x900509ec       0x34 third_party/libDaisy/build/libdaisy.a(stm32h7xx_hal_pcd.o)
                0x900509ec                HAL_PCD_SetAddress
 .text.HAL_PCD_EP_Open
                0x90050a20       0x7c third_party/libDaisy/build/libdaisy.a(stm32h7xx_hal_pcd.o)
                0x90050a20                HAL_PCD_EP_Open
 .text.HAL_PCD_EP_Close
                0x90050a9c       0x6c third_party/libDaisy/build/libdaisy.a(stm32h7xx_hal_pcd.o)
                0x90050a9c                HAL_PCD_EP_Close
 .text.HAL_PCD_EP_Receive
                0x90050b08       0x48 third_party/libDaisy/build/libdaisy.a(stm32h7xx_hal_pcd.o)
                0x90050b08                HAL_PCD_EP_Receive
 .text.HAL_PCD_EP_GetRxCount
                0x90050b50       0x14 third_party/libDaisy/build/libdaisy.a(stm32h7xx_hal_pcd.o)
                0x90050b50                HAL_PCD_EP_GetRxCount
 .text.HAL_PCD_EP_Transmit
                0x90050b64       0x44 third_party/libDaisy/build/libdaisy.a(stm32h7xx_hal_pcd.o)
                0x90050b64                HAL_PCD_EP_Transmit
 .text.HAL_PCD_EP_SetStall
                0x90050ba8       0x98 third_party/libDaisy/build/libdaisy.a(stm32h7xx_hal_pcd.o)
                0x90050ba8                HAL_PCD_EP_SetStall
 .text.HAL_PCD_EP_ClrStall
                0x90050c40       0x78 third_party/libDaisy/build/libdaisy.a(stm32h7xx_hal_pcd.o)
                0x90050c40                HAL_PCD_EP_ClrStall
 .text.HAL_PCDEx_SetTxFiFo
                0x90050cb8      0x10c third_party/libDaisy/build/libdaisy.a(stm32h7xx_hal_pcd_ex.o)
                0x90050cb8                HAL_PCDEx_SetTxFiFo
 .text.HAL_PCDEx_SetRxFiFo
                0x90050dc4        0xc third_party/libDaisy/build/libdaisy.a(stm32h7xx_hal_pcd_ex.o)
                0x90050dc4                HAL_PCDEx_SetRxFiFo
 .text.HAL_PCDEx_ActivateLPM
                0x90050dd0       0x28 third_party/libDaisy/build/libdaisy.a(stm32h7xx_hal_pcd_ex.o)
                0x90050dd0                HAL_PCDEx_ActivateLPM
 .text.HAL_PCDEx_LPM_Callback
                0x90050df8        0x4 third_party/libDaisy/build/libdaisy.a(stm32h7xx_hal_pcd_ex.o)
                0x90050df8                HAL_PCDEx_LPM_Callback
 .text.HAL_PWREx_ConfigSupply
                0x90050dfc       0x48 third_party/libDaisy/build/libdaisy.a(stm32h7xx_hal_pwr_ex.o)
                0x90050dfc                HAL_PWREx_ConfigSupply
 .text.HAL_PWREx_EnableUSBVoltageDetector
                0x90050e44       0x10 third_party/libDaisy/build/libdaisy.a(stm32h7xx_hal_pwr_ex.o)
                0x90050e44                HAL_PWREx_EnableUSBVoltageDetector
 .text.QSPI_Config
                0x90050e54      0x1b0 third_party/libDaisy/build/libdaisy.a(stm32h7xx_hal_qspi.o)
 .text.HAL_QSPI_Init
                0x90051004       0xd4 third_party/libDaisy/build/libdaisy.a(stm32h7xx_hal_qspi.o)
                0x90051004                HAL_QSPI_Init
 .text.HAL_QSPI_DeInit
                0x900510d8       0x2c third_party/libDaisy/build/libdaisy.a(stm32h7xx_hal_qspi.o)
                0x900510d8                HAL_QSPI_DeInit
 .text.HAL_QSPI_Command
                0x90051104      0x100 third_party/libDaisy/build/libdaisy.a(stm32h7xx_hal_qspi.o)
                0x90051104                HAL_QSPI_Command
 .text.HAL_QSPI_Transmit
                0x90051204      0x10c third_party/libDaisy/build/libdaisy.a(stm32h7xx_hal_qspi.o)
                0x90051204                HAL_QSPI_Transmit
 .text.HAL_QSPI_Receive
                0x90051310      0x120 third_party/libDaisy/build/libdaisy.a(stm32h7xx_hal_qspi.o)
                0x90051310                HAL_QSPI_Receive
 .text.HAL_QSPI_AutoPolling
                0x90051430      0x128 third_party/libDaisy/build/libdaisy.a(stm32h7xx_hal_qspi.o)
                0x90051430                HAL_QSPI_AutoPolling
 .text.HAL_QSPI_MemoryMapped
                0x90051558       0xbc third_party/libDaisy/build/libdaisy.a(stm32h7xx_hal_qspi.o)
                0x90051558                HAL_QSPI_MemoryMapped
 .text.HAL_QSPI_ErrorCallback
                0x90051614        0x4 third_party/libDaisy/build/libdaisy.a(stm32h7xx_hal_qspi.o)
                0x90051614                HAL_QSPI_ErrorCallback
 .text.QSPI_DMAAbortCplt
                0x90051618       0x38 third_party/libDaisy/build/libdaisy.a(stm32h7xx_hal_qspi.o)
 .text.HAL_QSPI_AbortCpltCallback
                0x90051650        0x4 third_party/libDaisy/build/libdaisy.a(stm32h7xx_hal_qspi.o)
                0x90051650                HAL_QSPI_AbortCpltCallback
 .text.HAL_QSPI_CmdCpltCallback
                0x90051654        0x4 third_party/libDaisy/build/libdaisy.a(stm32h7xx_hal_qspi.o)
                0x90051654                HAL_QSPI_CmdCpltCallback
 .text.HAL_QSPI_RxCpltCallback
                0x90051658        0x4 third_party/libDaisy/build/libdaisy.a(stm32h7xx_hal_qspi.o)
                0x90051658                HAL_QSPI_RxCpltCallback
 .text.HAL_QSPI_TxCpltCallback
                0x9005165c        0x4 third_party/libDaisy/build/libdaisy.a(stm32h7xx_hal_qspi.o)
                0x9005165c                HAL_QSPI_TxCpltCallback
 .text.HAL_QSPI_FifoThresholdCallback
                0x90051660        0x4 third_party/libDaisy/build/libdaisy.a(stm32h7xx_hal_qspi.o)
                0x90051660                HAL_QSPI_FifoThresholdCallback
 .text.HAL_QSPI_StatusMatchCallback
                0x90051664        0x4 third_party/libDaisy/build/libdaisy.a(stm32h7xx_hal_qspi.o)
                0x90051664                HAL_QSPI_StatusMatchCallback
 .text.HAL_QSPI_TimeOutCallback
                0x90051668        0x4 third_party/libDaisy/build/libdaisy.a(stm32h7xx_hal_qspi.o)
                0x90051668                HAL_QSPI_TimeOutCallback
 .text.HAL_QSPI_IRQHandler
                0x9005166c      0x248 third_party/libDaisy/build/libdaisy.a(stm32h7xx_hal_qspi.o)
                0x9005166c                HAL_QSPI_IRQHandler
 .text.HAL_RCC_GetSysClockFreq.part.0
                0x900518b4       0xe8 third_party/libDaisy/build/libdaisy.a(stm32h7xx_hal_rcc.o)
 .text.HAL_RCC_OscConfig
                0x9005199c      0x5e0 third_party/libDaisy/build/libdaisy.a(stm32h7xx_hal_rcc.o)
                0x9005199c                HAL_RCC_OscConfig
 .text.HAL_RCC_GetSysClockFreq
                0x90051f7c      0x120 third_party/libDaisy/build/libdaisy.a(stm32h7xx_hal_rcc.o)
                0x90051f7c                HAL_RCC_GetSysClockFreq
 .text.HAL_RCC_ClockConfig
                0x9005209c      0x248 third_party/libDaisy/build/libdaisy.a(stm32h7xx_hal_rcc.o)
                0x9005209c                HAL_RCC_ClockConfig
 .text.HAL_RCC_GetHCLKFreq
                0x900522e4       0x8c third_party/libDaisy/build/libdaisy.a(stm32h7xx_hal_rcc.o)
                0x900522e4                HAL_RCC_GetHCLKFreq
 .text.HAL_RCC_GetPCLK1Freq
                0x90052370       0x98 third_party/libDaisy/build/libdaisy.a(stm32h7xx_hal_rcc.o)
                0x90052370                HAL_RCC_GetPCLK1Freq
 .text.HAL_RCC_GetPCLK2Freq
                0x90052408       0x98 third_party/libDaisy/build/libdaisy.a(stm32h7xx_hal_rcc.o)
                0x90052408                HAL_RCC_GetPCLK2Freq
 .text.RCCEx_PLL2_Config.part.0
                0x900524a0       0xe0 third_party/libDaisy/build/libdaisy.a(stm32h7xx_hal_rcc_ex.o)
 .text.RCCEx_PLL3_Config.part.0
                0x90052580       0xe0 third_party/libDaisy/build/libdaisy.a(stm32h7xx_hal_rcc_ex.o)
 .text.HAL_RCCEx_PeriphCLKConfig
                0x90052660      0xe80 third_party/libDaisy/build/libdaisy.a(stm32h7xx_hal_rcc_ex.o)
                0x90052660                HAL_RCCEx_PeriphCLKConfig
 .text.HAL_RCCEx_GetD3PCLK1Freq
                0x900534e0       0x24 third_party/libDaisy/build/libdaisy.a(stm32h7xx_hal_rcc_ex.o)
                0x900534e0                HAL_RCCEx_GetD3PCLK1Freq
 .text.HAL_RCCEx_GetPLL2ClockFreq
                0x90053504      0x138 third_party/libDaisy/build/libdaisy.a(stm32h7xx_hal_rcc_ex.o)
                0x90053504                HAL_RCCEx_GetPLL2ClockFreq
 .text.HAL_RCCEx_GetPLL3ClockFreq
                0x9005363c      0x138 third_party/libDaisy/build/libdaisy.a(stm32h7xx_hal_rcc_ex.o)
                0x9005363c                HAL_RCCEx_GetPLL3ClockFreq
 .text.HAL_RCCEx_GetPLL1ClockFreq
                0x90053774      0x138 third_party/libDaisy/build/libdaisy.a(stm32h7xx_hal_rcc_ex.o)
                0x90053774                HAL_RCCEx_GetPLL1ClockFreq
 .text.HAL_RCCEx_GetPeriphCLKFreq
                0x900538ac      0x33c third_party/libDaisy/build/libdaisy.a(stm32h7xx_hal_rcc_ex.o)
                0x900538ac                HAL_RCCEx_GetPeriphCLKFreq
 .text.HAL_SAI_Init
                0x90053be8      0x3cc third_party/libDaisy/build/libdaisy.a(stm32h7xx_hal_sai.o)
                0x90053be8                HAL_SAI_Init
 .text.HAL_SAI_InitProtocol
                0x90053fb4      0x16c third_party/libDaisy/build/libdaisy.a(stm32h7xx_hal_sai.o)
                0x90053fb4                HAL_SAI_InitProtocol
 .text.HAL_SAI_Transmit_DMA
                0x90054120      0x10c third_party/libDaisy/build/libdaisy.a(stm32h7xx_hal_sai.o)
                0x90054120                HAL_SAI_Transmit_DMA
 .text.HAL_SAI_Receive_DMA
                0x9005422c       0xc4 third_party/libDaisy/build/libdaisy.a(stm32h7xx_hal_sai.o)
                0x9005422c                HAL_SAI_Receive_DMA
 .text.HAL_SAI_TxCpltCallback
                0x900542f0        0x4 third_party/libDaisy/build/libdaisy.a(stm32h7xx_hal_sai.o)
                0x900542f0                HAL_SAI_TxCpltCallback
 .text.SAI_DMATxCplt
                0x900542f4       0x60 third_party/libDaisy/build/libdaisy.a(stm32h7xx_hal_sai.o)
 .text.HAL_SAI_TxHalfCpltCallback
                0x90054354        0x4 third_party/libDaisy/build/libdaisy.a(stm32h7xx_hal_sai.o)
                0x90054354                HAL_SAI_TxHalfCpltCallback
 .text.SAI_DMATxHalfCplt
                0x90054358        0xc third_party/libDaisy/build/libdaisy.a(stm32h7xx_hal_sai.o)
 .text.SAI_DMARxCplt
                0x90054364       0x60 third_party/libDaisy/build/libdaisy.a(stm32h7xx_hal_sai.o)
 .text.SAI_DMARxHalfCplt
                0x900543c4        0xc third_party/libDaisy/build/libdaisy.a(stm32h7xx_hal_sai.o)
 .text.HAL_SAI_ErrorCallback
                0x900543d0        0x4 third_party/libDaisy/build/libdaisy.a(stm32h7xx_hal_sai.o)
                0x900543d0                HAL_SAI_ErrorCallback
 .text.SAI_DMAError
                0x900543d4       0x6c third_party/libDaisy/build/libdaisy.a(stm32h7xx_hal_sai.o)
 .text.HAL_SDRAM_Init
                0x90054440       0x54 third_party/libDaisy/build/libdaisy.a(stm32h7xx_hal_sdram.o)
                0x90054440                HAL_SDRAM_Init
 .text.HAL_SDRAM_SendCommand
                0x90054494       0x44 third_party/libDaisy/build/libdaisy.a(stm32h7xx_hal_sdram.o)
                0x90054494                HAL_SDRAM_SendCommand
 .text.HAL_SDRAM_ProgramRefreshRate
                0x900544d8       0x3c third_party/libDaisy/build/libdaisy.a(stm32h7xx_hal_sdram.o)
                0x900544d8                HAL_SDRAM_ProgramRefreshRate
 .text.SPI_CloseTransfer
                0x90054514       0xc0 third_party/libDaisy/build/libdaisy.a(stm32h7xx_hal_spi.o)
 .text.HAL_SPI_Init
                0x900545d4      0x1cc third_party/libDaisy/build/libdaisy.a(stm32h7xx_hal_spi.o)
                0x900545d4                HAL_SPI_Init
 .text.HAL_SPI_Transmit
                0x900547a0      0x28c third_party/libDaisy/build/libdaisy.a(stm32h7xx_hal_spi.o)
                0x900547a0                HAL_SPI_Transmit
 .text.HAL_SPI_Transmit_DMA
                0x90054a2c      0x180 third_party/libDaisy/build/libdaisy.a(stm32h7xx_hal_spi.o)
                0x90054a2c                HAL_SPI_Transmit_DMA
 .text.HAL_SPI_Receive_DMA
                0x90054bac      0x190 third_party/libDaisy/build/libdaisy.a(stm32h7xx_hal_spi.o)
                0x90054bac                HAL_SPI_Receive_DMA
 .text.HAL_SPI_TransmitReceive_DMA
                0x90054d3c      0x1f0 third_party/libDaisy/build/libdaisy.a(stm32h7xx_hal_spi.o)
                0x90054d3c                HAL_SPI_TransmitReceive_DMA
 .text.SPI_DMATransmitCplt
                0x90054f2c       0x28 third_party/libDaisy/build/libdaisy.a(stm32h7xx_hal_spi.o)
 .text.SPI_DMAReceiveCplt
                0x90054f54       0x28 third_party/libDaisy/build/libdaisy.a(stm32h7xx_hal_spi.o)
 .text.SPI_DMATransmitReceiveCplt
                0x90054f7c       0x28 third_party/libDaisy/build/libdaisy.a(stm32h7xx_hal_spi.o)
 .text.HAL_SPI_TxHalfCpltCallback
                0x90054fa4        0x4 third_party/libDaisy/build/libdaisy.a(stm32h7xx_hal_spi.o)
                0x90054fa4                HAL_SPI_TxHalfCpltCallback
 .text.SPI_DMAHalfTransmitCplt
                0x90054fa8        0xc third_party/libDaisy/build/libdaisy.a(stm32h7xx_hal_spi.o)
 .text.HAL_SPI_RxHalfCpltCallback
                0x90054fb4        0x4 third_party/libDaisy/build/libdaisy.a(stm32h7xx_hal_spi.o)
                0x90054fb4                HAL_SPI_RxHalfCpltCallback
 .text.SPI_DMAHalfReceiveCplt
                0x90054fb8        0xc third_party/libDaisy/build/libdaisy.a(stm32h7xx_hal_spi.o)
 .text.HAL_SPI_TxRxHalfCpltCallback
                0x90054fc4        0x4 third_party/libDaisy/build/libdaisy.a(stm32h7xx_hal_spi.o)
                0x90054fc4                HAL_SPI_TxRxHalfCpltCallback
 .text.SPI_DMAHalfTransmitReceiveCplt
                0x90054fc8        0xc third_party/libDaisy/build/libdaisy.a(stm32h7xx_hal_spi.o)
 .text.SPI_DMAError
                0x90054fd4       0xd8 third_party/libDaisy/build/libdaisy.a(stm32h7xx_hal_spi.o)
 .text.SPI_DMAAbortOnError
                0x900550ac       0x1c third_party/libDaisy/build/libdaisy.a(stm32h7xx_hal_spi.o)
 .text.HAL_SPI_SuspendCallback
                0x900550c8        0x4 third_party/libDaisy/build/libdaisy.a(stm32h7xx_hal_spi.o)
                0x900550c8                HAL_SPI_SuspendCallback
 .text.HAL_SPI_IRQHandler
                0x900550cc      0x284 third_party/libDaisy/build/libdaisy.a(stm32h7xx_hal_spi.o)
                0x900550cc                HAL_SPI_IRQHandler
 .text.HAL_SPI_GetState
                0x90055350        0x8 third_party/libDaisy/build/libdaisy.a(stm32h7xx_hal_spi.o)
                0x90055350                HAL_SPI_GetState
 .text.HAL_TIM_Base_Init
                0x90055358      0x158 third_party/libDaisy/build/libdaisy.a(stm32h7xx_hal_tim.o)
                0x90055358                HAL_TIM_Base_Init
 .text.HAL_TIM_Base_Start
                0x900554b0       0xa0 third_party/libDaisy/build/libdaisy.a(stm32h7xx_hal_tim.o)
                0x900554b0                HAL_TIM_Base_Start
 .text.HAL_TIM_Base_Start_IT
                0x90055550       0xa8 third_party/libDaisy/build/libdaisy.a(stm32h7xx_hal_tim.o)
                0x90055550                HAL_TIM_Base_Start_IT
 .text.HAL_TIM_ConfigClockSource
                0x900555f8      0x1a0 third_party/libDaisy/build/libdaisy.a(stm32h7xx_hal_tim.o)
                0x900555f8                HAL_TIM_ConfigClockSource
 .text.HAL_TIM_OC_DelayElapsedCallback
                0x90055798        0x4 third_party/libDaisy/build/libdaisy.a(stm32h7xx_hal_tim.o)
                0x90055798                HAL_TIM_OC_DelayElapsedCallback
 .text.HAL_TIM_IC_CaptureCallback
                0x9005579c        0x4 third_party/libDaisy/build/libdaisy.a(stm32h7xx_hal_tim.o)
                0x9005579c                HAL_TIM_IC_CaptureCallback
 .text.HAL_TIM_PWM_PulseFinishedCallback
                0x900557a0        0x4 third_party/libDaisy/build/libdaisy.a(stm32h7xx_hal_tim.o)
                0x900557a0                HAL_TIM_PWM_PulseFinishedCallback
 .text.HAL_TIM_TriggerCallback
                0x900557a4        0x4 third_party/libDaisy/build/libdaisy.a(stm32h7xx_hal_tim.o)
                0x900557a4                HAL_TIM_TriggerCallback
 .text.HAL_TIM_IRQHandler
                0x900557a8      0x154 third_party/libDaisy/build/libdaisy.a(stm32h7xx_hal_tim.o)
                0x900557a8                HAL_TIM_IRQHandler
 .text.HAL_TIMEx_MasterConfigSynchronization
                0x900558fc       0xbc third_party/libDaisy/build/libdaisy.a(stm32h7xx_hal_tim_ex.o)
                0x900558fc                HAL_TIMEx_MasterConfigSynchronization
 .text.HAL_TIMEx_CommutCallback
                0x900559b8        0x4 third_party/libDaisy/build/libdaisy.a(stm32h7xx_hal_tim_ex.o)
                0x900559b8                HAL_TIMEx_CommutCallback
 .text.HAL_TIMEx_BreakCallback
                0x900559bc        0x4 third_party/libDaisy/build/libdaisy.a(stm32h7xx_hal_tim_ex.o)
                0x900559bc                HAL_TIMEx_BreakCallback
 .text.HAL_TIMEx_Break2Callback
                0x900559c0        0x4 third_party/libDaisy/build/libdaisy.a(stm32h7xx_hal_tim_ex.o)
                0x900559c0                HAL_TIMEx_Break2Callback
 .text.HAL_UART_Transmit_DMA
                0x900559c4       0x9c third_party/libDaisy/build/libdaisy.a(stm32h7xx_hal_uart.o)
                0x900559c4                HAL_UART_Transmit_DMA
 .text.UART_DMATransmitCplt
                0x90055a60       0x44 third_party/libDaisy/build/libdaisy.a(stm32h7xx_hal_uart.o)
 .text.HAL_UART_TxHalfCpltCallback
                0x90055aa4        0x4 third_party/libDaisy/build/libdaisy.a(stm32h7xx_hal_uart.o)
                0x90055aa4                HAL_UART_TxHalfCpltCallback
 .text.UART_DMATxHalfCplt
                0x90055aa8        0xc third_party/libDaisy/build/libdaisy.a(stm32h7xx_hal_uart.o)
 .text.UART_DMAError
                0x90055ab4       0xd4 third_party/libDaisy/build/libdaisy.a(stm32h7xx_hal_uart.o)
 .text.UART_DMAAbortOnError
                0x90055b88       0x14 third_party/libDaisy/build/libdaisy.a(stm32h7xx_hal_uart.o)
 .text.HAL_UARTEx_RxEventCallback
                0x90055b9c        0x4 third_party/libDaisy/build/libdaisy.a(stm32h7xx_hal_uart.o)
                0x90055b9c                HAL_UARTEx_RxEventCallback
 .text.HAL_UART_IRQHandler
                0x90055ba0      0x3ec third_party/libDaisy/build/libdaisy.a(stm32h7xx_hal_uart.o)
                0x90055ba0                HAL_UART_IRQHandler
 .text.UART_DMARxHalfCplt
                0x90055f8c       0x20 third_party/libDaisy/build/libdaisy.a(stm32h7xx_hal_uart.o)
 .text.UART_DMAReceiveCplt
                0x90055fac       0x9c third_party/libDaisy/build/libdaisy.a(stm32h7xx_hal_uart.o)
 .text.HAL_UART_GetState
                0x90056048        0xc third_party/libDaisy/build/libdaisy.a(stm32h7xx_hal_uart.o)
                0x90056048                HAL_UART_GetState
 .text.UART_SetConfig
                0x90056054      0x38c third_party/libDaisy/build/libdaisy.a(stm32h7xx_hal_uart.o)
                0x90056054                UART_SetConfig
 .text.UART_AdvFeatureConfig
                0x900563e0       0xb0 third_party/libDaisy/build/libdaisy.a(stm32h7xx_hal_uart.o)
                0x900563e0                UART_AdvFeatureConfig
 .text.UART_CheckIdleState
                0x90056490      0x258 third_party/libDaisy/build/libdaisy.a(stm32h7xx_hal_uart.o)
                0x90056490                UART_CheckIdleState
 .text.HAL_UART_Init
                0x900566e8       0x68 third_party/libDaisy/build/libdaisy.a(stm32h7xx_hal_uart.o)
                0x900566e8                HAL_UART_Init
 .text.UART_Start_Receive_DMA
                0x90056750       0xb0 third_party/libDaisy/build/libdaisy.a(stm32h7xx_hal_uart.o)
                0x90056750                UART_Start_Receive_DMA
 .text.HAL_UART_Receive_DMA
                0x90056800       0x54 third_party/libDaisy/build/libdaisy.a(stm32h7xx_hal_uart.o)
                0x90056800                HAL_UART_Receive_DMA
 .text.HAL_UARTEx_WakeupCallback
                0x90056854        0x4 third_party/libDaisy/build/libdaisy.a(stm32h7xx_hal_uart_ex.o)
                0x90056854                HAL_UARTEx_WakeupCallback
 .text.HAL_UARTEx_RxFifoFullCallback
                0x90056858        0x4 third_party/libDaisy/build/libdaisy.a(stm32h7xx_hal_uart_ex.o)
                0x90056858                HAL_UARTEx_RxFifoFullCallback
 .text.HAL_UARTEx_TxFifoEmptyCallback
                0x9005685c        0x4 third_party/libDaisy/build/libdaisy.a(stm32h7xx_hal_uart_ex.o)
                0x9005685c                HAL_UARTEx_TxFifoEmptyCallback
 .text.HAL_UARTEx_DisableFifoMode
                0x90056860       0x40 third_party/libDaisy/build/libdaisy.a(stm32h7xx_hal_uart_ex.o)
                0x90056860                HAL_UARTEx_DisableFifoMode
 .text.HAL_UARTEx_SetTxFifoThreshold
                0x900568a0       0x84 third_party/libDaisy/build/libdaisy.a(stm32h7xx_hal_uart_ex.o)
                0x900568a0                HAL_UARTEx_SetTxFifoThreshold
 .text.HAL_UARTEx_SetRxFifoThreshold
                0x90056924       0x84 third_party/libDaisy/build/libdaisy.a(stm32h7xx_hal_uart_ex.o)
                0x90056924                HAL_UARTEx_SetRxFifoThreshold
 .text.FMC_SDRAM_Init
                0x900569a8       0x6c third_party/libDaisy/build/libdaisy.a(stm32h7xx_ll_fmc.o)
                0x900569a8                FMC_SDRAM_Init
 .text.FMC_SDRAM_Timing_Init
                0x90056a14       0x78 third_party/libDaisy/build/libdaisy.a(stm32h7xx_ll_fmc.o)
                0x90056a14                FMC_SDRAM_Timing_Init
 .text.FMC_SDRAM_SendCommand
                0x90056a8c       0x34 third_party/libDaisy/build/libdaisy.a(stm32h7xx_ll_fmc.o)
                0x90056a8c                FMC_SDRAM_SendCommand
 .text.FMC_SDRAM_ProgramRefreshRate
                0x90056ac0       0x14 third_party/libDaisy/build/libdaisy.a(stm32h7xx_ll_fmc.o)
                0x90056ac0                FMC_SDRAM_ProgramRefreshRate
 .text.USB_CoreInit
                0x90056ad4      0x144 third_party/libDaisy/build/libdaisy.a(stm32h7xx_ll_usb.o)
                0x90056ad4                USB_CoreInit
 .text.USB_SetTurnaroundTime
                0x90056c18       0xf4 third_party/libDaisy/build/libdaisy.a(stm32h7xx_ll_usb.o)
                0x90056c18                USB_SetTurnaroundTime
 .text.USB_EnableGlobalInt
                0x90056d0c       0x10 third_party/libDaisy/build/libdaisy.a(stm32h7xx_ll_usb.o)
                0x90056d0c                USB_EnableGlobalInt
 .text.USB_DisableGlobalInt
                0x90056d1c       0x10 third_party/libDaisy/build/libdaisy.a(stm32h7xx_ll_usb.o)
                0x90056d1c                USB_DisableGlobalInt
 .text.USB_SetCurrentMode
                0x90056d2c       0x6c third_party/libDaisy/build/libdaisy.a(stm32h7xx_ll_usb.o)
                0x90056d2c                USB_SetCurrentMode
 .text.USB_DevInit
                0x90056d98      0x2d0 third_party/libDaisy/build/libdaisy.a(stm32h7xx_ll_usb.o)
                0x90056d98                USB_DevInit
 .text.USB_FlushTxFifo
                0x90057068       0x54 third_party/libDaisy/build/libdaisy.a(stm32h7xx_ll_usb.o)
                0x90057068                USB_FlushTxFifo
 .text.USB_FlushRxFifo
                0x900570bc       0x50 third_party/libDaisy/build/libdaisy.a(stm32h7xx_ll_usb.o)
                0x900570bc                USB_FlushRxFifo
 .text.USB_GetDevSpeed
                0x9005710c       0x18 third_party/libDaisy/build/libdaisy.a(stm32h7xx_ll_usb.o)
                0x9005710c                USB_GetDevSpeed
 .text.USB_ActivateEndpoint
                0x90057124       0x94 third_party/libDaisy/build/libdaisy.a(stm32h7xx_ll_usb.o)
                0x90057124                USB_ActivateEndpoint
 .text.USB_DeactivateEndpoint
                0x900571b8       0xbc third_party/libDaisy/build/libdaisy.a(stm32h7xx_ll_usb.o)
                0x900571b8                USB_DeactivateEndpoint
 .text.USB_EPStartXfer
                0x90057274      0x268 third_party/libDaisy/build/libdaisy.a(stm32h7xx_ll_usb.o)
                0x90057274                USB_EPStartXfer
 .text.USB_EPStopXfer
                0x900574dc       0x9c third_party/libDaisy/build/libdaisy.a(stm32h7xx_ll_usb.o)
                0x900574dc                USB_EPStopXfer
 .text.USB_WritePacket
                0x90057578       0x28 third_party/libDaisy/build/libdaisy.a(stm32h7xx_ll_usb.o)
                0x90057578                USB_WritePacket
 .text.USB_ReadPacket
                0x900575a0       0x50 third_party/libDaisy/build/libdaisy.a(stm32h7xx_ll_usb.o)
                0x900575a0                USB_ReadPacket
 .text.USB_EPSetStall
                0x900575f0       0x68 third_party/libDaisy/build/libdaisy.a(stm32h7xx_ll_usb.o)
                0x900575f0                USB_EPSetStall
 .text.USB_EPClearStall
                0x90057658       0x58 third_party/libDaisy/build/libdaisy.a(stm32h7xx_ll_usb.o)
                0x90057658                USB_EPClearStall
 .text.USB_SetDevAddress
                0x900576b0       0x24 third_party/libDaisy/build/libdaisy.a(stm32h7xx_ll_usb.o)
                0x900576b0                USB_SetDevAddress
 .text.USB_DevConnect
                0x900576d4       0x20 third_party/libDaisy/build/libdaisy.a(stm32h7xx_ll_usb.o)
                0x900576d4                USB_DevConnect
 .text.USB_DevDisconnect
                0x900576f4       0x20 third_party/libDaisy/build/libdaisy.a(stm32h7xx_ll_usb.o)
                0x900576f4                USB_DevDisconnect
 .text.USB_ReadInterrupts
                0x90057714        0x8 third_party/libDaisy/build/libdaisy.a(stm32h7xx_ll_usb.o)
                0x90057714                USB_ReadInterrupts
 .text.USB_ReadChInterrupts
                0x9005771c       0x10 third_party/libDaisy/build/libdaisy.a(stm32h7xx_ll_usb.o)
                0x9005771c                USB_ReadChInterrupts
 .text.USB_ReadDevAllOutEpInterrupt
                0x9005772c       0x10 third_party/libDaisy/build/libdaisy.a(stm32h7xx_ll_usb.o)
                0x9005772c                USB_ReadDevAllOutEpInterrupt
 .text.USB_ReadDevAllInEpInterrupt
                0x9005773c       0x10 third_party/libDaisy/build/libdaisy.a(stm32h7xx_ll_usb.o)
                0x9005773c                USB_ReadDevAllInEpInterrupt
 .text.USB_ReadDevOutEPInterrupt
                0x9005774c       0x10 third_party/libDaisy/build/libdaisy.a(stm32h7xx_ll_usb.o)
                0x9005774c                USB_ReadDevOutEPInterrupt
 .text.USB_ReadDevInEPInterrupt
                0x9005775c       0x20 third_party/libDaisy/build/libdaisy.a(stm32h7xx_ll_usb.o)
                0x9005775c                USB_ReadDevInEPInterrupt
 .text.USB_GetMode
                0x9005777c        0x8 third_party/libDaisy/build/libdaisy.a(stm32h7xx_ll_usb.o)
                0x9005777c                USB_GetMode
 .text.USB_ActivateSetup
                0x90057784       0x20 third_party/libDaisy/build/libdaisy.a(stm32h7xx_ll_usb.o)
                0x90057784                USB_ActivateSetup
 .text.USB_EP0_OutStart
                0x900577a4       0x54 third_party/libDaisy/build/libdaisy.a(stm32h7xx_ll_usb.o)
                0x900577a4                USB_EP0_OutStart
 .text.USB_InitFSLSPClkSel
                0x900577f8       0x44 third_party/libDaisy/build/libdaisy.a(stm32h7xx_ll_usb.o)
                0x900577f8                USB_InitFSLSPClkSel
 .text.USB_HC_ReadInterrupt
                0x9005783c        0x8 third_party/libDaisy/build/libdaisy.a(stm32h7xx_ll_usb.o)
                0x9005783c                USB_HC_ReadInterrupt
 .text.USB_HC_Halt
                0x90057844       0xd4 third_party/libDaisy/build/libdaisy.a(stm32h7xx_ll_usb.o)
                0x90057844                USB_HC_Halt
 .text.USB_StopHost
                0x90057918      0x1e8 third_party/libDaisy/build/libdaisy.a(stm32h7xx_ll_usb.o)
                0x90057918                USB_StopHost
 .text.USBD_Init
                0x90057b00       0x48 third_party/libDaisy/build/libdaisy.a(usbd_core.o)
                0x90057b00                USBD_Init
 .text.USBD_RegisterClass
                0x90057b48       0x54 third_party/libDaisy/build/libdaisy.a(usbd_core.o)
                0x90057b48                USBD_RegisterClass
 .text.USBD_Start
                0x90057b9c        0x4 third_party/libDaisy/build/libdaisy.a(usbd_core.o)
                0x90057b9c                USBD_Start
 .text.USBD_SetClassConfig
                0x90057ba0       0x10 third_party/libDaisy/build/libdaisy.a(usbd_core.o)
                0x90057ba0                USBD_SetClassConfig
 .text.USBD_ClrClassConfig
                0x90057bb0       0x14 third_party/libDaisy/build/libdaisy.a(usbd_core.o)
                0x90057bb0                USBD_ClrClassConfig
 .text.USBD_LL_SetupStage
                0x90057bc4       0x6c third_party/libDaisy/build/libdaisy.a(usbd_core.o)
                0x90057bc4                USBD_LL_SetupStage
 .text.USBD_LL_DataOutStage
                0x90057c30       0x7c third_party/libDaisy/build/libdaisy.a(usbd_core.o)
                0x90057c30                USBD_LL_DataOutStage
 .text.USBD_LL_DataInStage
                0x90057cac       0xcc third_party/libDaisy/build/libdaisy.a(usbd_core.o)
                0x90057cac                USBD_LL_DataInStage
 .text.USBD_LL_Reset
                0x90057d78       0x5c third_party/libDaisy/build/libdaisy.a(usbd_core.o)
                0x90057d78                USBD_LL_Reset
 .text.USBD_LL_SetSpeed
                0x90057dd4        0x8 third_party/libDaisy/build/libdaisy.a(usbd_core.o)
                0x90057dd4                USBD_LL_SetSpeed
 .text.USBD_LL_Suspend
                0x90057ddc       0x1c third_party/libDaisy/build/libdaisy.a(usbd_core.o)
                0x90057ddc                USBD_LL_Suspend
 .text.USBD_LL_Resume
                0x90057df8       0x14 third_party/libDaisy/build/libdaisy.a(usbd_core.o)
                0x90057df8                USBD_LL_Resume
 .text.USBD_LL_SOF
                0x90057e0c       0x20 third_party/libDaisy/build/libdaisy.a(usbd_core.o)
                0x90057e0c                USBD_LL_SOF
 .text.USBD_LL_IsoINIncomplete
                0x90057e2c       0x2c third_party/libDaisy/build/libdaisy.a(usbd_core.o)
                0x90057e2c                USBD_LL_IsoINIncomplete
 .text.USBD_LL_IsoOUTIncomplete
                0x90057e58       0x2c third_party/libDaisy/build/libdaisy.a(usbd_core.o)
                0x90057e58                USBD_LL_IsoOUTIncomplete
 .text.USBD_LL_DevConnected
                0x90057e84        0x4 third_party/libDaisy/build/libdaisy.a(usbd_core.o)
                0x90057e84                USBD_LL_DevConnected
 .text.USBD_LL_DevDisconnected
                0x90057e88       0x24 third_party/libDaisy/build/libdaisy.a(usbd_core.o)
                0x90057e88                USBD_LL_DevDisconnected
 .text.USBD_CoreFindIF
                0x90057eac        0x4 third_party/libDaisy/build/libdaisy.a(usbd_core.o)
                0x90057eac                USBD_CoreFindIF
 .text.USBD_CoreFindEP
                0x90057eb0        0x4 third_party/libDaisy/build/libdaisy.a(usbd_core.o)
                0x90057eb0                USBD_CoreFindEP
 .text.USBD_StdDevReq
                0x90057eb4      0x3ac third_party/libDaisy/build/libdaisy.a(usbd_ctlreq.o)
                0x90057eb4                USBD_StdDevReq
 .text.USBD_StdItfReq
                0x90058260       0x8c third_party/libDaisy/build/libdaisy.a(usbd_ctlreq.o)
                0x90058260                USBD_StdItfReq
 .text.USBD_StdEPReq
                0x900582ec      0x1bc third_party/libDaisy/build/libdaisy.a(usbd_ctlreq.o)
                0x900582ec                USBD_StdEPReq
 .text.USBD_ParseSetupRequest
                0x900584a8       0x18 third_party/libDaisy/build/libdaisy.a(usbd_ctlreq.o)
                0x900584a8                USBD_ParseSetupRequest
 .text.USBD_CtlError
                0x900584c0       0x18 third_party/libDaisy/build/libdaisy.a(usbd_ctlreq.o)
                0x900584c0                USBD_CtlError
 .text.USBD_GetString
                0x900584d8       0x64 third_party/libDaisy/build/libdaisy.a(usbd_ctlreq.o)
                0x900584d8                USBD_GetString
 .text.USBD_CtlSendData
                0x9005853c       0x1c third_party/libDaisy/build/libdaisy.a(usbd_ioreq.o)
                0x9005853c                USBD_CtlSendData
 .text.USBD_CtlContinueSendData
                0x90058558       0x10 third_party/libDaisy/build/libdaisy.a(usbd_ioreq.o)
                0x90058558                USBD_CtlContinueSendData
 .text.USBD_CtlPrepareRx
                0x90058568       0x1c third_party/libDaisy/build/libdaisy.a(usbd_ioreq.o)
                0x90058568                USBD_CtlPrepareRx
 .text.USBD_CtlContinueRx
                0x90058584       0x10 third_party/libDaisy/build/libdaisy.a(usbd_ioreq.o)
                0x90058584                USBD_CtlContinueRx
 .text.USBD_CtlSendStatus
                0x90058594       0x18 third_party/libDaisy/build/libdaisy.a(usbd_ioreq.o)
                0x90058594                USBD_CtlSendStatus
 .text.USBD_CtlReceiveStatus
                0x900585ac       0x18 third_party/libDaisy/build/libdaisy.a(usbd_ioreq.o)
                0x900585ac                USBD_CtlReceiveStatus
 .text.USBH_MIDI_SetReceiveCallback
                0x900585c4        0xc third_party/libDaisy/build/libdaisy.a(usbh_midi.o)
                0x900585c4                USBH_MIDI_SetReceiveCallback
 .text.USBH_LL_IncTimer
                0x900585d0       0x20 third_party/libDaisy/build/libdaisy.a(usbh_core.o)
                0x900585d0                USBH_LL_IncTimer
 .text.USBH_LL_PortEnabled
                0x900585f0        0x8 third_party/libDaisy/build/libdaisy.a(usbh_core.o)
                0x900585f0                USBH_LL_PortEnabled
 .text.USBH_LL_PortDisabled
                0x900585f8        0x8 third_party/libDaisy/build/libdaisy.a(usbh_core.o)
                0x900585f8                USBH_LL_PortDisabled
 .text.USBH_LL_Connect
                0x90058600       0x18 third_party/libDaisy/build/libdaisy.a(usbh_core.o)
                0x90058600                USBH_LL_Connect
 .text.USBH_LL_Disconnect
                0x90058618       0x2c third_party/libDaisy/build/libdaisy.a(usbh_core.o)
                0x90058618                USBH_LL_Disconnect
 .text.USBH_FreePipe
                0x90058644       0x18 third_party/libDaisy/build/libdaisy.a(usbh_pipes.o)
                0x90058644                USBH_FreePipe
 .text.DummyRxCallback
                0x9005865c        0x4 third_party/libDaisy/build/libdaisy.a(usb.o)
                0x9005865c                DummyRxCallback
 .text._ZN5daisy9UsbHandle4InitENS0_9UsbPeriphE
                0x90058660      0x114 third_party/libDaisy/build/libdaisy.a(usb.o)
                0x90058660                daisy::UsbHandle::Init(daisy::UsbHandle::UsbPeriph)
 .text._ZN5daisy9UsbHandle18SetReceiveCallbackEPFvPhPmENS0_9UsbPeriphE
                0x90058774       0x44 third_party/libDaisy/build/libdaisy.a(usb.o)
                0x90058774                daisy::UsbHandle::SetReceiveCallback(void (*)(unsigned char*, unsigned long*), daisy::UsbHandle::UsbPeriph)
 .text.OTG_FS_EP1_OUT_IRQHandler
                0x900587b8        0xc third_party/libDaisy/build/libdaisy.a(usb.o)
                0x900587b8                OTG_FS_EP1_OUT_IRQHandler
 .text.OTG_FS_EP1_IN_IRQHandler
                0x900587c4        0xc third_party/libDaisy/build/libdaisy.a(usb.o)
                0x900587c4                OTG_FS_EP1_IN_IRQHandler
 .text.OTG_FS_IRQHandler
                0x900587d0        0xc third_party/libDaisy/build/libdaisy.a(usb.o)
                0x900587d0                OTG_FS_IRQHandler
 *fill*         0x900587dc        0x4 
 .text.startup._GLOBAL__sub_I_hUsbHostHS
                0x900587e0       0x30 third_party/libDaisy/build/libdaisy.a(usb_host.o)
 .text._ZN5daisy6Random4InitEv
                0x90058810       0x3c third_party/libDaisy/build/libdaisy.a(rng.o)
                0x90058810                daisy::Random::Init()
 .text.dummy_rx_callback
                0x9005884c        0x4 third_party/libDaisy/build/libdaisy.a(usbd_cdc_if.o)
                0x9005884c                dummy_rx_callback
 .text.CDC_DeInit_FS
                0x90058850        0x4 third_party/libDaisy/build/libdaisy.a(usbd_cdc_if.o)
 .text.CDC_Receive_FS
                0x90058854       0x2c third_party/libDaisy/build/libdaisy.a(usbd_cdc_if.o)
 .text.CDC_Receive_HS
                0x90058880       0x2c third_party/libDaisy/build/libdaisy.a(usbd_cdc_if.o)
 .text.CDC_Init_FS
                0x900588ac       0x3c third_party/libDaisy/build/libdaisy.a(usbd_cdc_if.o)
 .text.CDC_Init_HS
                0x900588e8       0x3c third_party/libDaisy/build/libdaisy.a(usbd_cdc_if.o)
 .text.CDC_Control_FS
                0x90058924       0x38 third_party/libDaisy/build/libdaisy.a(usbd_cdc_if.o)
 .text.CDC_Control_HS
                0x9005895c       0x38 third_party/libDaisy/build/libdaisy.a(usbd_cdc_if.o)
 .text.CDC_DeInit_HS
                0x90058994        0x4 third_party/libDaisy/build/libdaisy.a(usbd_cdc_if.o)
 .text.CDC_Set_Rx_Callback_FS
                0x90058998        0xc third_party/libDaisy/build/libdaisy.a(usbd_cdc_if.o)
                0x90058998                CDC_Set_Rx_Callback_FS
 .text.CDC_Set_Rx_Callback_HS
                0x900589a4        0xc third_party/libDaisy/build/libdaisy.a(usbd_cdc_if.o)
                0x900589a4                CDC_Set_Rx_Callback_HS
 .text.USBD_HS_DeviceDescriptor
                0x900589b0        0xc third_party/libDaisy/build/libdaisy.a(usbd_desc.o)
                0x900589b0                USBD_HS_DeviceDescriptor
 .text.USBD_FS_DeviceDescriptor
                0x900589bc        0xc third_party/libDaisy/build/libdaisy.a(usbd_desc.o)
                0x900589bc                USBD_FS_DeviceDescriptor
 .text.USBD_FS_LangIDStrDescriptor
                0x900589c8        0xc third_party/libDaisy/build/libdaisy.a(usbd_desc.o)
                0x900589c8                USBD_FS_LangIDStrDescriptor
 .text.USBD_FS_ManufacturerStrDescriptor
                0x900589d4       0x18 third_party/libDaisy/build/libdaisy.a(usbd_desc.o)
                0x900589d4                USBD_FS_ManufacturerStrDescriptor
 .text.USBD_HS_ProductStrDescriptor
                0x900589ec       0x18 third_party/libDaisy/build/libdaisy.a(usbd_desc.o)
                0x900589ec                USBD_HS_ProductStrDescriptor
 .text.USBD_FS_ConfigStrDescriptor
                0x90058a04       0x18 third_party/libDaisy/build/libdaisy.a(usbd_desc.o)
                0x90058a04                USBD_FS_ConfigStrDescriptor
 .text.USBD_FS_InterfaceStrDescriptor
                0x90058a1c       0x18 third_party/libDaisy/build/libdaisy.a(usbd_desc.o)
                0x90058a1c                USBD_FS_InterfaceStrDescriptor
 .text.USBD_FS_ProductStrDescriptor
                0x90058a34       0x18 third_party/libDaisy/build/libdaisy.a(usbd_desc.o)
                0x90058a34                USBD_FS_ProductStrDescriptor
 .text.USBD_HS_LangIDStrDescriptor
                0x90058a4c        0xc third_party/libDaisy/build/libdaisy.a(usbd_desc.o)
                0x90058a4c                USBD_HS_LangIDStrDescriptor
 .text.USBD_HS_ManufacturerStrDescriptor
                0x90058a58       0x18 third_party/libDaisy/build/libdaisy.a(usbd_desc.o)